Archive member included to satisfy reference by file (symbol)

/usr/lib/gcc/arm-none-eabi/10.3.1/thumb/v6-m/nofp/libgcc.a(_dvmd_tls.o)
                              CMakeFiles/carrier_receiver_baseband.dir/home/arshavin/uu/master/WCNES_PROJ/pico-sdk/src/rp2_common/pico_divider/divider_hardware.S.o (__aeabi_idiv0)
/usr/lib/gcc/arm-none-eabi/10.3.1/../../../arm-none-eabi/lib/thumb/v6-m/nofp/libg.a(lib_a-atexit.o)
                              /usr/lib/gcc/arm-none-eabi/10.3.1/../../../arm-none-eabi/lib/thumb/v6-m/nofp/crt0.o (atexit)
/usr/lib/gcc/arm-none-eabi/10.3.1/../../../arm-none-eabi/lib/thumb/v6-m/nofp/libg.a(lib_a-calloc.o)
                              CMakeFiles/carrier_receiver_baseband.dir/home/arshavin/uu/master/WCNES_PROJ/pico-sdk/src/rp2_common/pico_malloc/malloc.c.o (calloc)
/usr/lib/gcc/arm-none-eabi/10.3.1/../../../arm-none-eabi/lib/thumb/v6-m/nofp/libg.a(lib_a-callocr.o)
                              /usr/lib/gcc/arm-none-eabi/10.3.1/../../../arm-none-eabi/lib/thumb/v6-m/nofp/libg.a(lib_a-calloc.o) (_calloc_r)
/usr/lib/gcc/arm-none-eabi/10.3.1/../../../arm-none-eabi/lib/thumb/v6-m/nofp/libg.a(lib_a-fini.o)
                              /usr/lib/gcc/arm-none-eabi/10.3.1/../../../arm-none-eabi/lib/thumb/v6-m/nofp/crt0.o (__libc_fini_array)
/usr/lib/gcc/arm-none-eabi/10.3.1/../../../arm-none-eabi/lib/thumb/v6-m/nofp/libg.a(lib_a-impure.o)
                              /usr/lib/gcc/arm-none-eabi/10.3.1/../../../arm-none-eabi/lib/thumb/v6-m/nofp/libg.a(lib_a-calloc.o) (_impure_ptr)
/usr/lib/gcc/arm-none-eabi/10.3.1/../../../arm-none-eabi/lib/thumb/v6-m/nofp/libg.a(lib_a-init.o)
                              /usr/lib/gcc/arm-none-eabi/10.3.1/../../../arm-none-eabi/lib/thumb/v6-m/nofp/crt0.o (__libc_init_array)
/usr/lib/gcc/arm-none-eabi/10.3.1/../../../arm-none-eabi/lib/thumb/v6-m/nofp/libg.a(lib_a-lcltime_r.o)
                              CMakeFiles/carrier_receiver_baseband.dir/home/arshavin/uu/master/WCNES_PROJ/pico-sdk/src/common/pico_util/datetime.c.o (localtime_r)
/usr/lib/gcc/arm-none-eabi/10.3.1/../../../arm-none-eabi/lib/thumb/v6-m/nofp/libg.a(lib_a-malloc.o)
                              CMakeFiles/carrier_receiver_baseband.dir/home/arshavin/uu/master/WCNES_PROJ/pico-sdk/src/rp2_common/pico_malloc/malloc.c.o (malloc)
/usr/lib/gcc/arm-none-eabi/10.3.1/../../../arm-none-eabi/lib/thumb/v6-m/nofp/libg.a(lib_a-mallocr.o)
                              /usr/lib/gcc/arm-none-eabi/10.3.1/../../../arm-none-eabi/lib/thumb/v6-m/nofp/libg.a(lib_a-callocr.o) (_malloc_r)
/usr/lib/gcc/arm-none-eabi/10.3.1/../../../arm-none-eabi/lib/thumb/v6-m/nofp/libg.a(lib_a-memcmp.o)
                              CMakeFiles/carrier_receiver_baseband.dir/home/arshavin/uu/master/WCNES_PROJ/pico-sdk/src/rp2_common/pico_atomic/atomic.c.o (memcmp)
/usr/lib/gcc/arm-none-eabi/10.3.1/../../../arm-none-eabi/lib/thumb/v6-m/nofp/libg.a(lib_a-mktime.o)
                              CMakeFiles/carrier_receiver_baseband.dir/home/arshavin/uu/master/WCNES_PROJ/pico-sdk/src/common/pico_util/datetime.c.o (mktime)
/usr/lib/gcc/arm-none-eabi/10.3.1/../../../arm-none-eabi/lib/thumb/v6-m/nofp/libg.a(lib_a-mlock.o)
                              /usr/lib/gcc/arm-none-eabi/10.3.1/../../../arm-none-eabi/lib/thumb/v6-m/nofp/libg.a(lib_a-mallocr.o) (__malloc_lock)
/usr/lib/gcc/arm-none-eabi/10.3.1/../../../arm-none-eabi/lib/thumb/v6-m/nofp/libg.a(lib_a-month_lengths.o)
                              /usr/lib/gcc/arm-none-eabi/10.3.1/../../../arm-none-eabi/lib/thumb/v6-m/nofp/libg.a(lib_a-lcltime_r.o) (__month_lengths)
/usr/lib/gcc/arm-none-eabi/10.3.1/../../../arm-none-eabi/lib/thumb/v6-m/nofp/libg.a(lib_a-realloc.o)
                              CMakeFiles/carrier_receiver_baseband.dir/home/arshavin/uu/master/WCNES_PROJ/pico-sdk/src/rp2_common/pico_malloc/malloc.c.o (realloc)
/usr/lib/gcc/arm-none-eabi/10.3.1/../../../arm-none-eabi/lib/thumb/v6-m/nofp/libg.a(lib_a-reallocr.o)
                              /usr/lib/gcc/arm-none-eabi/10.3.1/../../../arm-none-eabi/lib/thumb/v6-m/nofp/libg.a(lib_a-realloc.o) (_realloc_r)
/usr/lib/gcc/arm-none-eabi/10.3.1/../../../arm-none-eabi/lib/thumb/v6-m/nofp/libg.a(lib_a-sbrkr.o)
                              /usr/lib/gcc/arm-none-eabi/10.3.1/../../../arm-none-eabi/lib/thumb/v6-m/nofp/libg.a(lib_a-mallocr.o) (_sbrk_r)
/usr/lib/gcc/arm-none-eabi/10.3.1/../../../arm-none-eabi/lib/thumb/v6-m/nofp/libg.a(lib_a-strlen-stub.o)
                              CMakeFiles/carrier_receiver_baseband.dir/home/arshavin/uu/master/WCNES_PROJ/pico-sdk/src/rp2_common/pico_stdio/stdio.c.o (strlen)
/usr/lib/gcc/arm-none-eabi/10.3.1/../../../arm-none-eabi/lib/thumb/v6-m/nofp/libg.a(lib_a-tzcalc_limits.o)
                              /usr/lib/gcc/arm-none-eabi/10.3.1/../../../arm-none-eabi/lib/thumb/v6-m/nofp/libg.a(lib_a-lcltime_r.o) (__tzcalc_limits)
/usr/lib/gcc/arm-none-eabi/10.3.1/../../../arm-none-eabi/lib/thumb/v6-m/nofp/libg.a(lib_a-tzlock.o)
[...]
Memory Configuration

Name             Origin             Length             Attributes
FLASH            0x0000000010000000 0x0000000000200000 xr
RAM              0x0000000020000000 0x0000000000040000 xrw
SCRATCH_X        0x0000000020040000 0x0000000000001000 xrw
SCRATCH_Y        0x0000000020041000 0x0000000000001000 xrw
*default*        0x0000000000000000 0xffffffffffffffff

Linker script and memory map

LOAD /usr/lib/gcc/arm-none-eabi/10.3.1/thumb/v6-m/nofp/crti.o
LOAD /usr/lib/gcc/arm-none-eabi/10.3.1/thumb/v6-m/nofp/crtbegin.o
LOAD /usr/lib/gcc/arm-none-eabi/10.3.1/../../../arm-none-eabi/lib/thumb/v6-m/nofp/crt0.o

.flash_begin    0x0000000010000000        0x0
                0x0000000010000000                __flash_binary_start = .

.boot2          0x0000000010000000      0x100
                0x0000000010000000                __boot2_start__ = .
 *(.boot2)
 .boot2         0x0000000010000000      0x100 pico-sdk/src/rp2040/boot_stage2/CMakeFiles/bs2_default_library.dir/bs2_default_padded_checksummed.S.o
                0x0000000010000100                __boot2_end__ = .
                0x0000000000000001                ASSERT (((__boot2_end__ - __boot2_start__) == 0x100), ERROR: Pico second stage bootloader must be 256 bytes in size)

.text           0x0000000010000100     0x81c4
                0x0000000010000100                __logical_binary_start = .
 *(.vectors)
 .vectors       0x0000000010000100       0xd4 CMakeFiles/carrier_receiver_baseband.dir/home/arshavin/uu/master/WCNES_PROJ/pico-sdk/src/rp2_common/pico_crt0/crt0.S.o
                0x0000000010000100                __vectors
                0x0000000010000100                __VECTOR_TABLE
                0x00000000100001c0                isr_invalid
                0x00000000100001c0                __default_isrs_start
                0x00000000100001c2                isr_nmi
                0x00000000100001c4                isr_hardfault
                0x00000000100001c6                isr_svcall
                0x00000000100001c8                isr_pendsv
                0x00000000100001ca                isr_systick
                0x00000000100001cc                isr_irq30
                0x00000000100001cc                __unhandled_user_irq
                0x00000000100001cc                isr_irq13
                0x00000000100001cc                isr_irq27
                0x00000000100001cc                isr_irq31
                0x00000000100001cc                isr_irq5
                0x00000000100001cc                isr_irq11
                0x00000000100001cc                isr_irq23
                0x00000000100001cc                isr_irq18
                0x00000000100001cc                isr_irq28
                0x00000000100001cc                isr_irq19
                0x00000000100001cc                isr_irq0
                0x00000000100001cc                isr_irq6
                0x00000000100001cc                isr_irq22
                0x00000000100001cc                isr_irq17
                0x00000000100001cc                isr_irq14
                0x00000000100001cc                isr_irq2
                0x00000000100001cc                isr_irq10
                0x00000000100001cc                isr_irq8
                0x00000000100001cc                isr_irq24
                0x00000000100001cc                isr_irq1
                0x00000000100001cc                isr_irq7
                0x00000000100001cc                isr_irq21
                0x00000000100001cc                isr_irq20
                0x00000000100001cc                isr_irq15
                0x00000000100001cc                isr_irq25
                0x00000000100001cc                isr_irq4
                0x00000000100001cc                isr_irq16
                0x00000000100001cc                isr_irq29
                0x00000000100001cc                isr_irq26
                0x00000000100001cc                __default_isrs_end
                0x00000000100001cc                isr_irq3
                0x00000000100001cc                isr_irq12
                0x00000000100001cc                isr_irq9
                0x00000000100001d2                unhandled_user_irq_num_in_r0
 *(.binary_info_header)
 .binary_info_header
                0x00000000100001d4       0x14 CMakeFiles/carrier_receiver_baseband.dir/home/arshavin/uu/master/WCNES_PROJ/pico-sdk/src/rp2_common/pico_crt0/crt0.S.o
                0x00000000100001e8                __binary_info_header_end = .
 *(.embedded_block)
                0x00000000100001e8                __embedded_block_end = .
 *(.reset)
 .reset         0x00000000100001e8       0x9c CMakeFiles/carrier_receiver_baseband.dir/home/arshavin/uu/master/WCNES_PROJ/pico-sdk/src/rp2_common/pico_crt0/crt0.S.o
                0x00000000100001e8                _entry_point
 *(.init)
 .init          0x0000000010000284        0x4 /usr/lib/gcc/arm-none-eabi/10.3.1/thumb/v6-m/nofp/crti.o
                0x0000000010000284                _init
 *(EXCLUDE_FILE(*libm.a: *libc.a:*lib_a-mem*.o *libgcc.a:) .text*)
 .text          0x0000000010000288       0x98 /usr/lib/gcc/arm-none-eabi/10.3.1/thumb/v6-m/nofp/crtbegin.o
 .text.startup.main
                0x0000000010000320      0x150 CMakeFiles/carrier_receiver_baseband.dir/main.c.o
                0x0000000010000320                main
 .text.packet_hdr_template
                0x0000000010000470       0x1c CMakeFiles/carrier_receiver_baseband.dir/home/arshavin/uu/master/WCNES_PROJ/wcnes-project2025/project_pico_libs/packet_generation.c.o
                0x0000000010000470                packet_hdr_template
 .text.generate_sample
                0x000000001000048c      0x100 CMakeFiles/carrier_receiver_baseband.dir/home/arshavin/uu/master/WCNES_PROJ/wcnes-project2025/project_pico_libs/packet_generation.c.o
                0x000000001000048c                generate_sample
 .text.generate_data
                0x000000001000058c       0x54 CMakeFiles/carrier_receiver_baseband.dir/home/arshavin/uu/master/WCNES_PROJ/wcnes-project2025/project_pico_libs/packet_generation.c.o
                0x000000001000058c                generate_data
 .text.add_header
                0x00000000100005e0       0x44 CMakeFiles/carrier_receiver_baseband.dir/home/arshavin/uu/master/WCNES_PROJ/wcnes-project2025/project_pico_libs/packet_generation.c.o
                0x00000000100005e0                add_header
 .text.generatePIOprogram
                0x0000000010000624      0x590 CMakeFiles/carrier_receiver_baseband.dir/home/arshavin/uu/master/WCNES_PROJ/wcnes-project2025/project_pico_libs/backscatter.c.o
                0x0000000010000624                generatePIOprogram
 .text.backscatter_program_init
                0x0000000010000bb4      0x304 CMakeFiles/carrier_receiver_baseband.dir/home/arshavin/uu/master/WCNES_PROJ/wcnes-project2025/project_pico_libs/backscatter.c.o
                0x0000000010000bb4                backscatter_program_init
 .text.backscatter_send
                0x0000000010000eb8       0x34 CMakeFiles/carrier_receiver_baseband.dir/home/arshavin/uu/master/WCNES_PROJ/wcnes-project2025/project_pico_libs/backscatter.c.o
                0x0000000010000eb8                backscatter_send
 .text.gpio_set_function
                0x0000000010000eec       0x34 CMakeFiles/carrier_receiver_baseband.dir/home/arshavin/uu/master/WCNES_PROJ/pico-sdk/src/rp2_common/hardware_gpio/gpio.c.o
                0x0000000010000eec                gpio_set_function
 .text.rp2040_chip_version
                0x0000000010000f20        0xc CMakeFiles/carrier_receiver_baseband.dir/home/arshavin/uu/master/WCNES_PROJ/pico-sdk/src/rp2040/pico_platform/platform.c.o
                0x0000000010000f20                rp2040_chip_version
 .text.panic    0x0000000010000f2c       0x30 CMakeFiles/carrier_receiver_baseband.dir/home/arshavin/uu/master/WCNES_PROJ/pico-sdk/src/rp2_common/pico_platform_panic/panic.c.o
                0x0000000010000f2c                panic
 .text.hw_claim_lock
                0x0000000010000f5c       0x18 CMakeFiles/carrier_receiver_baseband.dir/home/arshavin/uu/master/WCNES_PROJ/pico-sdk/src/common/hardware_claim/claim.c.o
                0x0000000010000f5c                hw_claim_lock
 .text.hw_claim_unlock
                0x0000000010000f74       0x14 CMakeFiles/carrier_receiver_baseband.dir/home/arshavin/uu/master/WCNES_PROJ/pico-sdk/src/common/hardware_claim/claim.c.o
                0x0000000010000f74                hw_claim_unlock
 .text.hw_claim_or_assert
                0x0000000010000f88       0x44 CMakeFiles/carrier_receiver_baseband.dir/home/arshavin/uu/master/WCNES_PROJ/pico-sdk/src/common/hardware_claim/claim.c.o
                0x0000000010000f88                hw_claim_or_assert
 .text.hw_claim_unused_from_range
                0x0000000010000fcc       0x9c CMakeFiles/carrier_receiver_baseband.dir/home/arshavin/uu/master/WCNES_PROJ/pico-sdk/src/common/hardware_claim/claim.c.o
                0x0000000010000fcc                hw_claim_unused_from_range
 .text.next_striped_spin_lock_num
                0x0000000010001068       0x18 CMakeFiles/carrier_receiver_baseband.dir/home/arshavin/uu/master/WCNES_PROJ/pico-sdk/src/rp2_common/hardware_sync/sync.c.o
                0x0000000010001068                next_striped_spin_lock_num
 .text.spin_lock_claim_unused
                0x0000000010001080       0x20 CMakeFiles/carrier_receiver_baseband.dir/home/arshavin/uu/master/WCNES_PROJ/pico-sdk/src/rp2_common/hardware_sync/sync.c.o
                0x0000000010001080                spin_lock_claim_unused
 .text.spin_locks_reset
                0x00000000100010a0       0x1c CMakeFiles/carrier_receiver_baseband.dir/home/arshavin/uu/master/WCNES_PROJ/pico-sdk/src/rp2_common/hardware_sync_spin_lock/sync_spin_lock.c.o
                0x00000000100010a0                spin_locks_reset
 .text.runtime_init_per_core_irq_priorities
                0x00000000100010bc       0x24 CMakeFiles/carrier_receiver_baseband.dir/home/arshavin/uu/master/WCNES_PROJ/pico-sdk/src/rp2_common/hardware_irq/irq.c.o
                0x00000000100010bc                runtime_init_per_core_irq_priorities
 .text.irq_set_enabled
                0x00000000100010e0       0x24 CMakeFiles/carrier_receiver_baseband.dir/home/arshavin/uu/master/WCNES_PROJ/pico-sdk/src/rp2_common/hardware_irq/irq.c.o
                0x00000000100010e0                irq_set_enabled
 .text.irq_is_enabled
                0x0000000010001104       0x18 CMakeFiles/carrier_receiver_baseband.dir/home/arshavin/uu/master/WCNES_PROJ/pico-sdk/src/rp2_common/hardware_irq/irq.c.o
                0x0000000010001104                irq_is_enabled
 .text.irq_set_pending
                0x000000001000111c       0x10 CMakeFiles/carrier_receiver_baseband.dir/home/arshavin/uu/master/WCNES_PROJ/pico-sdk/src/rp2_common/hardware_irq/irq.c.o
                0x000000001000111c                irq_set_pending
 .text.irq_has_shared_handler
                0x000000001000112c       0x24 CMakeFiles/carrier_receiver_baseband.dir/home/arshavin/uu/master/WCNES_PROJ/pico-sdk/src/rp2_common/hardware_irq/irq.c.o
                0x000000001000112c                irq_has_shared_handler
 .text.irq_set_exclusive_handler
                0x0000000010001150       0x54 CMakeFiles/carrier_receiver_baseband.dir/home/arshavin/uu/master/WCNES_PROJ/pico-sdk/src/rp2_common/hardware_irq/irq.c.o
                0x0000000010001150                irq_set_exclusive_handler
 .text.irq_add_shared_handler
                0x00000000100011a4      0x1e8 CMakeFiles/carrier_receiver_baseband.dir/home/arshavin/uu/master/WCNES_PROJ/pico-sdk/src/rp2_common/hardware_irq/irq.c.o
                0x00000000100011a4                irq_add_shared_handler
 .text.irq_add_tail_to_free_list
                0x000000001000138c       0xb4 CMakeFiles/carrier_receiver_baseband.dir/home/arshavin/uu/master/WCNES_PROJ/pico-sdk/src/rp2_common/hardware_irq/irq.c.o
                0x000000001000138c                irq_add_tail_to_free_list
 .text.user_irq_claim_unused
                0x0000000010001440       0x28 CMakeFiles/carrier_receiver_baseband.dir/home/arshavin/uu/master/WCNES_PROJ/pico-sdk/src/rp2_common/hardware_irq/irq.c.o
                0x0000000010001440                user_irq_claim_unused
 .text.lock_init
                0x0000000010001468       0x10 CMakeFiles/carrier_receiver_baseband.dir/home/arshavin/uu/master/WCNES_PROJ/pico-sdk/src/common/pico_sync/lock_core.c.o
                0x0000000010001468                lock_init
 .text.runtime_init_mutex
                0x0000000010001478       0x58 CMakeFiles/carrier_receiver_baseband.dir/home/arshavin/uu/master/WCNES_PROJ/pico-sdk/src/common/pico_sync/mutex.c.o
                0x0000000010001478                runtime_init_mutex
 .text.mutex_init
                0x00000000100014d0       0x1c CMakeFiles/carrier_receiver_baseband.dir/home/arshavin/uu/master/WCNES_PROJ/pico-sdk/src/common/pico_sync/mutex.c.o
                0x00000000100014d0                mutex_init
 .text.critical_section_init
                0x00000000100014ec       0x20 CMakeFiles/carrier_receiver_baseband.dir/home/arshavin/uu/master/WCNES_PROJ/pico-sdk/src/common/pico_sync/critical_section.c.o
                0x00000000100014ec                critical_section_init
 .text.critical_section_init_with_lock_num
                0x000000001000150c       0x14 CMakeFiles/carrier_receiver_baseband.dir/home/arshavin/uu/master/WCNES_PROJ/pico-sdk/src/common/pico_sync/critical_section.c.o
                0x000000001000150c                critical_section_init_with_lock_num
 .text.sleep_until_callback
                0x0000000010001520       0x30 CMakeFiles/carrier_receiver_baseband.dir/home/arshavin/uu/master/WCNES_PROJ/pico-sdk/src/common/pico_time/time.c.o
 .text.alarm_pool_irq_handler
                0x0000000010001550      0x308 CMakeFiles/carrier_receiver_baseband.dir/home/arshavin/uu/master/WCNES_PROJ/pico-sdk/src/common/pico_time/time.c.o
 .text.runtime_init_default_alarm_pool
                0x0000000010001858       0xdc CMakeFiles/carrier_receiver_baseband.dir/home/arshavin/uu/master/WCNES_PROJ/pico-sdk/src/common/pico_time/time.c.o
                0x0000000010001858                runtime_init_default_alarm_pool
 .text.alarm_pool_get_default
                0x0000000010001934        0x8 CMakeFiles/carrier_receiver_baseband.dir/home/arshavin/uu/master/WCNES_PROJ/pico-sdk/src/common/pico_time/time.c.o
                0x0000000010001934                alarm_pool_get_default
 .text.alarm_pool_add_alarm_at
                0x000000001000193c       0xc8 CMakeFiles/carrier_receiver_baseband.dir/home/arshavin/uu/master/WCNES_PROJ/pico-sdk/src/common/pico_time/time.c.o
                0x000000001000193c                alarm_pool_add_alarm_at
 .text.alarm_pool_add_alarm_at_force_in_context
                0x0000000010001a04       0xb0 CMakeFiles/carrier_receiver_baseband.dir/home/arshavin/uu/master/WCNES_PROJ/pico-sdk/src/common/pico_time/time.c.o
                0x0000000010001a04                alarm_pool_add_alarm_at_force_in_context
 .text.alarm_pool_cancel_alarm
                0x0000000010001ab4       0x7c CMakeFiles/carrier_receiver_baseband.dir/home/arshavin/uu/master/WCNES_PROJ/pico-sdk/src/common/pico_time/time.c.o
                0x0000000010001ab4                alarm_pool_cancel_alarm
 .text.alarm_pool_core_num
                0x0000000010001b30        0x4 CMakeFiles/carrier_receiver_baseband.dir/home/arshavin/uu/master/WCNES_PROJ/pico-sdk/src/common/pico_time/time.c.o
                0x0000000010001b30                alarm_pool_core_num
 .text.sleep_until
                0x0000000010001b34       0xd0 CMakeFiles/carrier_receiver_baseband.dir/home/arshavin/uu/master/WCNES_PROJ/pico-sdk/src/common/pico_time/time.c.o
                0x0000000010001b34                sleep_until
 .text.sleep_ms
                0x0000000010001c04       0x34 CMakeFiles/carrier_receiver_baseband.dir/home/arshavin/uu/master/WCNES_PROJ/pico-sdk/src/common/pico_time/time.c.o
                0x0000000010001c04                sleep_ms
 .text.best_effort_wfe_or_timeout
                0x0000000010001c38       0xfc CMakeFiles/carrier_receiver_baseband.dir/home/arshavin/uu/master/WCNES_PROJ/pico-sdk/src/common/pico_time/time.c.o
                0x0000000010001c38                best_effort_wfe_or_timeout
 .text.timer_hardware_alarm_claim
                0x0000000010001d34       0x14 CMakeFiles/carrier_receiver_baseband.dir/home/arshavin/uu/master/WCNES_PROJ/pico-sdk/src/rp2_common/hardware_timer/timer.c.o
                0x0000000010001d34                timer_hardware_alarm_claim
 .text.timer_time_us_64
                0x0000000010001d48       0x10 CMakeFiles/carrier_receiver_baseband.dir/home/arshavin/uu/master/WCNES_PROJ/pico-sdk/src/rp2_common/hardware_timer/timer.c.o
                0x0000000010001d48                timer_time_us_64
 .text.time_us_64
                0x0000000010001d58       0x14 CMakeFiles/carrier_receiver_baseband.dir/home/arshavin/uu/master/WCNES_PROJ/pico-sdk/src/rp2_common/hardware_timer/timer.c.o
                0x0000000010001d58                time_us_64
 .text.busy_wait_until
                0x0000000010001d6c       0x20 CMakeFiles/carrier_receiver_baseband.dir/home/arshavin/uu/master/WCNES_PROJ/pico-sdk/src/rp2_common/hardware_timer/timer.c.o
                0x0000000010001d6c                busy_wait_until
 .text.clock_configure_int_divider
                0x0000000010001d8c       0xf4 CMakeFiles/carrier_receiver_baseband.dir/home/arshavin/uu/master/WCNES_PROJ/pico-sdk/src/rp2_common/hardware_clocks/clocks.c.o
                0x0000000010001d8c                clock_configure_int_divider
 .text.clock_configure_undivided
                0x0000000010001e80       0xe8 CMakeFiles/carrier_receiver_baseband.dir/home/arshavin/uu/master/WCNES_PROJ/pico-sdk/src/rp2_common/hardware_clocks/clocks.c.o
                0x0000000010001e80                clock_configure_undivided
 .text.clock_get_hz
                0x0000000010001f68        0xc CMakeFiles/carrier_receiver_baseband.dir/home/arshavin/uu/master/WCNES_PROJ/pico-sdk/src/rp2_common/hardware_clocks/clocks.c.o
                0x0000000010001f68                clock_get_hz
 .text.pll_init
                0x0000000010001f74       0xa0 CMakeFiles/carrier_receiver_baseband.dir/home/arshavin/uu/master/WCNES_PROJ/pico-sdk/src/rp2_common/hardware_pll/pll.c.o
                0x0000000010001f74                pll_init
 .text.watchdog_reboot
                0x0000000010002014       0x98 CMakeFiles/carrier_receiver_baseband.dir/home/arshavin/uu/master/WCNES_PROJ/pico-sdk/src/rp2_common/hardware_watchdog/watchdog.c.o
                0x0000000010002014                watchdog_reboot
 .text.tick_start
                0x00000000100020ac       0x10 CMakeFiles/carrier_receiver_baseband.dir/home/arshavin/uu/master/WCNES_PROJ/pico-sdk/src/rp2_common/hardware_ticks/ticks.c.o
                0x00000000100020ac                tick_start
 .text.rom_func_lookup
                0x00000000100020bc       0x10 CMakeFiles/carrier_receiver_baseband.dir/home/arshavin/uu/master/WCNES_PROJ/pico-sdk/src/rp2_common/pico_bootrom/bootrom.c.o
                0x00000000100020bc                rom_func_lookup
 .text.rom_data_lookup
                0x00000000100020cc       0x10 CMakeFiles/carrier_receiver_baseband.dir/home/arshavin/uu/master/WCNES_PROJ/pico-sdk/src/rp2_common/pico_bootrom/bootrom.c.o
                0x00000000100020cc                rom_data_lookup
 .text.rom_funcs_lookup
                0x00000000100020dc       0x44 CMakeFiles/carrier_receiver_baseband.dir/home/arshavin/uu/master/WCNES_PROJ/pico-sdk/src/rp2_common/pico_bootrom/bootrom.c.o
                0x00000000100020dc                rom_funcs_lookup
 .text.rom_reset_usb_boot_extra
                0x0000000010002120       0x28 CMakeFiles/carrier_receiver_baseband.dir/home/arshavin/uu/master/WCNES_PROJ/pico-sdk/src/rp2_common/pico_bootrom/bootrom.c.o
                0x0000000010002120                rom_reset_usb_boot_extra
 .text.xosc_init
                0x0000000010002148       0x28 CMakeFiles/carrier_receiver_baseband.dir/home/arshavin/uu/master/WCNES_PROJ/pico-sdk/src/rp2_common/hardware_xosc/xosc.c.o
                0x0000000010002148                xosc_init
 .text.first_per_core_initializer
                0x0000000010002170        0x4 CMakeFiles/carrier_receiver_baseband.dir/home/arshavin/uu/master/WCNES_PROJ/pico-sdk/src/rp2_common/pico_runtime/runtime.c.o
 .text.hard_assertion_failure
                0x0000000010002174        0xc CMakeFiles/carrier_receiver_baseband.dir/home/arshavin/uu/master/WCNES_PROJ/pico-sdk/src/rp2_common/pico_runtime/runtime.c.o
                0x0000000010002174                hard_assertion_failure
 .text.runtime_run_initializers
                0x0000000010002180       0x28 CMakeFiles/carrier_receiver_baseband.dir/home/arshavin/uu/master/WCNES_PROJ/pico-sdk/src/rp2_common/pico_runtime/runtime.c.o
                0x0000000010002180                runtime_run_initializers
 .text.runtime_init_early_resets
                0x00000000100021a8       0x2c CMakeFiles/carrier_receiver_baseband.dir/home/arshavin/uu/master/WCNES_PROJ/pico-sdk/src/rp2_common/pico_runtime_init/runtime_init.c.o
                0x00000000100021a8                runtime_init_early_resets
 .text.runtime_init_usb_power_down
                0x00000000100021d4       0x1c CMakeFiles/carrier_receiver_baseband.dir/home/arshavin/uu/master/WCNES_PROJ/pico-sdk/src/rp2_common/pico_runtime_init/runtime_init.c.o
                0x00000000100021d4                runtime_init_usb_power_down
 .text.runtime_init_post_clock_resets
                0x00000000100021f0       0x20 CMakeFiles/carrier_receiver_baseband.dir/home/arshavin/uu/master/WCNES_PROJ/pico-sdk/src/rp2_common/pico_runtime_init/runtime_init.c.o
                0x00000000100021f0                runtime_init_post_clock_resets
 .text.runtime_init_rp2040_gpio_ie_disable
                0x0000000010002210       0x14 CMakeFiles/carrier_receiver_baseband.dir/home/arshavin/uu/master/WCNES_PROJ/pico-sdk/src/rp2_common/pico_runtime_init/runtime_init.c.o
                0x0000000010002210                runtime_init_rp2040_gpio_ie_disable
 .text.runtime_init_spin_locks_reset
                0x0000000010002224        0x8 CMakeFiles/carrier_receiver_baseband.dir/home/arshavin/uu/master/WCNES_PROJ/pico-sdk/src/rp2_common/pico_runtime_init/runtime_init.c.o
                0x0000000010002224                runtime_init_spin_locks_reset
 .text.runtime_init_install_ram_vector_table
                0x000000001000222c       0x1c CMakeFiles/carrier_receiver_baseband.dir/home/arshavin/uu/master/WCNES_PROJ/pico-sdk/src/rp2_common/pico_runtime_init/runtime_init.c.o
                0x000000001000222c                runtime_init_install_ram_vector_table
 .text.runtime_init_clocks
                0x0000000010002248       0xd8 CMakeFiles/carrier_receiver_baseband.dir/home/arshavin/uu/master/WCNES_PROJ/pico-sdk/src/rp2_common/pico_runtime_init/runtime_init_clocks.c.o
                0x0000000010002248                runtime_init_clocks
 .text          0x0000000010002320       0x10 CMakeFiles/carrier_receiver_baseband.dir/home/arshavin/uu/master/WCNES_PROJ/pico-sdk/src/rp2_common/pico_bit_ops/bit_ops_aeabi.S.o
 .text.__wrap___aeabi_idiv
                0x0000000010002330       0x50 CMakeFiles/carrier_receiver_baseband.dir/home/arshavin/uu/master/WCNES_PROJ/pico-sdk/src/rp2_common/pico_divider/divider_hardware.S.o
                0x0000000010002330                __wrap___aeabi_idivmod
                0x0000000010002330                divmod_s32s32
                0x0000000010002330                div_s32s32
                0x0000000010002330                __wrap___aeabi_idiv
                0x0000000010002338                divmod_s32s32_unsafe
                0x0000000010002364                divmod_s32s32_savestate
 .text.__wrap___aeabi_uidiv
                0x0000000010002380       0x4c CMakeFiles/carrier_receiver_baseband.dir/home/arshavin/uu/master/WCNES_PROJ/pico-sdk/src/rp2_common/pico_divider/divider_hardware.S.o
                0x0000000010002380                __wrap___aeabi_uidiv
                0x0000000010002380                __wrap___aeabi_uidivmod
                0x0000000010002380                div_u32u32
                0x0000000010002380                divmod_u32u32
                0x0000000010002388                divmod_u32u32_unsafe
                0x00000000100023b0                divmod_u32u32_savestate
 .text.__wrap___aeabi_ldiv
                0x00000000100023cc      0x424 CMakeFiles/carrier_receiver_baseband.dir/home/arshavin/uu/master/WCNES_PROJ/pico-sdk/src/rp2_common/pico_divider/divider_hardware.S.o
                0x00000000100023cc                div_s64s64
                0x00000000100023cc                divmod_s64s64
                0x00000000100023cc                __wrap___aeabi_ldivmod
                0x00000000100023fc                div_u64u64
                0x00000000100023fc                divmod_u64u64
                0x00000000100023fc                __wrap___aeabi_uldivmod
                0x000000001000240c                divmod_u64u64_savestate
                0x000000001000242c                divmod_s64s64_unsafe
                0x00000000100024b4                divmod_u64u64_unsafe
 .text.push_r8_r11
                0x00000000100027f0        0xc CMakeFiles/carrier_receiver_baseband.dir/home/arshavin/uu/master/WCNES_PROJ/pico-sdk/src/rp2_common/pico_double/double_aeabi_rp2040.S.o
                0x00000000100027f0                push_r8_r11
 .text.pop_r8_r11
                0x00000000100027fc        0xc CMakeFiles/carrier_receiver_baseband.dir/home/arshavin/uu/master/WCNES_PROJ/pico-sdk/src/rp2_common/pico_double/double_aeabi_rp2040.S.o
                0x00000000100027fc                pop_r8_r11
 .text.__wrap___aeabi_darithmetic
                0x0000000010002808       0x80 CMakeFiles/carrier_receiver_baseband.dir/home/arshavin/uu/master/WCNES_PROJ/pico-sdk/src/rp2_common/pico_double/double_aeabi_rp2040.S.o
                0x0000000010002808                __wrap___aeabi_drsub
                0x000000001000280e                __wrap___aeabi_dsub
                0x0000000010002820                __wrap___aeabi_dadd
                0x0000000010002832                __wrap___aeabi_ddiv
                0x000000001000286e                __wrap___aeabi_dmul
 .text.__wrap___aeabi_cdcmple
                0x0000000010002888       0x6c CMakeFiles/carrier_receiver_baseband.dir/home/arshavin/uu/master/WCNES_PROJ/pico-sdk/src/rp2_common/pico_double/double_aeabi_rp2040.S.o
                0x0000000010002888                __wrap___aeabi_cdrcmple
                0x0000000010002898                __wrap___aeabi_cdcmple
                0x0000000010002898                __wrap___aeabi_cdcmpeq
 .text.__wrap___aeabi_dcmplt
                0x00000000100028f4        0xc CMakeFiles/carrier_receiver_baseband.dir/home/arshavin/uu/master/WCNES_PROJ/pico-sdk/src/rp2_common/pico_double/double_aeabi_rp2040.S.o
                0x00000000100028f4                __wrap___aeabi_dcmplt
 .text.__wrap___aeabi_dcmple
                0x0000000010002900       0x10 CMakeFiles/carrier_receiver_baseband.dir/home/arshavin/uu/master/WCNES_PROJ/pico-sdk/src/rp2_common/pico_double/double_aeabi_rp2040.S.o
                0x0000000010002900                __wrap___aeabi_dcmple
 .text.__wrap___aeabi_dcmpge
                0x0000000010002910       0x10 CMakeFiles/carrier_receiver_baseband.dir/home/arshavin/uu/master/WCNES_PROJ/pico-sdk/src/rp2_common/pico_double/double_aeabi_rp2040.S.o
                0x0000000010002910                __wrap___aeabi_dcmpge
 .text.__wrap___aeabi_dcmpgt
                0x0000000010002920        0xa CMakeFiles/carrier_receiver_baseband.dir/home/arshavin/uu/master/WCNES_PROJ/pico-sdk/src/rp2_common/pico_double/double_aeabi_rp2040.S.o
                0x0000000010002920                __wrap___aeabi_dcmpgt
 .text.__wrap___aeabi_dcmpun
                0x000000001000292a       0x18 CMakeFiles/carrier_receiver_baseband.dir/home/arshavin/uu/master/WCNES_PROJ/pico-sdk/src/rp2_common/pico_double/double_aeabi_rp2040.S.o
                0x000000001000292a                __wrap___aeabi_dcmpun
 *fill*         0x0000000010002942        0x2 
 .text.__wrap___aeabi_i2d
                0x0000000010002944       0x38 CMakeFiles/carrier_receiver_baseband.dir/home/arshavin/uu/master/WCNES_PROJ/pico-sdk/src/rp2_common/pico_double/double_aeabi_rp2040.S.o
                0x0000000010002944                __wrap___aeabi_ui2d
                0x0000000010002944                uint2double
                0x000000001000294c                __wrap___aeabi_i2d
                0x000000001000294c                int2double
 .text.__wrap___aeabi_d2iz
                0x000000001000297c       0x48 CMakeFiles/carrier_receiver_baseband.dir/home/arshavin/uu/master/WCNES_PROJ/pico-sdk/src/rp2_common/pico_double/double_aeabi_rp2040.S.o
                0x000000001000297c                __wrap___aeabi_d2iz
                0x000000001000297c                double2int_z
 .text.__wrap___aeabi_d2uiz
                0x00000000100029c4       0x18 CMakeFiles/carrier_receiver_baseband.dir/home/arshavin/uu/master/WCNES_PROJ/pico-sdk/src/rp2_common/pico_double/double_aeabi_rp2040.S.o
                0x00000000100029c4                double2uint_z
                0x00000000100029c4                double2uint
                0x00000000100029c4                __wrap___aeabi_d2uiz
 .text.fix642double
                0x00000000100029dc       0x18 CMakeFiles/carrier_receiver_baseband.dir/home/arshavin/uu/master/WCNES_PROJ/pico-sdk/src/rp2_common/pico_double/double_aeabi_rp2040.S.o
                0x00000000100029dc                fix642double
 .text.__wrap_srqt
                0x00000000100029f4       0x18 CMakeFiles/carrier_receiver_baseband.dir/home/arshavin/uu/master/WCNES_PROJ/pico-sdk/src/rp2_common/pico_double/double_aeabi_rp2040.S.o
                0x00000000100029f4                __wrap_sqrt
 .text.__wrap_sincostan_remainder
                0x0000000010002a0c       0x14 CMakeFiles/carrier_receiver_baseband.dir/home/arshavin/uu/master/WCNES_PROJ/pico-sdk/src/rp2_common/pico_double/double_aeabi_rp2040.S.o
                0x0000000010002a0c                sincostan_remainder
 .text.__wrap_cos
                0x0000000010002a20       0x2c CMakeFiles/carrier_receiver_baseband.dir/home/arshavin/uu/master/WCNES_PROJ/pico-sdk/src/rp2_common/pico_double/double_aeabi_rp2040.S.o
                0x0000000010002a20                __wrap_cos
 .text.__wrap_log
                0x0000000010002a4c       0x18 CMakeFiles/carrier_receiver_baseband.dir/home/arshavin/uu/master/WCNES_PROJ/pico-sdk/src/rp2_common/pico_double/double_aeabi_rp2040.S.o
                0x0000000010002a4c                __wrap_log
 .text.__aeabi_double_init
                0x0000000010002a64       0xa0 CMakeFiles/carrier_receiver_baseband.dir/home/arshavin/uu/master/WCNES_PROJ/pico-sdk/src/rp2_common/pico_double/double_init_rom_rp2040.c.o
                0x0000000010002a64                __aeabi_double_init
 .text.__wrap_round
                0x0000000010002b04       0xa0 CMakeFiles/carrier_receiver_baseband.dir/home/arshavin/uu/master/WCNES_PROJ/pico-sdk/src/rp2_common/pico_double/double_math.c.o
                0x0000000010002b04                __wrap_round
 .text.__wrap_remquo
                0x0000000010002ba4      0x2a0 CMakeFiles/carrier_receiver_baseband.dir/home/arshavin/uu/master/WCNES_PROJ/pico-sdk/src/rp2_common/pico_double/double_math.c.o
                0x0000000010002ba4                __wrap_remquo
 .text.__wrap_remainder
                0x0000000010002e44       0x10 CMakeFiles/carrier_receiver_baseband.dir/home/arshavin/uu/master/WCNES_PROJ/pico-sdk/src/rp2_common/pico_double/double_math.c.o
                0x0000000010002e44                __wrap_remainder
 .text.double_table_shim_on_use_helper
                0x0000000010002e54       0x2c CMakeFiles/carrier_receiver_baseband.dir/home/arshavin/uu/master/WCNES_PROJ/pico-sdk/src/rp2_common/pico_double/double_v1_rom_shim_rp2040.S.o
                0x0000000010002e54                double_table_shim_on_use_helper
 .text.__wrap___aeabi_dsub
                0x0000000010002e80       0x10 CMakeFiles/carrier_receiver_baseband.dir/home/arshavin/uu/master/WCNES_PROJ/pico-sdk/src/rp2_common/pico_double/double_v1_rom_shim_rp2040.S.o
                0x0000000010002e80                drsub_shim
                0x0000000010002e86                dsub_shim
 .text.dadd_shim
                0x0000000010002e90      0x15c CMakeFiles/carrier_receiver_baseband.dir/home/arshavin/uu/master/WCNES_PROJ/pico-sdk/src/rp2_common/pico_double/double_v1_rom_shim_rp2040.S.o
                0x0000000010002e90                dadd_shim
 .text.dmul_shim
                0x0000000010002fec      0x15c CMakeFiles/carrier_receiver_baseband.dir/home/arshavin/uu/master/WCNES_PROJ/pico-sdk/src/rp2_common/pico_double/double_v1_rom_shim_rp2040.S.o
                0x0000000010002fec                dmul_shim
 .text.ddiv_shim
                0x0000000010003148      0x1b0 CMakeFiles/carrier_receiver_baseband.dir/home/arshavin/uu/master/WCNES_PROJ/pico-sdk/src/rp2_common/pico_double/double_v1_rom_shim_rp2040.S.o
                0x0000000010003148                ddiv_shim
 .text.dsqrt_shim
                0x00000000100032f8      0x1a8 CMakeFiles/carrier_receiver_baseband.dir/home/arshavin/uu/master/WCNES_PROJ/pico-sdk/src/rp2_common/pico_double/double_v1_rom_shim_rp2040.S.o
                0x0000000010003314                dsqrt_shim
 .text.dcordic_vec_step
                0x00000000100034a0        0xe CMakeFiles/carrier_receiver_baseband.dir/home/arshavin/uu/master/WCNES_PROJ/pico-sdk/src/rp2_common/pico_double/double_v1_rom_shim_rp2040.S.o
                0x00000000100034a0                dcordic_vec_step
 .text.dcordic_rot_step
                0x00000000100034ae       0x76 CMakeFiles/carrier_receiver_baseband.dir/home/arshavin/uu/master/WCNES_PROJ/pico-sdk/src/rp2_common/pico_double/double_v1_rom_shim_rp2040.S.o
                0x00000000100034ae                dcordic_rot_step
 .text.double2uint_shim
                0x0000000010003524        0xe CMakeFiles/carrier_receiver_baseband.dir/home/arshavin/uu/master/WCNES_PROJ/pico-sdk/src/rp2_common/pico_double/double_v1_rom_shim_rp2040.S.o
                0x0000000010003524                double2uint_shim
                0x0000000010003526                double2ufix_shim
 .text.double2int64_shim
                0x0000000010003532       0x1a CMakeFiles/carrier_receiver_baseband.dir/home/arshavin/uu/master/WCNES_PROJ/pico-sdk/src/rp2_common/pico_double/double_v1_rom_shim_rp2040.S.o
                0x0000000010003532                double2int64_shim
                0x0000000010003534                double2fix64_shim
 .text.double2uint64_shim
                0x000000001000354c       0x70 CMakeFiles/carrier_receiver_baseband.dir/home/arshavin/uu/master/WCNES_PROJ/pico-sdk/src/rp2_common/pico_double/double_v1_rom_shim_rp2040.S.o
                0x000000001000354c                double2uint64_shim
                0x000000001000354e                double2ufix64_shim
                0x000000001000356e                d2fix_a
 .text.x2double_shims
                0x00000000100035bc       0x90 CMakeFiles/carrier_receiver_baseband.dir/home/arshavin/uu/master/WCNES_PROJ/pico-sdk/src/rp2_common/pico_double/double_v1_rom_shim_rp2040.S.o
                0x00000000100035bc                uint2double_shim
                0x00000000100035be                ufix2double_shim
                0x00000000100035c4                int2double_shim
                0x00000000100035c6                fix2double_shim
                0x00000000100035cc                uint642double_shim
                0x00000000100035ce                ufix642double_shim
                0x00000000100035d4                int642double_shim
                0x00000000100035d6                fix642double_shim
 .text.dunpacks
                0x000000001000364c       0x3c CMakeFiles/carrier_receiver_baseband.dir/home/arshavin/uu/master/WCNES_PROJ/pico-sdk/src/rp2_common/pico_double/double_v1_rom_shim_rp2040.S.o
                0x000000001000364c                dunpacks
 .text.dreduce  0x0000000010003688       0x82 CMakeFiles/carrier_receiver_baseband.dir/home/arshavin/uu/master/WCNES_PROJ/pico-sdk/src/rp2_common/pico_double/double_v1_rom_shim_rp2040.S.o
                0x0000000010003688                dreduce
 .text.dcos_shim
                0x000000001000370a       0x10 CMakeFiles/carrier_receiver_baseband.dir/home/arshavin/uu/master/WCNES_PROJ/pico-sdk/src/rp2_common/pico_double/double_v1_rom_shim_rp2040.S.o
                0x000000001000370a                dcos_shim
 .text.dsin_shim
                0x000000001000371a       0x14 CMakeFiles/carrier_receiver_baseband.dir/home/arshavin/uu/master/WCNES_PROJ/pico-sdk/src/rp2_common/pico_double/double_v1_rom_shim_rp2040.S.o
                0x000000001000371a                dsin_shim
 *fill*         0x000000001000372e        0x2 
 .text.dtrig_guts
                0x0000000010003730      0x2ec CMakeFiles/carrier_receiver_baseband.dir/home/arshavin/uu/master/WCNES_PROJ/pico-sdk/src/rp2_common/pico_double/double_v1_rom_shim_rp2040.S.o
                0x0000000010003808                datan2_shim
 .text.dexp_guts
                0x0000000010003a1c      0x268 CMakeFiles/carrier_receiver_baseband.dir/home/arshavin/uu/master/WCNES_PROJ/pico-sdk/src/rp2_common/pico_double/double_v1_rom_shim_rp2040.S.o
                0x0000000010003a1c                dexp_shim
                0x0000000010003ab8                dln_shim
 .text.__aeabi_lmul
                0x0000000010003c84       0x32 CMakeFiles/carrier_receiver_baseband.dir/home/arshavin/uu/master/WCNES_PROJ/pico-sdk/src/rp2_common/pico_int64_ops/pico_int64_ops_aeabi.S.o
                0x0000000010003c84                __wrap___aeabi_lmul
 *fill*         0x0000000010003cb6        0x2 
 .text.__aeabi_float_init
                0x0000000010003cb8       0x64 CMakeFiles/carrier_receiver_baseband.dir/home/arshavin/uu/master/WCNES_PROJ/pico-sdk/src/rp2_common/pico_float/float_init_rom_rp2040.c.o
                0x0000000010003cb8                __aeabi_float_init
 .text.float_table_shim_on_use_helper
                0x0000000010003d1c       0x2c CMakeFiles/carrier_receiver_baseband.dir/home/arshavin/uu/master/WCNES_PROJ/pico-sdk/src/rp2_common/pico_float/float_v1_rom_shim_rp2040.S.o
                0x0000000010003d1c                float_table_shim_on_use_helper
 .text          0x0000000010003d48       0x10 CMakeFiles/carrier_receiver_baseband.dir/home/arshavin/uu/master/WCNES_PROJ/pico-sdk/src/rp2_common/pico_mem_ops/mem_ops_aeabi.S.o
                0x0000000010003d48                __aeabi_mem_init
 .text.memset   0x0000000010003d58        0xc CMakeFiles/carrier_receiver_baseband.dir/home/arshavin/uu/master/WCNES_PROJ/pico-sdk/src/rp2_common/pico_mem_ops/mem_ops_aeabi.S.o
                0x0000000010003d58                __wrap_memset
 .text.memcpy   0x0000000010003d64        0xc CMakeFiles/carrier_receiver_baseband.dir/home/arshavin/uu/master/WCNES_PROJ/pico-sdk/src/rp2_common/pico_mem_ops/mem_ops_aeabi.S.o
                0x0000000010003d64                __wrap___aeabi_memcpy
                0x0000000010003d64                __wrap_memcpy
 .text._out_null
                0x0000000010003d70        0x4 CMakeFiles/carrier_receiver_baseband.dir/home/arshavin/uu/master/WCNES_PROJ/pico-sdk/src/rp2_common/pico_printf/printf.c.o
 .text._out_rev
                0x0000000010003d74       0x9c CMakeFiles/carrier_receiver_baseband.dir/home/arshavin/uu/master/WCNES_PROJ/pico-sdk/src/rp2_common/pico_printf/printf.c.o
 .text._ntoa_format
                0x0000000010003e10      0x1cc CMakeFiles/carrier_receiver_baseband.dir/home/arshavin/uu/master/WCNES_PROJ/pico-sdk/src/rp2_common/pico_printf/printf.c.o
 .text._out_char
                0x0000000010003fdc       0x10 CMakeFiles/carrier_receiver_baseband.dir/home/arshavin/uu/master/WCNES_PROJ/pico-sdk/src/rp2_common/pico_printf/printf.c.o
 .text._out_fct
                0x0000000010003fec       0x10 CMakeFiles/carrier_receiver_baseband.dir/home/arshavin/uu/master/WCNES_PROJ/pico-sdk/src/rp2_common/pico_printf/printf.c.o
 .text._etoa    0x0000000010003ffc      0x44c CMakeFiles/carrier_receiver_baseband.dir/home/arshavin/uu/master/WCNES_PROJ/pico-sdk/src/rp2_common/pico_printf/printf.c.o
 .text._ftoa    0x0000000010004448      0x398 CMakeFiles/carrier_receiver_baseband.dir/home/arshavin/uu/master/WCNES_PROJ/pico-sdk/src/rp2_common/pico_printf/printf.c.o
 .text._vsnprintf
                0x00000000100047e0      0xb04 CMakeFiles/carrier_receiver_baseband.dir/home/arshavin/uu/master/WCNES_PROJ/pico-sdk/src/rp2_common/pico_printf/printf.c.o
 .text.vfctprintf
                0x00000000100052e4       0x20 CMakeFiles/carrier_receiver_baseband.dir/home/arshavin/uu/master/WCNES_PROJ/pico-sdk/src/rp2_common/pico_printf/printf.c.o
                0x00000000100052e4                vfctprintf
 .text.weak_raw_vprintf
                0x0000000010005304       0x30 CMakeFiles/carrier_receiver_baseband.dir/home/arshavin/uu/master/WCNES_PROJ/pico-sdk/src/rp2_common/pico_printf/printf.c.o
                0x0000000010005304                weak_raw_vprintf
 .text._exit    0x0000000010005334        0x4 CMakeFiles/carrier_receiver_baseband.dir/home/arshavin/uu/master/WCNES_PROJ/pico-sdk/src/rp2_common/pico_clib_interface/newlib_interface.c.o
                0x0000000010005334                _exit
 .text.exit     0x0000000010005338        0x8 CMakeFiles/carrier_receiver_baseband.dir/home/arshavin/uu/master/WCNES_PROJ/pico-sdk/src/rp2_common/pico_clib_interface/newlib_interface.c.o
                0x0000000010005338                exit
 .text.runtime_init
                0x0000000010005340       0x2c CMakeFiles/carrier_receiver_baseband.dir/home/arshavin/uu/master/WCNES_PROJ/pico-sdk/src/rp2_common/pico_clib_interface/newlib_interface.c.o
                0x0000000010005340                runtime_init
 .text.stdio_out_chars_no_crlf
                0x000000001000536c       0x10 CMakeFiles/carrier_receiver_baseband.dir/home/arshavin/uu/master/WCNES_PROJ/pico-sdk/src/rp2_common/pico_stdio/stdio.c.o
 .text.stdio_out_chars_crlf
                0x000000001000537c       0xb4 CMakeFiles/carrier_receiver_baseband.dir/home/arshavin/uu/master/WCNES_PROJ/pico-sdk/src/rp2_common/pico_stdio/stdio.c.o
 .text.stdio_buffered_printer
                0x0000000010005430       0x64 CMakeFiles/carrier_receiver_baseband.dir/home/arshavin/uu/master/WCNES_PROJ/pico-sdk/src/rp2_common/pico_stdio/stdio.c.o
 .text.stdio_put_string
                0x0000000010005494      0x100 CMakeFiles/carrier_receiver_baseband.dir/home/arshavin/uu/master/WCNES_PROJ/pico-sdk/src/rp2_common/pico_stdio/stdio.c.o
                0x0000000010005494                stdio_put_string
 .text.stdio_set_driver_enabled
                0x0000000010005594       0x30 CMakeFiles/carrier_receiver_baseband.dir/home/arshavin/uu/master/WCNES_PROJ/pico-sdk/src/rp2_common/pico_stdio/stdio.c.o
                0x0000000010005594                stdio_set_driver_enabled
 .text.stdio_init_all
                0x00000000100055c4        0x8 CMakeFiles/carrier_receiver_baseband.dir/home/arshavin/uu/master/WCNES_PROJ/pico-sdk/src/rp2_common/pico_stdio/stdio.c.o
                0x00000000100055c4                stdio_init_all
 .text.__wrap_putchar
                0x00000000100055cc       0x98 CMakeFiles/carrier_receiver_baseband.dir/home/arshavin/uu/master/WCNES_PROJ/pico-sdk/src/rp2_common/pico_stdio/stdio.c.o
                0x00000000100055cc                stdio_putchar
                0x00000000100055cc                __wrap_putchar
 .text.__wrap_puts
                0x0000000010005664       0x3c CMakeFiles/carrier_receiver_baseband.dir/home/arshavin/uu/master/WCNES_PROJ/pico-sdk/src/rp2_common/pico_stdio/stdio.c.o
                0x0000000010005664                __wrap_puts
                0x0000000010005664                stdio_puts
 .text.__wrap_vprintf
                0x00000000100056a0       0xd8 CMakeFiles/carrier_receiver_baseband.dir/home/arshavin/uu/master/WCNES_PROJ/pico-sdk/src/rp2_common/pico_stdio/stdio.c.o
                0x00000000100056a0                __wrap_vprintf
                0x00000000100056a0                stdio_vprintf
 .text.__wrap_printf
                0x0000000010005778       0x18 CMakeFiles/carrier_receiver_baseband.dir/home/arshavin/uu/master/WCNES_PROJ/pico-sdk/src/rp2_common/pico_stdio/stdio.c.o
                0x0000000010005778                stdio_printf
                0x0000000010005778                __wrap_printf
 .text.resetd_init
                0x0000000010005790        0x4 CMakeFiles/carrier_receiver_baseband.dir/home/arshavin/uu/master/WCNES_PROJ/pico-sdk/src/rp2_common/pico_stdio_usb/reset_interface.c.o
 .text.resetd_reset
                0x0000000010005794        0xc CMakeFiles/carrier_receiver_baseband.dir/home/arshavin/uu/master/WCNES_PROJ/pico-sdk/src/rp2_common/pico_stdio_usb/reset_interface.c.o
 .text.resetd_open
                0x00000000100057a0       0x28 CMakeFiles/carrier_receiver_baseband.dir/home/arshavin/uu/master/WCNES_PROJ/pico-sdk/src/rp2_common/pico_stdio_usb/reset_interface.c.o
 .text.resetd_xfer_cb
                0x00000000100057c8        0x4 CMakeFiles/carrier_receiver_baseband.dir/home/arshavin/uu/master/WCNES_PROJ/pico-sdk/src/rp2_common/pico_stdio_usb/reset_interface.c.o
 .text.resetd_control_xfer_cb
                0x00000000100057cc       0x60 CMakeFiles/carrier_receiver_baseband.dir/home/arshavin/uu/master/WCNES_PROJ/pico-sdk/src/rp2_common/pico_stdio_usb/reset_interface.c.o
 .text.tud_descriptor_bos_cb
                0x000000001000582c        0x8 CMakeFiles/carrier_receiver_baseband.dir/home/arshavin/uu/master/WCNES_PROJ/pico-sdk/src/rp2_common/pico_stdio_usb/reset_interface.c.o
                0x000000001000582c                tud_descriptor_bos_cb
 .text.tud_vendor_control_xfer_cb
                0x0000000010005834       0x34 CMakeFiles/carrier_receiver_baseband.dir/home/arshavin/uu/master/WCNES_PROJ/pico-sdk/src/rp2_common/pico_stdio_usb/reset_interface.c.o
                0x0000000010005834                tud_vendor_control_xfer_cb
 .text.usbd_app_driver_get_cb
                0x0000000010005868        0xc CMakeFiles/carrier_receiver_baseband.dir/home/arshavin/uu/master/WCNES_PROJ/pico-sdk/src/rp2_common/pico_stdio_usb/reset_interface.c.o
                0x0000000010005868                usbd_app_driver_get_cb
 .text.tud_cdc_line_coding_cb
                0x0000000010005874       0x2c CMakeFiles/carrier_receiver_baseband.dir/home/arshavin/uu/master/WCNES_PROJ/pico-sdk/src/rp2_common/pico_stdio_usb/reset_interface.c.o
                0x0000000010005874                tud_cdc_line_coding_cb
 .text.stdio_usb_set_chars_available_callback
                0x00000000100058a0       0x14 CMakeFiles/carrier_receiver_baseband.dir/home/arshavin/uu/master/WCNES_PROJ/pico-sdk/src/rp2_common/pico_stdio_usb/stdio_usb.c.o
                0x00000000100058a0                stdio_usb_set_chars_available_callback
 .text.usb_irq  0x00000000100058b4       0x10 CMakeFiles/carrier_receiver_baseband.dir/home/arshavin/uu/master/WCNES_PROJ/pico-sdk/src/rp2_common/pico_stdio_usb/stdio_usb.c.o
 .text.timer_task
                0x00000000100058c4       0x64 CMakeFiles/carrier_receiver_baseband.dir/home/arshavin/uu/master/WCNES_PROJ/pico-sdk/src/rp2_common/pico_stdio_usb/stdio_usb.c.o
 .text.stdio_usb_in_chars
                0x0000000010005928       0x90 CMakeFiles/carrier_receiver_baseband.dir/home/arshavin/uu/master/WCNES_PROJ/pico-sdk/src/rp2_common/pico_stdio_usb/stdio_usb.c.o
                0x0000000010005928                stdio_usb_in_chars
 .text.stdio_usb_out_flush
                0x00000000100059b8       0x50 CMakeFiles/carrier_receiver_baseband.dir/home/arshavin/uu/master/WCNES_PROJ/pico-sdk/src/rp2_common/pico_stdio_usb/stdio_usb.c.o
 .text.stdio_usb_out_chars
                0x0000000010005a08      0x100 CMakeFiles/carrier_receiver_baseband.dir/home/arshavin/uu/master/WCNES_PROJ/pico-sdk/src/rp2_common/pico_stdio_usb/stdio_usb.c.o
 .text.low_priority_worker_irq
                0x0000000010005b08       0xc8 CMakeFiles/carrier_receiver_baseband.dir/home/arshavin/uu/master/WCNES_PROJ/pico-sdk/src/rp2_common/pico_stdio_usb/stdio_usb.c.o
 .text.stdio_usb_init
                0x0000000010005bd0       0xe8 CMakeFiles/carrier_receiver_baseband.dir/home/arshavin/uu/master/WCNES_PROJ/pico-sdk/src/rp2_common/pico_stdio_usb/stdio_usb.c.o
                0x0000000010005bd0                stdio_usb_init
 .text.tud_descriptor_device_cb
                0x0000000010005cb8        0x8 CMakeFiles/carrier_receiver_baseband.dir/home/arshavin/uu/master/WCNES_PROJ/pico-sdk/src/rp2_common/pico_stdio_usb/stdio_usb_descriptors.c.o
                0x0000000010005cb8                tud_descriptor_device_cb
 .text.tud_descriptor_configuration_cb
                0x0000000010005cc0        0x8 CMakeFiles/carrier_receiver_baseband.dir/home/arshavin/uu/master/WCNES_PROJ/pico-sdk/src/rp2_common/pico_stdio_usb/stdio_usb_descriptors.c.o
                0x0000000010005cc0                tud_descriptor_configuration_cb
 .text.tud_descriptor_string_cb
                0x0000000010005cc8       0x74 CMakeFiles/carrier_receiver_baseband.dir/home/arshavin/uu/master/WCNES_PROJ/pico-sdk/src/rp2_common/pico_stdio_usb/stdio_usb_descriptors.c.o
                0x0000000010005cc8                tud_descriptor_string_cb
 .text.startup._retrieve_unique_id_on_boot
                0x0000000010005d3c       0x10 CMakeFiles/carrier_receiver_baseband.dir/home/arshavin/uu/master/WCNES_PROJ/pico-sdk/src/rp2_common/pico_unique_id/unique_id.c.o
 .text.pico_get_unique_board_id_string
                0x0000000010005d4c      0x1a8 CMakeFiles/carrier_receiver_baseband.dir/home/arshavin/uu/master/WCNES_PROJ/pico-sdk/src/rp2_common/pico_unique_id/unique_id.c.o
                0x0000000010005d4c                pico_get_unique_board_id_string
 .text.flash_get_unique_id
                0x0000000010005ef4       0x40 CMakeFiles/carrier_receiver_baseband.dir/home/arshavin/uu/master/WCNES_PROJ/pico-sdk/src/rp2_common/hardware_flash/flash.c.o
                0x0000000010005ef4                flash_get_unique_id
 .text.dcd_init
                0x0000000010005f34       0x90 CMakeFiles/carrier_receiver_baseband.dir/home/arshavin/uu/master/WCNES_PROJ/pico-sdk/lib/tinyusb/src/portable/raspberrypi/rp2040/dcd_rp2040.c.o
                0x0000000010005f34                dcd_init
 .text.dcd_int_enable
                0x0000000010005fc4        0xc CMakeFiles/carrier_receiver_baseband.dir/home/arshavin/uu/master/WCNES_PROJ/pico-sdk/lib/tinyusb/src/portable/raspberrypi/rp2040/dcd_rp2040.c.o
                0x0000000010005fc4                dcd_int_enable
 .text.dcd_set_address
                0x0000000010005fd0       0x14 CMakeFiles/carrier_receiver_baseband.dir/home/arshavin/uu/master/WCNES_PROJ/pico-sdk/lib/tinyusb/src/portable/raspberrypi/rp2040/dcd_rp2040.c.o
                0x0000000010005fd0                dcd_set_address
 .text.dcd_sof_enable
                0x0000000010005fe4       0x1c CMakeFiles/carrier_receiver_baseband.dir/home/arshavin/uu/master/WCNES_PROJ/pico-sdk/lib/tinyusb/src/portable/raspberrypi/rp2040/dcd_rp2040.c.o
                0x0000000010005fe4                dcd_sof_enable
 .text.dcd_edpt0_status_complete
                0x0000000010006000       0x1c CMakeFiles/carrier_receiver_baseband.dir/home/arshavin/uu/master/WCNES_PROJ/pico-sdk/lib/tinyusb/src/portable/raspberrypi/rp2040/dcd_rp2040.c.o
                0x0000000010006000                dcd_edpt0_status_complete
 .text.dcd_edpt_open
                0x000000001000601c      0x114 CMakeFiles/carrier_receiver_baseband.dir/home/arshavin/uu/master/WCNES_PROJ/pico-sdk/lib/tinyusb/src/portable/raspberrypi/rp2040/dcd_rp2040.c.o
                0x000000001000601c                dcd_edpt_open
 .text.dcd_edpt_close_all
                0x0000000010006130        0x8 CMakeFiles/carrier_receiver_baseband.dir/home/arshavin/uu/master/WCNES_PROJ/pico-sdk/lib/tinyusb/src/portable/raspberrypi/rp2040/dcd_rp2040.c.o
                0x0000000010006130                dcd_edpt_close_all
 .text.dcd_edpt_xfer
                0x0000000010006138       0x24 CMakeFiles/carrier_receiver_baseband.dir/home/arshavin/uu/master/WCNES_PROJ/pico-sdk/lib/tinyusb/src/portable/raspberrypi/rp2040/dcd_rp2040.c.o
                0x0000000010006138                dcd_edpt_xfer
 .text.dcd_edpt_stall
                0x000000001000615c       0x38 CMakeFiles/carrier_receiver_baseband.dir/home/arshavin/uu/master/WCNES_PROJ/pico-sdk/lib/tinyusb/src/portable/raspberrypi/rp2040/dcd_rp2040.c.o
                0x000000001000615c                dcd_edpt_stall
 .text.dcd_edpt_clear_stall
                0x0000000010006194       0x30 CMakeFiles/carrier_receiver_baseband.dir/home/arshavin/uu/master/WCNES_PROJ/pico-sdk/lib/tinyusb/src/portable/raspberrypi/rp2040/dcd_rp2040.c.o
                0x0000000010006194                dcd_edpt_clear_stall
 .text.rp2040_usb_init
                0x00000000100061c4       0x40 CMakeFiles/carrier_receiver_baseband.dir/home/arshavin/uu/master/WCNES_PROJ/pico-sdk/lib/tinyusb/src/portable/raspberrypi/rp2040/rp2040_usb.c.o
                0x00000000100061c4                rp2040_usb_init
 .text.hw_endpoint_xfer_start
                0x0000000010006204       0x50 CMakeFiles/carrier_receiver_baseband.dir/home/arshavin/uu/master/WCNES_PROJ/pico-sdk/lib/tinyusb/src/portable/raspberrypi/rp2040/rp2040_usb.c.o
                0x0000000010006204                hw_endpoint_xfer_start
 .text.tud_event_hook_cb
                0x0000000010006254        0x4 CMakeFiles/carrier_receiver_baseband.dir/home/arshavin/uu/master/WCNES_PROJ/pico-sdk/lib/tinyusb/src/device/usbd.c.o
                0x0000000010006254                tud_event_hook_cb
 .text.tud_sof_cb
                0x0000000010006258        0x4 CMakeFiles/carrier_receiver_baseband.dir/home/arshavin/uu/master/WCNES_PROJ/pico-sdk/lib/tinyusb/src/device/usbd.c.o
                0x0000000010006258                tud_sof_cb
 .text.tud_descriptor_device_qualifier_cb
                0x000000001000625c        0x4 CMakeFiles/carrier_receiver_baseband.dir/home/arshavin/uu/master/WCNES_PROJ/pico-sdk/lib/tinyusb/src/device/usbd.c.o
                0x000000001000625c                tud_descriptor_device_qualifier_cb
 .text.tud_descriptor_other_speed_configuration_cb
                0x0000000010006260        0x4 CMakeFiles/carrier_receiver_baseband.dir/home/arshavin/uu/master/WCNES_PROJ/pico-sdk/lib/tinyusb/src/device/usbd.c.o
                0x0000000010006260                tud_descriptor_other_speed_configuration_cb
 .text.tud_mount_cb
                0x0000000010006264        0x4 CMakeFiles/carrier_receiver_baseband.dir/home/arshavin/uu/master/WCNES_PROJ/pico-sdk/lib/tinyusb/src/device/usbd.c.o
                0x0000000010006264                tud_mount_cb
 .text.tud_umount_cb
                0x0000000010006268        0x4 CMakeFiles/carrier_receiver_baseband.dir/home/arshavin/uu/master/WCNES_PROJ/pico-sdk/lib/tinyusb/src/device/usbd.c.o
                0x0000000010006268                tud_umount_cb
 .text.tud_suspend_cb
                0x000000001000626c        0x4 CMakeFiles/carrier_receiver_baseband.dir/home/arshavin/uu/master/WCNES_PROJ/pico-sdk/lib/tinyusb/src/device/usbd.c.o
                0x000000001000626c                tud_suspend_cb
 .text.tud_resume_cb
                0x0000000010006270        0x4 CMakeFiles/carrier_receiver_baseband.dir/home/arshavin/uu/master/WCNES_PROJ/pico-sdk/lib/tinyusb/src/device/usbd.c.o
                0x0000000010006270                tud_resume_cb
 .text.tud_mounted
                0x0000000010006274       0x10 CMakeFiles/carrier_receiver_baseband.dir/home/arshavin/uu/master/WCNES_PROJ/pico-sdk/lib/tinyusb/src/device/usbd.c.o
                0x0000000010006274                tud_mounted
 .text.tud_suspended
                0x0000000010006284       0x10 CMakeFiles/carrier_receiver_baseband.dir/home/arshavin/uu/master/WCNES_PROJ/pico-sdk/lib/tinyusb/src/device/usbd.c.o
                0x0000000010006284                tud_suspended
 .text.tud_rhport_init
                0x0000000010006294       0xf4 CMakeFiles/carrier_receiver_baseband.dir/home/arshavin/uu/master/WCNES_PROJ/pico-sdk/lib/tinyusb/src/device/usbd.c.o
                0x0000000010006294                tud_rhport_init
 .text.tud_task_ext
                0x0000000010006388      0x800 CMakeFiles/carrier_receiver_baseband.dir/home/arshavin/uu/master/WCNES_PROJ/pico-sdk/lib/tinyusb/src/device/usbd.c.o
                0x0000000010006388                tud_task_ext
 .text.usbd_open_edpt_pair
                0x0000000010006b88       0x9c CMakeFiles/carrier_receiver_baseband.dir/home/arshavin/uu/master/WCNES_PROJ/pico-sdk/lib/tinyusb/src/device/usbd.c.o
                0x0000000010006b88                usbd_open_edpt_pair
 .text.usbd_edpt_open
                0x0000000010006c24       0x34 CMakeFiles/carrier_receiver_baseband.dir/home/arshavin/uu/master/WCNES_PROJ/pico-sdk/lib/tinyusb/src/device/usbd.c.o
                0x0000000010006c24                usbd_edpt_open
 .text.usbd_edpt_claim
                0x0000000010006c58       0x28 CMakeFiles/carrier_receiver_baseband.dir/home/arshavin/uu/master/WCNES_PROJ/pico-sdk/lib/tinyusb/src/device/usbd.c.o
                0x0000000010006c58                usbd_edpt_claim
 .text.usbd_edpt_release
                0x0000000010006c80       0x28 CMakeFiles/carrier_receiver_baseband.dir/home/arshavin/uu/master/WCNES_PROJ/pico-sdk/lib/tinyusb/src/device/usbd.c.o
                0x0000000010006c80                usbd_edpt_release
 .text.usbd_edpt_xfer
                0x0000000010006ca8       0x4c CMakeFiles/carrier_receiver_baseband.dir/home/arshavin/uu/master/WCNES_PROJ/pico-sdk/lib/tinyusb/src/device/usbd.c.o
                0x0000000010006ca8                usbd_edpt_xfer
 .text.tud_control_status
                0x0000000010006cf4       0x30 CMakeFiles/carrier_receiver_baseband.dir/home/arshavin/uu/master/WCNES_PROJ/pico-sdk/lib/tinyusb/src/device/usbd_control.c.o
                0x0000000010006cf4                tud_control_status
 .text.tud_control_xfer
                0x0000000010006d24       0xbc CMakeFiles/carrier_receiver_baseband.dir/home/arshavin/uu/master/WCNES_PROJ/pico-sdk/lib/tinyusb/src/device/usbd_control.c.o
                0x0000000010006d24                tud_control_xfer
 .text.usbd_control_reset
                0x0000000010006de0       0x14 CMakeFiles/carrier_receiver_baseband.dir/home/arshavin/uu/master/WCNES_PROJ/pico-sdk/lib/tinyusb/src/device/usbd_control.c.o
                0x0000000010006de0                usbd_control_reset
 .text.usbd_control_set_complete_callback
                0x0000000010006df4        0xc CMakeFiles/carrier_receiver_baseband.dir/home/arshavin/uu/master/WCNES_PROJ/pico-sdk/lib/tinyusb/src/device/usbd_control.c.o
                0x0000000010006df4                usbd_control_set_complete_callback
 .text.usbd_control_set_request
                0x0000000010006e00       0x1c CMakeFiles/carrier_receiver_baseband.dir/home/arshavin/uu/master/WCNES_PROJ/pico-sdk/lib/tinyusb/src/device/usbd_control.c.o
                0x0000000010006e00                usbd_control_set_request
 .text.usbd_control_xfer_cb
                0x0000000010006e1c       0xf0 CMakeFiles/carrier_receiver_baseband.dir/home/arshavin/uu/master/WCNES_PROJ/pico-sdk/lib/tinyusb/src/device/usbd_control.c.o
                0x0000000010006e1c                usbd_control_xfer_cb
 .text._prep_out_transaction.isra.0
                0x0000000010006f0c       0x6c CMakeFiles/carrier_receiver_baseband.dir/home/arshavin/uu/master/WCNES_PROJ/pico-sdk/lib/tinyusb/src/class/cdc/cdc_device.c.o
 .text.tud_cdc_n_connected
                0x0000000010006f78       0x2c CMakeFiles/carrier_receiver_baseband.dir/home/arshavin/uu/master/WCNES_PROJ/pico-sdk/lib/tinyusb/src/class/cdc/cdc_device.c.o
                0x0000000010006f78                tud_cdc_n_connected
 .text.tud_cdc_n_available
                0x0000000010006fa4       0x18 CMakeFiles/carrier_receiver_baseband.dir/home/arshavin/uu/master/WCNES_PROJ/pico-sdk/lib/tinyusb/src/class/cdc/cdc_device.c.o
                0x0000000010006fa4                tud_cdc_n_available
 .text.tud_cdc_n_read
                0x0000000010006fbc       0x94 CMakeFiles/carrier_receiver_baseband.dir/home/arshavin/uu/master/WCNES_PROJ/pico-sdk/lib/tinyusb/src/class/cdc/cdc_device.c.o
                0x0000000010006fbc                tud_cdc_n_read
 .text.tud_cdc_n_write_flush
                0x0000000010007050       0x78 CMakeFiles/carrier_receiver_baseband.dir/home/arshavin/uu/master/WCNES_PROJ/pico-sdk/lib/tinyusb/src/class/cdc/cdc_device.c.o
                0x0000000010007050                tud_cdc_n_write_flush
 .text.tud_cdc_n_write
                0x00000000100070c8       0x44 CMakeFiles/carrier_receiver_baseband.dir/home/arshavin/uu/master/WCNES_PROJ/pico-sdk/lib/tinyusb/src/class/cdc/cdc_device.c.o
                0x00000000100070c8                tud_cdc_n_write
 .text.tud_cdc_n_write_available
                0x000000001000710c       0x18 CMakeFiles/carrier_receiver_baseband.dir/home/arshavin/uu/master/WCNES_PROJ/pico-sdk/lib/tinyusb/src/class/cdc/cdc_device.c.o
                0x000000001000710c                tud_cdc_n_write_available
 .text.cdcd_init
                0x0000000010007124       0x70 CMakeFiles/carrier_receiver_baseband.dir/home/arshavin/uu/master/WCNES_PROJ/pico-sdk/lib/tinyusb/src/class/cdc/cdc_device.c.o
                0x0000000010007124                cdcd_init
 .text.cdcd_deinit
                0x0000000010007194       0x24 CMakeFiles/carrier_receiver_baseband.dir/home/arshavin/uu/master/WCNES_PROJ/pico-sdk/lib/tinyusb/src/class/cdc/cdc_device.c.o
                0x0000000010007194                cdcd_deinit
 .text.cdcd_reset
                0x00000000100071b8       0x4c CMakeFiles/carrier_receiver_baseband.dir/home/arshavin/uu/master/WCNES_PROJ/pico-sdk/lib/tinyusb/src/class/cdc/cdc_device.c.o
                0x00000000100071b8                cdcd_reset
 .text.cdcd_open
                0x0000000010007204       0xa8 CMakeFiles/carrier_receiver_baseband.dir/home/arshavin/uu/master/WCNES_PROJ/pico-sdk/lib/tinyusb/src/class/cdc/cdc_device.c.o
                0x0000000010007204                cdcd_open
 .text.cdcd_control_xfer_cb
                0x00000000100072ac       0xe8 CMakeFiles/carrier_receiver_baseband.dir/home/arshavin/uu/master/WCNES_PROJ/pico-sdk/lib/tinyusb/src/class/cdc/cdc_device.c.o
                0x00000000100072ac                cdcd_control_xfer_cb
 .text.cdcd_xfer_cb
                0x0000000010007394       0xfc CMakeFiles/carrier_receiver_baseband.dir/home/arshavin/uu/master/WCNES_PROJ/pico-sdk/lib/tinyusb/src/class/cdc/cdc_device.c.o
                0x0000000010007394                cdcd_xfer_cb
 .text.vendord_init
                0x0000000010007490       0x5c CMakeFiles/carrier_receiver_baseband.dir/home/arshavin/uu/master/WCNES_PROJ/pico-sdk/lib/tinyusb/src/class/vendor/vendor_device.c.o
                0x0000000010007490                vendord_init
 .text.vendord_deinit
                0x00000000100074ec       0x1c CMakeFiles/carrier_receiver_baseband.dir/home/arshavin/uu/master/WCNES_PROJ/pico-sdk/lib/tinyusb/src/class/vendor/vendor_device.c.o
                0x00000000100074ec                vendord_deinit
 .text.vendord_reset
                0x0000000010007508       0x28 CMakeFiles/carrier_receiver_baseband.dir/home/arshavin/uu/master/WCNES_PROJ/pico-sdk/lib/tinyusb/src/class/vendor/vendor_device.c.o
                0x0000000010007508                vendord_reset
 .text.vendord_open
                0x0000000010007530      0x128 CMakeFiles/carrier_receiver_baseband.dir/home/arshavin/uu/master/WCNES_PROJ/pico-sdk/lib/tinyusb/src/class/vendor/vendor_device.c.o
                0x0000000010007530                vendord_open
 .text.vendord_xfer_cb
                0x0000000010007658       0x9c CMakeFiles/carrier_receiver_baseband.dir/home/arshavin/uu/master/WCNES_PROJ/pico-sdk/lib/tinyusb/src/class/vendor/vendor_device.c.o
                0x0000000010007658                vendord_xfer_cb
 .text.tusb_rhport_init
                0x00000000100076f4       0x48 CMakeFiles/carrier_receiver_baseband.dir/home/arshavin/uu/master/WCNES_PROJ/pico-sdk/lib/tinyusb/src/tusb.c.o
                0x00000000100076f4                tusb_rhport_init
 .text.tu_edpt_claim
                0x000000001000773c       0x50 CMakeFiles/carrier_receiver_baseband.dir/home/arshavin/uu/master/WCNES_PROJ/pico-sdk/lib/tinyusb/src/tusb.c.o
                0x000000001000773c                tu_edpt_claim
 .text.tu_edpt_release
                0x000000001000778c       0x38 CMakeFiles/carrier_receiver_baseband.dir/home/arshavin/uu/master/WCNES_PROJ/pico-sdk/lib/tinyusb/src/tusb.c.o
                0x000000001000778c                tu_edpt_release
 .text.tu_edpt_validate
                0x00000000100077c4       0x78 CMakeFiles/carrier_receiver_baseband.dir/home/arshavin/uu/master/WCNES_PROJ/pico-sdk/lib/tinyusb/src/tusb.c.o
                0x00000000100077c4                tu_edpt_validate
 .text.tu_edpt_bind_driver
                0x000000001000783c       0x34 CMakeFiles/carrier_receiver_baseband.dir/home/arshavin/uu/master/WCNES_PROJ/pico-sdk/lib/tinyusb/src/tusb.c.o
                0x000000001000783c                tu_edpt_bind_driver
 .text.tu_edpt_stream_init
                0x0000000010007870       0x6c CMakeFiles/carrier_receiver_baseband.dir/home/arshavin/uu/master/WCNES_PROJ/pico-sdk/lib/tinyusb/src/tusb.c.o
                0x0000000010007870                tu_edpt_stream_init
 .text.tu_edpt_stream_deinit
                0x00000000100078dc        0x4 CMakeFiles/carrier_receiver_baseband.dir/home/arshavin/uu/master/WCNES_PROJ/pico-sdk/lib/tinyusb/src/tusb.c.o
                0x00000000100078dc                tu_edpt_stream_deinit
 .text.tu_edpt_stream_write_zlp_if_needed
                0x00000000100078e0       0x58 CMakeFiles/carrier_receiver_baseband.dir/home/arshavin/uu/master/WCNES_PROJ/pico-sdk/lib/tinyusb/src/tusb.c.o
                0x00000000100078e0                tu_edpt_stream_write_zlp_if_needed
 .text.tu_edpt_stream_write_xfer
                0x0000000010007938       0x64 CMakeFiles/carrier_receiver_baseband.dir/home/arshavin/uu/master/WCNES_PROJ/pico-sdk/lib/tinyusb/src/tusb.c.o
                0x0000000010007938                tu_edpt_stream_write_xfer
 .text.tu_edpt_stream_read_xfer
                0x000000001000799c       0xdc CMakeFiles/carrier_receiver_baseband.dir/home/arshavin/uu/master/WCNES_PROJ/pico-sdk/lib/tinyusb/src/tusb.c.o
                0x000000001000799c                tu_edpt_stream_read_xfer
 .text.tu_fifo_config
                0x0000000010007a78       0x70 CMakeFiles/carrier_receiver_baseband.dir/home/arshavin/uu/master/WCNES_PROJ/pico-sdk/lib/tinyusb/src/common/tusb_fifo.c.o
                0x0000000010007a78                tu_fifo_config
 .text.tu_fifo_count
                0x0000000010007ae8       0x2c CMakeFiles/carrier_receiver_baseband.dir/home/arshavin/uu/master/WCNES_PROJ/pico-sdk/lib/tinyusb/src/common/tusb_fifo.c.o
                0x0000000010007ae8                tu_fifo_count
 .text.tu_fifo_empty
                0x0000000010007b14       0x10 CMakeFiles/carrier_receiver_baseband.dir/home/arshavin/uu/master/WCNES_PROJ/pico-sdk/lib/tinyusb/src/common/tusb_fifo.c.o
                0x0000000010007b14                tu_fifo_empty
 .text.tu_fifo_remaining
                0x0000000010007b24       0x2c CMakeFiles/carrier_receiver_baseband.dir/home/arshavin/uu/master/WCNES_PROJ/pico-sdk/lib/tinyusb/src/common/tusb_fifo.c.o
                0x0000000010007b24                tu_fifo_remaining
 .text.tu_fifo_read
                0x0000000010007b50       0xa0 CMakeFiles/carrier_receiver_baseband.dir/home/arshavin/uu/master/WCNES_PROJ/pico-sdk/lib/tinyusb/src/common/tusb_fifo.c.o
                0x0000000010007b50                tu_fifo_read
 .text.tu_fifo_read_n
                0x0000000010007bf0       0xec CMakeFiles/carrier_receiver_baseband.dir/home/arshavin/uu/master/WCNES_PROJ/pico-sdk/lib/tinyusb/src/common/tusb_fifo.c.o
                0x0000000010007bf0                tu_fifo_read_n
 .text.tu_fifo_write
                0x0000000010007cdc       0x88 CMakeFiles/carrier_receiver_baseband.dir/home/arshavin/uu/master/WCNES_PROJ/pico-sdk/lib/tinyusb/src/common/tusb_fifo.c.o
                0x0000000010007cdc                tu_fifo_write
 .text.tu_fifo_write_n
                0x0000000010007d64      0x168 CMakeFiles/carrier_receiver_baseband.dir/home/arshavin/uu/master/WCNES_PROJ/pico-sdk/lib/tinyusb/src/common/tusb_fifo.c.o
                0x0000000010007d64                tu_fifo_write_n
 .text.tu_fifo_clear
                0x0000000010007ecc       0x40 CMakeFiles/carrier_receiver_baseband.dir/home/arshavin/uu/master/WCNES_PROJ/pico-sdk/lib/tinyusb/src/common/tusb_fifo.c.o
                0x0000000010007ecc                tu_fifo_clear
 .text.tu_fifo_set_overwritable
                0x0000000010007f0c       0x48 CMakeFiles/carrier_receiver_baseband.dir/home/arshavin/uu/master/WCNES_PROJ/pico-sdk/lib/tinyusb/src/common/tusb_fifo.c.o
                0x0000000010007f0c                tu_fifo_set_overwritable
 .text.pio_add_program_at_offset
                0x0000000010007f54       0xa8 CMakeFiles/carrier_receiver_baseband.dir/home/arshavin/uu/master/WCNES_PROJ/pico-sdk/src/rp2_common/hardware_pio/pio.c.o
                0x0000000010007f54                pio_add_program_at_offset
 .text.pio_sm_set_consecutive_pindirs
                0x0000000010007ffc       0xbc CMakeFiles/carrier_receiver_baseband.dir/home/arshavin/uu/master/WCNES_PROJ/pico-sdk/src/rp2_common/hardware_pio/pio.c.o
                0x0000000010007ffc                pio_sm_set_consecutive_pindirs
 .text.pio_sm_init
                0x00000000100080b8       0x94 CMakeFiles/carrier_receiver_baseband.dir/home/arshavin/uu/master/WCNES_PROJ/pico-sdk/src/rp2_common/hardware_pio/pio.c.o
                0x00000000100080b8                pio_sm_init
 .text          0x000000001000814c       0x5c /usr/lib/gcc/arm-none-eabi/10.3.1/../../../arm-none-eabi/lib/thumb/v6-m/nofp/libg.a(lib_a-strlen-stub.o)
                0x000000001000814c                strlen
 *(.fini)
 .fini          0x00000000100081a8        0x4 /usr/lib/gcc/arm-none-eabi/10.3.1/thumb/v6-m/nofp/crti.o
                0x00000000100081a8                _fini
 *fill*         0x00000000100081ac        0x4 
 .fini.__stub   0x00000000100081b0       0xd0 linker stubs
 *crtbegin.o(.ctors)
 *crtbegin?.o(.ctors)
 *(EXCLUDE_FILE(*crtend.o *crtend?.o) .ctors)
 *(SORT_BY_NAME(.ctors.*))
 *(.ctors)
 *crtbegin.o(.dtors)
 *crtbegin?.o(.dtors)
 *(EXCLUDE_FILE(*crtend.o *crtend?.o) .dtors)
 *(SORT_BY_NAME(.dtors.*))
 *(.dtors)
                0x0000000010008280                . = ALIGN (0x4)
                0x0000000010008280                PROVIDE (__preinit_array_start = .)
 *(SORT_BY_NAME(.preinit_array.*))
 .preinit_array.00100
                0x0000000010008280        0x4 CMakeFiles/carrier_receiver_baseband.dir/home/arshavin/uu/master/WCNES_PROJ/pico-sdk/src/rp2_common/pico_runtime_init/runtime_init.c.o
                0x0000000010008280                __pre_init_runtime_init_early_resets
 .preinit_array.00101
                0x0000000010008284        0x4 CMakeFiles/carrier_receiver_baseband.dir/home/arshavin/uu/master/WCNES_PROJ/pico-sdk/src/rp2_common/pico_runtime_init/runtime_init.c.o
                0x0000000010008284                __pre_init_runtime_init_usb_power_down
 .preinit_array.00275
                0x0000000010008288        0x4 CMakeFiles/carrier_receiver_baseband.dir/home/arshavin/uu/master/WCNES_PROJ/pico-sdk/src/rp2_common/pico_bit_ops/bit_ops_aeabi.S.o
 .preinit_array.00300
                0x000000001000828c        0x4 CMakeFiles/carrier_receiver_baseband.dir/home/arshavin/uu/master/WCNES_PROJ/pico-sdk/src/rp2_common/pico_mem_ops/mem_ops_aeabi.S.o
 .preinit_array.00350
                0x0000000010008290        0x4 CMakeFiles/carrier_receiver_baseband.dir/home/arshavin/uu/master/WCNES_PROJ/pico-sdk/src/rp2_common/pico_double/double_aeabi_rp2040.S.o
 .preinit_array.00350
                0x0000000010008294        0x4 CMakeFiles/carrier_receiver_baseband.dir/home/arshavin/uu/master/WCNES_PROJ/pico-sdk/src/rp2_common/pico_float/float_aeabi_rp2040.S.o
 .preinit_array.00500
                0x0000000010008298        0x4 CMakeFiles/carrier_receiver_baseband.dir/home/arshavin/uu/master/WCNES_PROJ/pico-sdk/src/rp2_common/pico_runtime_init/runtime_init.c.o
                0x0000000010008298                __pre_init_runtime_init_clocks
 .preinit_array.00600
                0x000000001000829c        0x4 CMakeFiles/carrier_receiver_baseband.dir/home/arshavin/uu/master/WCNES_PROJ/pico-sdk/src/rp2_common/pico_runtime_init/runtime_init.c.o
                0x000000001000829c                __pre_init_runtime_init_post_clock_resets
 .preinit_array.00700
                0x00000000100082a0        0x4 CMakeFiles/carrier_receiver_baseband.dir/home/arshavin/uu/master/WCNES_PROJ/pico-sdk/src/rp2_common/pico_runtime_init/runtime_init.c.o
                0x00000000100082a0                __pre_init_runtime_init_rp2040_gpio_ie_disable
 .preinit_array.01000
                0x00000000100082a4        0x4 CMakeFiles/carrier_receiver_baseband.dir/home/arshavin/uu/master/WCNES_PROJ/pico-sdk/src/rp2_common/pico_runtime_init/runtime_init.c.o
                0x00000000100082a4                __pre_init_runtime_init_spin_locks_reset
 .preinit_array.01100
                0x00000000100082a8        0x4 CMakeFiles/carrier_receiver_baseband.dir/home/arshavin/uu/master/WCNES_PROJ/pico-sdk/src/common/pico_sync/mutex.c.o
                0x00000000100082a8                __pre_init_runtime_init_mutex
 .preinit_array.10080
                0x00000000100082ac        0x4 CMakeFiles/carrier_receiver_baseband.dir/home/arshavin/uu/master/WCNES_PROJ/pico-sdk/src/rp2_common/pico_runtime_init/runtime_init.c.o
                0x00000000100082ac                __pre_init_runtime_init_install_ram_vector_table
 .preinit_array.11000
                0x00000000100082b0        0x4 CMakeFiles/carrier_receiver_baseband.dir/home/arshavin/uu/master/WCNES_PROJ/pico-sdk/src/common/pico_time/time.c.o
                0x00000000100082b0                __pre_init_runtime_init_default_alarm_pool
 .preinit_array.YYYYY
                0x00000000100082b4        0x4 CMakeFiles/carrier_receiver_baseband.dir/home/arshavin/uu/master/WCNES_PROJ/pico-sdk/src/rp2_common/pico_runtime/runtime.c.o
                0x00000000100082b4                __pre_init_first_per_core_initializer
 .preinit_array.ZZZZZ.01200
                0x00000000100082b8        0x4 CMakeFiles/carrier_receiver_baseband.dir/home/arshavin/uu/master/WCNES_PROJ/pico-sdk/src/rp2_common/hardware_irq/irq.c.o
                0x00000000100082b8                __pre_init_runtime_init_per_core_irq_priorities
 *(.preinit_array)
                0x00000000100082bc                PROVIDE (__preinit_array_end = .)
                0x00000000100082bc                . = ALIGN (0x4)
                0x00000000100082bc                PROVIDE (__init_array_start = .)
 *(SORT_BY_NAME(.init_array.*))
 *(.init_array)
 .init_array    0x00000000100082bc        0x4 /usr/lib/gcc/arm-none-eabi/10.3.1/thumb/v6-m/nofp/crtbegin.o
 .init_array    0x00000000100082c0        0x4 CMakeFiles/carrier_receiver_baseband.dir/home/arshavin/uu/master/WCNES_PROJ/pico-sdk/src/rp2_common/pico_unique_id/unique_id.c.o
                0x00000000100082c4                PROVIDE (__init_array_end = .)
                0x00000000100082c4                . = ALIGN (0x4)
                0x00000000100082c4                PROVIDE (__fini_array_start = .)
 *(SORT_BY_NAME(.fini_array.*))
 *(.fini_array)
                0x00000000100082c4                PROVIDE (__fini_array_end = .)
 *(.eh_frame*)
 .eh_frame      0x00000000100082c4        0x0 /usr/lib/gcc/arm-none-eabi/10.3.1/thumb/v6-m/nofp/crtbegin.o
                0x00000000100082c4                . = ALIGN (0x4)

.glue_7         0x00000000100082c4        0x0
 .glue_7        0x00000000100082c4        0x0 linker stubs

.glue_7t        0x00000000100082c4        0x0
 .glue_7t       0x00000000100082c4        0x0 linker stubs

.vfp11_veneer   0x00000000100082c4        0x0
 .vfp11_veneer  0x00000000100082c4        0x0 linker stubs

.v4_bx          0x00000000100082c4        0x0
 .v4_bx         0x00000000100082c4        0x0 linker stubs

.iplt           0x00000000100082c4        0x0
 .iplt          0x00000000100082c4        0x0 /usr/lib/gcc/arm-none-eabi/10.3.1/thumb/v6-m/nofp/crtbegin.o

.rodata         0x00000000100082c8      0xa88
 *(EXCLUDE_FILE(*libm.a: *libc.a:*lib_a-mem*.o *libgcc.a:) .rodata*)
 .rodata.main.str1.4
                0x00000000100082c8       0x52 CMakeFiles/carrier_receiver_baseband.dir/main.c.o
 *fill*         0x000000001000831a        0x2 
 .rodata.generate_data.str1.4
                0x000000001000831c       0x39 CMakeFiles/carrier_receiver_baseband.dir/home/arshavin/uu/master/WCNES_PROJ/wcnes-project2025/project_pico_libs/packet_generation.c.o
 *fill*         0x0000000010008355        0x3 
 .rodata.generatePIOprogram.str1.4
                0x0000000010008358      0x11d CMakeFiles/carrier_receiver_baseband.dir/home/arshavin/uu/master/WCNES_PROJ/wcnes-project2025/project_pico_libs/backscatter.c.o
 *fill*         0x0000000010008475        0x3 
 .rodata.backscatter_program_init.str1.4
                0x0000000010008478      0x270 CMakeFiles/carrier_receiver_baseband.dir/home/arshavin/uu/master/WCNES_PROJ/wcnes-project2025/project_pico_libs/backscatter.c.o
 .rodata.panic.str1.4
                0x00000000100086e8       0x12 CMakeFiles/carrier_receiver_baseband.dir/home/arshavin/uu/master/WCNES_PROJ/pico-sdk/src/rp2_common/pico_platform_panic/panic.c.o
 *fill*         0x00000000100086fa        0x2 
 .rodata.spin_lock_claim_unused.str1.4
                0x00000000100086fc       0x1b CMakeFiles/carrier_receiver_baseband.dir/home/arshavin/uu/master/WCNES_PROJ/pico-sdk/src/rp2_common/hardware_sync/sync.c.o
 *fill*         0x0000000010008717        0x1 
 .rodata.user_irq_claim_unused.str1.4
                0x0000000010008718       0x1b CMakeFiles/carrier_receiver_baseband.dir/home/arshavin/uu/master/WCNES_PROJ/pico-sdk/src/rp2_common/hardware_irq/irq.c.o
 *fill*         0x0000000010008733        0x1 
 .rodata.timer_hardware_alarm_claim.str1.4
                0x0000000010008734       0x22 CMakeFiles/carrier_receiver_baseband.dir/home/arshavin/uu/master/WCNES_PROJ/pico-sdk/src/rp2_common/hardware_timer/timer.c.o
 *fill*         0x0000000010008756        0x2 
 .rodata.hard_assertion_failure.str1.4
                0x0000000010008758        0xc CMakeFiles/carrier_receiver_baseband.dir/home/arshavin/uu/master/WCNES_PROJ/pico-sdk/src/rp2_common/pico_runtime/runtime.c.o
 .rodata.str1.4
                0x0000000010008764       0x50 CMakeFiles/carrier_receiver_baseband.dir/home/arshavin/uu/master/WCNES_PROJ/pico-sdk/src/rp2_common/pico_standard_binary_info/standard_binary_info.c.o
 .rodata.__bi_26
                0x00000000100087b4        0xc CMakeFiles/carrier_receiver_baseband.dir/home/arshavin/uu/master/WCNES_PROJ/pico-sdk/src/rp2_common/pico_standard_binary_info/standard_binary_info.c.o
 .rodata.__bi_34
                0x00000000100087c0        0xc CMakeFiles/carrier_receiver_baseband.dir/home/arshavin/uu/master/WCNES_PROJ/pico-sdk/src/rp2_common/pico_standard_binary_info/standard_binary_info.c.o
 .rodata.__bi_42
                0x00000000100087cc        0xc CMakeFiles/carrier_receiver_baseband.dir/home/arshavin/uu/master/WCNES_PROJ/pico-sdk/src/rp2_common/pico_standard_binary_info/standard_binary_info.c.o
 .rodata.__bi_48
                0x00000000100087d8        0xc CMakeFiles/carrier_receiver_baseband.dir/home/arshavin/uu/master/WCNES_PROJ/pico-sdk/src/rp2_common/pico_standard_binary_info/standard_binary_info.c.o
 .rodata.__bi_54
                0x00000000100087e4        0xc CMakeFiles/carrier_receiver_baseband.dir/home/arshavin/uu/master/WCNES_PROJ/pico-sdk/src/rp2_common/pico_standard_binary_info/standard_binary_info.c.o
 .rodata.__bi_78
                0x00000000100087f0        0xc CMakeFiles/carrier_receiver_baseband.dir/home/arshavin/uu/master/WCNES_PROJ/pico-sdk/src/rp2_common/pico_standard_binary_info/standard_binary_info.c.o
 .rodata.__bi_84
                0x00000000100087fc        0xc CMakeFiles/carrier_receiver_baseband.dir/home/arshavin/uu/master/WCNES_PROJ/pico-sdk/src/rp2_common/pico_standard_binary_info/standard_binary_info.c.o
 .rodata._ftoa.str1.4
                0x0000000010008808       0x15 CMakeFiles/carrier_receiver_baseband.dir/home/arshavin/uu/master/WCNES_PROJ/pico-sdk/src/rp2_common/pico_printf/printf.c.o
 *fill*         0x000000001000881d        0x3 
 .rodata._vsnprintf
                0x0000000010008820      0x1e0 CMakeFiles/carrier_receiver_baseband.dir/home/arshavin/uu/master/WCNES_PROJ/pico-sdk/src/rp2_common/pico_printf/printf.c.o
 .rodata.pow10.0
                0x0000000010008a00       0x50 CMakeFiles/carrier_receiver_baseband.dir/home/arshavin/uu/master/WCNES_PROJ/pico-sdk/src/rp2_common/pico_printf/printf.c.o
 .rodata.crlf_str.0
                0x0000000010008a50        0x2 CMakeFiles/carrier_receiver_baseband.dir/home/arshavin/uu/master/WCNES_PROJ/pico-sdk/src/rp2_common/pico_stdio/stdio.c.o
 *fill*         0x0000000010008a52        0x2 
 .rodata._resetd_driver
                0x0000000010008a54       0x20 CMakeFiles/carrier_receiver_baseband.dir/home/arshavin/uu/master/WCNES_PROJ/pico-sdk/src/rp2_common/pico_stdio_usb/reset_interface.c.o
 .rodata.desc_bos
                0x0000000010008a74       0x21 CMakeFiles/carrier_receiver_baseband.dir/home/arshavin/uu/master/WCNES_PROJ/pico-sdk/src/rp2_common/pico_stdio_usb/reset_interface.c.o
                0x0000000010008a74                desc_bos
 *fill*         0x0000000010008a95        0x3 
 .rodata.desc_ms_os_20
                0x0000000010008a98       0xa6 CMakeFiles/carrier_receiver_baseband.dir/home/arshavin/uu/master/WCNES_PROJ/pico-sdk/src/rp2_common/pico_stdio_usb/reset_interface.c.o
 *fill*         0x0000000010008b3e        0x2 
 .rodata.str1.4
                0x0000000010008b40       0x13 CMakeFiles/carrier_receiver_baseband.dir/home/arshavin/uu/master/WCNES_PROJ/pico-sdk/src/rp2_common/pico_stdio_usb/stdio_usb.c.o
 *fill*         0x0000000010008b53        0x1 
 .rodata.__bi_197.0
                0x0000000010008b54        0xc CMakeFiles/carrier_receiver_baseband.dir/home/arshavin/uu/master/WCNES_PROJ/pico-sdk/src/rp2_common/pico_stdio_usb/stdio_usb.c.o
 .rodata.str1.4
                0x0000000010008b60       0x2a CMakeFiles/carrier_receiver_baseband.dir/home/arshavin/uu/master/WCNES_PROJ/pico-sdk/src/rp2_common/pico_stdio_usb/stdio_usb_descriptors.c.o
 *fill*         0x0000000010008b8a        0x2 
 .rodata.usbd_desc_cfg
                0x0000000010008b8c       0x54 CMakeFiles/carrier_receiver_baseband.dir/home/arshavin/uu/master/WCNES_PROJ/pico-sdk/src/rp2_common/pico_stdio_usb/stdio_usb_descriptors.c.o
 .rodata.usbd_desc_device
                0x0000000010008be0       0x12 CMakeFiles/carrier_receiver_baseband.dir/home/arshavin/uu/master/WCNES_PROJ/pico-sdk/src/rp2_common/pico_stdio_usb/stdio_usb_descriptors.c.o
 *fill*         0x0000000010008bf2        0x2 
 .rodata.usbd_desc_str
                0x0000000010008bf4       0x18 CMakeFiles/carrier_receiver_baseband.dir/home/arshavin/uu/master/WCNES_PROJ/pico-sdk/src/rp2_common/pico_stdio_usb/stdio_usb_descriptors.c.o
 .rodata.str1.4
                0x0000000010008c0c       0x14 CMakeFiles/carrier_receiver_baseband.dir/home/arshavin/uu/master/WCNES_PROJ/pico-sdk/lib/tinyusb/src/portable/raspberrypi/rp2040/dcd_rp2040.c.o
 .rodata.str1.4
                0x0000000010008c20       0x48 CMakeFiles/carrier_receiver_baseband.dir/home/arshavin/uu/master/WCNES_PROJ/pico-sdk/lib/tinyusb/src/portable/raspberrypi/rp2040/rp2040_usb.c.o
 .rodata.tud_task_ext
                0x0000000010008c68       0x8c CMakeFiles/carrier_receiver_baseband.dir/home/arshavin/uu/master/WCNES_PROJ/pico-sdk/lib/tinyusb/src/device/usbd.c.o
 .rodata        0x0000000010008cf4       0x1c CMakeFiles/carrier_receiver_baseband.dir/home/arshavin/uu/master/WCNES_PROJ/pico-sdk/lib/tinyusb/src/device/usbd.c.o
 .rodata._usbd_driver
                0x0000000010008d10       0x40 CMakeFiles/carrier_receiver_baseband.dir/home/arshavin/uu/master/WCNES_PROJ/pico-sdk/lib/tinyusb/src/device/usbd.c.o
                0x0000000010008d50                . = ALIGN (0x4)
 *(SORT_BY_ALIGNMENT(SORT_BY_NAME(.flashdata*)))
                0x0000000010008d50                . = ALIGN (0x4)

.ARM.extab
 *(.ARM.extab* .gnu.linkonce.armextab.*)
                0x0000000010008d50                __exidx_start = .

.ARM.exidx
 *(.ARM.exidx* .gnu.linkonce.armexidx.*)
                0x0000000010008d50                __exidx_end = .
                0x0000000010008d50                . = ALIGN (0x4)
                0x0000000010008d50                __binary_info_start = .

.binary_info    0x0000000010008d50       0x20
 *(.binary_info.keep.*)
 .binary_info.keep.__bi_ptr26
                0x0000000010008d50        0x4 CMakeFiles/carrier_receiver_baseband.dir/home/arshavin/uu/master/WCNES_PROJ/pico-sdk/src/rp2_common/pico_standard_binary_info/standard_binary_info.c.o
 .binary_info.keep.__bi_ptr34
                0x0000000010008d54        0x4 CMakeFiles/carrier_receiver_baseband.dir/home/arshavin/uu/master/WCNES_PROJ/pico-sdk/src/rp2_common/pico_standard_binary_info/standard_binary_info.c.o
 .binary_info.keep.__bi_ptr42
                0x0000000010008d58        0x4 CMakeFiles/carrier_receiver_baseband.dir/home/arshavin/uu/master/WCNES_PROJ/pico-sdk/src/rp2_common/pico_standard_binary_info/standard_binary_info.c.o
 .binary_info.keep.__bi_ptr48
                0x0000000010008d5c        0x4 CMakeFiles/carrier_receiver_baseband.dir/home/arshavin/uu/master/WCNES_PROJ/pico-sdk/src/rp2_common/pico_standard_binary_info/standard_binary_info.c.o
 .binary_info.keep.__bi_ptr54
                0x0000000010008d60        0x4 CMakeFiles/carrier_receiver_baseband.dir/home/arshavin/uu/master/WCNES_PROJ/pico-sdk/src/rp2_common/pico_standard_binary_info/standard_binary_info.c.o
 .binary_info.keep.__bi_ptr78
                0x0000000010008d64        0x4 CMakeFiles/carrier_receiver_baseband.dir/home/arshavin/uu/master/WCNES_PROJ/pico-sdk/src/rp2_common/pico_standard_binary_info/standard_binary_info.c.o
 .binary_info.keep.__bi_ptr84
                0x0000000010008d68        0x4 CMakeFiles/carrier_receiver_baseband.dir/home/arshavin/uu/master/WCNES_PROJ/pico-sdk/src/rp2_common/pico_standard_binary_info/standard_binary_info.c.o
 *(.binary_info.*)
 .binary_info.__bi_ptr197
                0x0000000010008d6c        0x4 CMakeFiles/carrier_receiver_baseband.dir/home/arshavin/uu/master/WCNES_PROJ/pico-sdk/src/rp2_common/pico_stdio_usb/stdio_usb.c.o
                0x0000000010008d70                __binary_info_end = .

.rel.dyn        0x0000000010008d70        0x0
 .rel.iplt      0x0000000010008d70        0x0 /usr/lib/gcc/arm-none-eabi/10.3.1/thumb/v6-m/nofp/crtbegin.o
                0x0000000010008d70                . = ALIGN (0x4)

.ram_vector_table
                0x0000000020000000       0xc0
 *(.ram_vector_table)
 .ram_vector_table
                0x0000000020000000       0xc0 CMakeFiles/carrier_receiver_baseband.dir/home/arshavin/uu/master/WCNES_PROJ/pico-sdk/src/rp2_common/pico_runtime_init/runtime_init.c.o
                0x0000000020000000                ram_vector_table

.uninitialized_data
                0x00000000200000c0        0x0
                0x00000000200000c0                . = ALIGN (0x4)
 *(.uninitialized_data*)

.data           0x00000000200000c0      0xfe0 load address 0x0000000010008d70
                0x00000000200000c0                __data_start__ = .
 *(vtable)
 *(.time_critical*)
 .time_critical.mutex_try_enter
                0x00000000200000c0       0x44 CMakeFiles/carrier_receiver_baseband.dir/home/arshavin/uu/master/WCNES_PROJ/pico-sdk/src/common/pico_sync/mutex.c.o
                0x00000000200000c0                mutex_try_enter
 .time_critical.mutex_try_enter_block_until
                0x0000000020000104       0x9c CMakeFiles/carrier_receiver_baseband.dir/home/arshavin/uu/master/WCNES_PROJ/pico-sdk/src/common/pico_sync/mutex.c.o
                0x0000000020000104                mutex_try_enter_block_until
 .time_critical.mutex_enter_timeout_ms
                0x00000000200001a0       0x90 CMakeFiles/carrier_receiver_baseband.dir/home/arshavin/uu/master/WCNES_PROJ/pico-sdk/src/common/pico_sync/mutex.c.o
                0x00000000200001a0                mutex_enter_timeout_ms
 .time_critical.mutex_exit
                0x0000000020000230       0x28 CMakeFiles/carrier_receiver_baseband.dir/home/arshavin/uu/master/WCNES_PROJ/pico-sdk/src/common/pico_sync/mutex.c.o
                0x0000000020000230                mutex_exit
 .time_critical.flash_init_boot2_copyout
                0x0000000020000258       0x30 CMakeFiles/carrier_receiver_baseband.dir/home/arshavin/uu/master/WCNES_PROJ/pico-sdk/src/rp2_common/hardware_flash/flash.c.o
 .time_critical.flash_enable_xip_via_boot2
                0x0000000020000288       0x10 CMakeFiles/carrier_receiver_baseband.dir/home/arshavin/uu/master/WCNES_PROJ/pico-sdk/src/rp2_common/hardware_flash/flash.c.o
 .time_critical.flash_cs_force
                0x0000000020000298       0x38 CMakeFiles/carrier_receiver_baseband.dir/home/arshavin/uu/master/WCNES_PROJ/pico-sdk/src/rp2_common/hardware_flash/flash.c.o
 .time_critical.flash_do_cmd
                0x00000000200002d0       0xc4 CMakeFiles/carrier_receiver_baseband.dir/home/arshavin/uu/master/WCNES_PROJ/pico-sdk/src/rp2_common/hardware_flash/flash.c.o
                0x00000000200002d0                flash_do_cmd
 .time_critical.reset_non_control_endpoints
                0x0000000020000394       0xbc CMakeFiles/carrier_receiver_baseband.dir/home/arshavin/uu/master/WCNES_PROJ/pico-sdk/lib/tinyusb/src/portable/raspberrypi/rp2040/dcd_rp2040.c.o
 .time_critical.hw_handle_buff_status
                0x0000000020000450       0x98 CMakeFiles/carrier_receiver_baseband.dir/home/arshavin/uu/master/WCNES_PROJ/pico-sdk/lib/tinyusb/src/portable/raspberrypi/rp2040/dcd_rp2040.c.o
 .time_critical.dcd_rp2040_irq
                0x00000000200004e8      0x530 CMakeFiles/carrier_receiver_baseband.dir/home/arshavin/uu/master/WCNES_PROJ/pico-sdk/lib/tinyusb/src/portable/raspberrypi/rp2040/dcd_rp2040.c.o
 .time_critical.prepare_ep_buffer
                0x0000000020000a18       0xf4 CMakeFiles/carrier_receiver_baseband.dir/home/arshavin/uu/master/WCNES_PROJ/pico-sdk/lib/tinyusb/src/portable/raspberrypi/rp2040/rp2040_usb.c.o
 .time_critical.sync_ep_buffer
                0x0000000020000b0c       0xb4 CMakeFiles/carrier_receiver_baseband.dir/home/arshavin/uu/master/WCNES_PROJ/pico-sdk/lib/tinyusb/src/portable/raspberrypi/rp2040/rp2040_usb.c.o
 .time_critical._hw_endpoint_xfer_sync
                0x0000000020000bc0       0x28 CMakeFiles/carrier_receiver_baseband.dir/home/arshavin/uu/master/WCNES_PROJ/pico-sdk/lib/tinyusb/src/portable/raspberrypi/rp2040/rp2040_usb.c.o
 .time_critical.e15_is_bulkin_ep
                0x0000000020000be8       0x28 CMakeFiles/carrier_receiver_baseband.dir/home/arshavin/uu/master/WCNES_PROJ/pico-sdk/lib/tinyusb/src/portable/raspberrypi/rp2040/rp2040_usb.c.o
 .time_critical.e15_is_critical_frame_period
                0x0000000020000c10       0x34 CMakeFiles/carrier_receiver_baseband.dir/home/arshavin/uu/master/WCNES_PROJ/pico-sdk/lib/tinyusb/src/portable/raspberrypi/rp2040/rp2040_usb.c.o
 .time_critical.hw_endpoint_reset_transfer
                0x0000000020000c44        0xc CMakeFiles/carrier_receiver_baseband.dir/home/arshavin/uu/master/WCNES_PROJ/pico-sdk/lib/tinyusb/src/portable/raspberrypi/rp2040/rp2040_usb.c.o
                0x0000000020000c44                hw_endpoint_reset_transfer
 .time_critical._hw_endpoint_buffer_control_update32
                0x0000000020000c50       0x50 CMakeFiles/carrier_receiver_baseband.dir/home/arshavin/uu/master/WCNES_PROJ/pico-sdk/lib/tinyusb/src/portable/raspberrypi/rp2040/rp2040_usb.c.o
                0x0000000020000c50                _hw_endpoint_buffer_control_update32
 .time_critical.hw_endpoint_start_next_buffer
                0x0000000020000ca0       0x6c CMakeFiles/carrier_receiver_baseband.dir/home/arshavin/uu/master/WCNES_PROJ/pico-sdk/lib/tinyusb/src/portable/raspberrypi/rp2040/rp2040_usb.c.o
                0x0000000020000ca0                hw_endpoint_start_next_buffer
 .time_critical.hw_endpoint_xfer_continue
                0x0000000020000d0c       0x40 CMakeFiles/carrier_receiver_baseband.dir/home/arshavin/uu/master/WCNES_PROJ/pico-sdk/lib/tinyusb/src/portable/raspberrypi/rp2040/rp2040_usb.c.o
                0x0000000020000d0c                hw_endpoint_xfer_continue
 .time_critical.tinyusb
                0x0000000020000d4c      0x1f0 CMakeFiles/carrier_receiver_baseband.dir/home/arshavin/uu/master/WCNES_PROJ/pico-sdk/lib/tinyusb/src/device/usbd.c.o
                0x0000000020000d4c                dcd_event_handler
 *(.text*)
 .text          0x0000000020000f3c        0x4 /usr/lib/gcc/arm-none-eabi/10.3.1/thumb/v6-m/nofp/libgcc.a(_dvmd_tls.o)
                0x0000000020000f3c                __aeabi_ldiv0
                0x0000000020000f3c                __aeabi_idiv0
 .text.__stub   0x0000000020000f40       0x80 linker stubs
                0x0000000020000fc0                . = ALIGN (0x4)
 *(.rodata*)
                0x0000000020000fc0                . = ALIGN (0x4)
 *(.data*)
 .data.packet_hdr_1352
                0x0000000020000fc0        0xa CMakeFiles/carrier_receiver_baseband.dir/home/arshavin/uu/master/WCNES_PROJ/wcnes-project2025/project_pico_libs/packet_generation.c.o
                0x0000000020000fc0                packet_hdr_1352
 *fill*         0x0000000020000fca        0x2 
 .data.packet_hdr_2500
                0x0000000020000fcc        0xa CMakeFiles/carrier_receiver_baseband.dir/home/arshavin/uu/master/WCNES_PROJ/wcnes-project2025/project_pico_libs/packet_generation.c.o
                0x0000000020000fcc                packet_hdr_2500
 *fill*         0x0000000020000fd6        0x2 
 .data.seed     0x0000000020000fd8        0x4 CMakeFiles/carrier_receiver_baseband.dir/home/arshavin/uu/master/WCNES_PROJ/wcnes-project2025/project_pico_libs/packet_generation.c.o