Archive member included to satisfy reference by file (symbol)

/usr/lib/gcc/arm-none-eabi/10.3.1/thumb/v6-m/nofp/libgcc.a(_dvmd_tls.o)
                              CMakeFiles/carrier_receiver_baseband.dir/home/arshavin/uu/master/WCNES_PROJ/pico-sdk/src/rp2_common/pico_divider/divider_hardware.S.o (__aeabi_idiv0)
/usr/lib/gcc/arm-none-eabi/10.3.1/../../../arm-none-eabi/lib/thumb/v6-m/nofp/libg.a(lib_a-atexit.o)
                              /usr/lib/gcc/arm-none-eabi/10.3.1/../../../arm-none-eabi/lib/thumb/v6-m/nofp/crt0.o (atexit)
/usr/lib/gcc/arm-none-eabi/10.3.1/../../../arm-none-eabi/lib/thumb/v6-m/nofp/libg.a(lib_a-calloc.o)
                              CMakeFiles/carrier_receiver_baseband.dir/home/arshavin/uu/master/WCNES_PROJ/pico-sdk/src/rp2_common/pico_malloc/malloc.c.o (calloc)
/usr/lib/gcc/arm-none-eabi/10.3.1/../../../arm-none-eabi/lib/thumb/v6-m/nofp/libg.a(lib_a-callocr.o)
                              /usr/lib/gcc/arm-none-eabi/10.3.1/../../../arm-none-eabi/lib/thumb/v6-m/nofp/libg.a(lib_a-calloc.o) (_calloc_r)
/usr/lib/gcc/arm-none-eabi/10.3.1/../../../arm-none-eabi/lib/thumb/v6-m/nofp/libg.a(lib_a-fini.o)
                              /usr/lib/gcc/arm-none-eabi/10.3.1/../../../arm-none-eabi/lib/thumb/v6-m/nofp/crt0.o (__libc_fini_array)
/usr/lib/gcc/arm-none-eabi/10.3.1/../../../arm-none-eabi/lib/thumb/v6-m/nofp/libg.a(lib_a-impure.o)
                              /usr/lib/gcc/arm-none-eabi/10.3.1/../../../arm-none-eabi/lib/thumb/v6-m/nofp/libg.a(lib_a-calloc.o) (_impure_ptr)
/usr/lib/gcc/arm-none-eabi/10.3.1/../../../arm-none-eabi/lib/thumb/v6-m/nofp/libg.a(lib_a-init.o)
                              /usr/lib/gcc/arm-none-eabi/10.3.1/../../../arm-none-eabi/lib/thumb/v6-m/nofp/crt0.o (__libc_init_array)
/usr/lib/gcc/arm-none-eabi/10.3.1/../../../arm-none-eabi/lib/thumb/v6-m/nofp/libg.a(lib_a-lcltime_r.o)
                              CMakeFiles/carrier_receiver_baseband.dir/home/arshavin/uu/master/WCNES_PROJ/pico-sdk/src/common/pico_util/datetime.c.o (localtime_r)
/usr/lib/gcc/arm-none-eabi/10.3.1/../../../arm-none-eabi/lib/thumb/v6-m/nofp/libg.a(lib_a-malloc.o)
                              CMakeFiles/carrier_receiver_baseband.dir/home/arshavin/uu/master/WCNES_PROJ/pico-sdk/src/rp2_common/pico_malloc/malloc.c.o (malloc)
/usr/lib/gcc/arm-none-eabi/10.3.1/../../../arm-none-eabi/lib/thumb/v6-m/nofp/libg.a(lib_a-mallocr.o)
                              /usr/lib/gcc/arm-none-eabi/10.3.1/../../../arm-none-eabi/lib/thumb/v6-m/nofp/libg.a(lib_a-callocr.o) (_malloc_r)
/usr/lib/gcc/arm-none-eabi/10.3.1/../../../arm-none-eabi/lib/thumb/v6-m/nofp/libg.a(lib_a-memcmp.o)
                              CMakeFiles/carrier_receiver_baseband.dir/home/arshavin/uu/master/WCNES_PROJ/pico-sdk/src/rp2_common/pico_atomic/atomic.c.o (memcmp)
/usr/lib/gcc/arm-none-eabi/10.3.1/../../../arm-none-eabi/lib/thumb/v6-m/nofp/libg.a(lib_a-mktime.o)
                              CMakeFiles/carrier_receiver_baseband.dir/home/arshavin/uu/master/WCNES_PROJ/pico-sdk/src/common/pico_util/datetime.c.o (mktime)
/usr/lib/gcc/arm-none-eabi/10.3.1/../../../arm-none-eabi/lib/thumb/v6-m/nofp/libg.a(lib_a-mlock.o)
                              /usr/lib/gcc/arm-none-eabi/10.3.1/../../../arm-none-eabi/lib/thumb/v6-m/nofp/libg.a(lib_a-mallocr.o) (__malloc_lock)
/usr/lib/gcc/arm-none-eabi/10.3.1/../../../arm-none-eabi/lib/thumb/v6-m/nofp/libg.a(lib_a-month_lengths.o)
                              /usr/lib/gcc/arm-none-eabi/10.3.1/../../../arm-none-eabi/lib/thumb/v6-m/nofp/libg.a(lib_a-lcltime_r.o) (__month_lengths)
/usr/lib/gcc/arm-none-eabi/10.3.1/../../../arm-none-eabi/lib/thumb/v6-m/nofp/libg.a(lib_a-realloc.o)
                              CMakeFiles/carrier_receiver_baseband.dir/home/arshavin/uu/master/WCNES_PROJ/pico-sdk/src/rp2_common/pico_malloc/malloc.c.o (realloc)
/usr/lib/gcc/arm-none-eabi/10.3.1/../../../arm-none-eabi/lib/thumb/v6-m/nofp/libg.a(lib_a-reallocr.o)
                              /usr/lib/gcc/arm-none-eabi/10.3.1/../../../arm-none-eabi/lib/thumb/v6-m/nofp/libg.a(lib_a-realloc.o) (_realloc_r)
/usr/lib/gcc/arm-none-eabi/10.3.1/../../../arm-none-eabi/lib/thumb/v6-m/nofp/libg.a(lib_a-sbrkr.o)
                              /usr/lib/gcc/arm-none-eabi/10.3.1/../../../arm-none-eabi/lib/thumb/v6-m/nofp/libg.a(lib_a-mallocr.o) (_sbrk_r)
/usr/lib/gcc/arm-none-eabi/10.3.1/../../../arm-none-eabi/lib/thumb/v6-m/nofp/libg.a(lib_a-strlen-stub.o)
                              CMakeFiles/carrier_receiver_baseband.dir/home/arshavin/uu/master/WCNES_PROJ/pico-sdk/src/rp2_common/pico_stdio/stdio.c.o (strlen)
/usr/lib/gcc/arm-none-eabi/10.3.1/../../../arm-none-eabi/lib/thumb/v6-m/nofp/libg.a(lib_a-tzcalc_limits.o)
                              /usr/lib/gcc/arm-none-eabi/10.3.1/../../../arm-none-eabi/lib/thumb/v6-m/nofp/libg.a(lib_a-lcltime_r.o) (__tzcalc_limits)
/usr/lib/gcc/arm-none-eabi/10.3.1/../../../arm-none-eabi/lib/thumb/v6-m/nofp/libg.a(lib_a-tzlock.o)
[...]
Memory Configuration

Name             Origin             Length             Attributes
FLASH            0x0000000010000000 0x0000000000200000 xr
RAM              0x0000000020000000 0x0000000000040000 xrw
SCRATCH_X        0x0000000020040000 0x0000000000001000 xrw
SCRATCH_Y        0x0000000020041000 0x0000000000001000 xrw
*default*        0x0000000000000000 0xffffffffffffffff

Linker script and memory map

LOAD /usr/lib/gcc/arm-none-eabi/10.3.1/thumb/v6-m/nofp/crti.o
LOAD /usr/lib/gcc/arm-none-eabi/10.3.1/thumb/v6-m/nofp/crtbegin.o
LOAD /usr/lib/gcc/arm-none-eabi/10.3.1/../../../arm-none-eabi/lib/thumb/v6-m/nofp/crt0.o

.flash_begin    0x0000000010000000        0x0
                0x0000000010000000                __flash_binary_start = .

.boot2          0x0000000010000000      0x100
                0x0000000010000000                __boot2_start__ = .
 *(.boot2)
 .boot2         0x0000000010000000      0x100 pico-sdk/src/rp2040/boot_stage2/CMakeFiles/bs2_default_library.dir/bs2_default_padded_checksummed.S.o
                0x0000000010000100                __boot2_end__ = .
                0x0000000000000001                ASSERT (((__boot2_end__ - __boot2_start__) == 0x100), ERROR: Pico second stage bootloader must be 256 bytes in size)

.text           0x0000000010000100     0xa234
                0x0000000010000100                __logical_binary_start = .
 *(.vectors)
 .vectors       0x0000000010000100       0xd4 CMakeFiles/carrier_receiver_baseband.dir/home/arshavin/uu/master/WCNES_PROJ/pico-sdk/src/rp2_common/pico_crt0/crt0.S.o
                0x0000000010000100                __vectors
                0x0000000010000100                __VECTOR_TABLE
                0x00000000100001c0                isr_invalid
                0x00000000100001c0                __default_isrs_start
                0x00000000100001c2                isr_nmi
                0x00000000100001c4                isr_hardfault
                0x00000000100001c6                isr_svcall
                0x00000000100001c8                isr_pendsv
                0x00000000100001ca                isr_systick
                0x00000000100001cc                isr_irq30
                0x00000000100001cc                __unhandled_user_irq
                0x00000000100001cc                isr_irq13
                0x00000000100001cc                isr_irq27
                0x00000000100001cc                isr_irq31
                0x00000000100001cc                isr_irq5
                0x00000000100001cc                isr_irq11
                0x00000000100001cc                isr_irq23
                0x00000000100001cc                isr_irq18
                0x00000000100001cc                isr_irq28
                0x00000000100001cc                isr_irq19
                0x00000000100001cc                isr_irq0
                0x00000000100001cc                isr_irq6
                0x00000000100001cc                isr_irq22
                0x00000000100001cc                isr_irq17
                0x00000000100001cc                isr_irq14
                0x00000000100001cc                isr_irq2
                0x00000000100001cc                isr_irq10
                0x00000000100001cc                isr_irq8
                0x00000000100001cc                isr_irq24
                0x00000000100001cc                isr_irq1
                0x00000000100001cc                isr_irq7
                0x00000000100001cc                isr_irq21
                0x00000000100001cc                isr_irq20
                0x00000000100001cc                isr_irq15
                0x00000000100001cc                isr_irq25
                0x00000000100001cc                isr_irq4
                0x00000000100001cc                isr_irq16
                0x00000000100001cc                isr_irq29
                0x00000000100001cc                isr_irq26
                0x00000000100001cc                __default_isrs_end
                0x00000000100001cc                isr_irq3
                0x00000000100001cc                isr_irq12
                0x00000000100001cc                isr_irq9
                0x00000000100001d2                unhandled_user_irq_num_in_r0
 *(.binary_info_header)
 .binary_info_header
                0x00000000100001d4       0x14 CMakeFiles/carrier_receiver_baseband.dir/home/arshavin/uu/master/WCNES_PROJ/pico-sdk/src/rp2_common/pico_crt0/crt0.S.o
                0x00000000100001e8                __binary_info_header_end = .
 *(.embedded_block)
                0x00000000100001e8                __embedded_block_end = .
 *(.reset)
 .reset         0x00000000100001e8       0x9c CMakeFiles/carrier_receiver_baseband.dir/home/arshavin/uu/master/WCNES_PROJ/pico-sdk/src/rp2_common/pico_crt0/crt0.S.o
                0x00000000100001e8                _entry_point
 *(.init)
 .init          0x0000000010000284        0x4 /usr/lib/gcc/arm-none-eabi/10.3.1/thumb/v6-m/nofp/crti.o
                0x0000000010000284                _init
 *(EXCLUDE_FILE(*libm.a: *libc.a:*lib_a-mem*.o *libgcc.a:) .text*)
 .text          0x0000000010000288       0x98 /usr/lib/gcc/arm-none-eabi/10.3.1/thumb/v6-m/nofp/crtbegin.o
 .text.startup.main
                0x0000000010000320      0x20c CMakeFiles/carrier_receiver_baseband.dir/main.c.o
                0x0000000010000320                main
 .text.packet_hdr_template
                0x000000001000052c       0x1c CMakeFiles/carrier_receiver_baseband.dir/home/arshavin/uu/master/WCNES_PROJ/wcnes-project2025/project_pico_libs/packet_generation.c.o
                0x000000001000052c                packet_hdr_template
 .text.generate_sample
                0x0000000010000548      0x100 CMakeFiles/carrier_receiver_baseband.dir/home/arshavin/uu/master/WCNES_PROJ/wcnes-project2025/project_pico_libs/packet_generation.c.o
                0x0000000010000548                generate_sample
 .text.generate_data
                0x0000000010000648       0x54 CMakeFiles/carrier_receiver_baseband.dir/home/arshavin/uu/master/WCNES_PROJ/wcnes-project2025/project_pico_libs/packet_generation.c.o
                0x0000000010000648                generate_data
 .text.add_header
                0x000000001000069c       0x44 CMakeFiles/carrier_receiver_baseband.dir/home/arshavin/uu/master/WCNES_PROJ/wcnes-project2025/project_pico_libs/packet_generation.c.o
                0x000000001000069c                add_header
 .text.receiver_isr
                0x00000000100006e0       0x38 CMakeFiles/carrier_receiver_baseband.dir/home/arshavin/uu/master/WCNES_PROJ/wcnes-project2025/project_pico_libs/receiver_CC2500.c.o
                0x00000000100006e0                receiver_isr
 .text.setupReceiver
                0x0000000010000718       0xf4 CMakeFiles/carrier_receiver_baseband.dir/home/arshavin/uu/master/WCNES_PROJ/wcnes-project2025/project_pico_libs/receiver_CC2500.c.o
                0x0000000010000718                setupReceiver
 .text.RX_start_listen
                0x000000001000080c       0xd8 CMakeFiles/carrier_receiver_baseband.dir/home/arshavin/uu/master/WCNES_PROJ/wcnes-project2025/project_pico_libs/receiver_CC2500.c.o
                0x000000001000080c                RX_start_listen
 .text.RX_stop_listen
                0x00000000100008e4       0x48 CMakeFiles/carrier_receiver_baseband.dir/home/arshavin/uu/master/WCNES_PROJ/wcnes-project2025/project_pico_libs/receiver_CC2500.c.o
                0x00000000100008e4                RX_stop_listen
 .text.readPacket
                0x000000001000092c      0x108 CMakeFiles/carrier_receiver_baseband.dir/home/arshavin/uu/master/WCNES_PROJ/wcnes-project2025/project_pico_libs/receiver_CC2500.c.o
                0x000000001000092c                readPacket
 .text.printPacket
                0x0000000010000a34      0x11c CMakeFiles/carrier_receiver_baseband.dir/home/arshavin/uu/master/WCNES_PROJ/wcnes-project2025/project_pico_libs/receiver_CC2500.c.o
                0x0000000010000a34                printPacket
 .text.get_event
                0x0000000010000b50       0x28 CMakeFiles/carrier_receiver_baseband.dir/home/arshavin/uu/master/WCNES_PROJ/wcnes-project2025/project_pico_libs/receiver_CC2500.c.o
                0x0000000010000b50                get_event
 .text.set_datarate_rx
                0x0000000010000b78      0x1b4 CMakeFiles/carrier_receiver_baseband.dir/home/arshavin/uu/master/WCNES_PROJ/wcnes-project2025/project_pico_libs/receiver_CC2500.c.o
                0x0000000010000b78                set_datarate_rx
 .text.set_filter_bandwidth_rx
                0x0000000010000d2c      0x1b0 CMakeFiles/carrier_receiver_baseband.dir/home/arshavin/uu/master/WCNES_PROJ/wcnes-project2025/project_pico_libs/receiver_CC2500.c.o
                0x0000000010000d2c                set_filter_bandwidth_rx
 .text.set_frequency_deviation_rx
                0x0000000010000edc      0x190 CMakeFiles/carrier_receiver_baseband.dir/home/arshavin/uu/master/WCNES_PROJ/wcnes-project2025/project_pico_libs/receiver_CC2500.c.o
                0x0000000010000edc                set_frequency_deviation_rx
 .text.set_frecuency_rx
                0x000000001000106c      0x1c4 CMakeFiles/carrier_receiver_baseband.dir/home/arshavin/uu/master/WCNES_PROJ/wcnes-project2025/project_pico_libs/receiver_CC2500.c.o
                0x000000001000106c                set_frecuency_rx
 .text.setupCarrier
                0x0000000010001230       0xf4 CMakeFiles/carrier_receiver_baseband.dir/home/arshavin/uu/master/WCNES_PROJ/wcnes-project2025/project_pico_libs/carrier_CC2500.c.o
                0x0000000010001230                setupCarrier
 .text.startCarrier
                0x0000000010001324       0x44 CMakeFiles/carrier_receiver_baseband.dir/home/arshavin/uu/master/WCNES_PROJ/wcnes-project2025/project_pico_libs/carrier_CC2500.c.o
                0x0000000010001324                startCarrier
 .text.stopCarrier
                0x0000000010001368       0x44 CMakeFiles/carrier_receiver_baseband.dir/home/arshavin/uu/master/WCNES_PROJ/wcnes-project2025/project_pico_libs/carrier_CC2500.c.o
                0x0000000010001368                stopCarrier
 .text.set_frecuency_tx
                0x00000000100013ac      0x1c0 CMakeFiles/carrier_receiver_baseband.dir/home/arshavin/uu/master/WCNES_PROJ/wcnes-project2025/project_pico_libs/carrier_CC2500.c.o
                0x00000000100013ac                set_frecuency_tx
 .text.generatePIOprogram
                0x000000001000156c      0x590 CMakeFiles/carrier_receiver_baseband.dir/home/arshavin/uu/master/WCNES_PROJ/wcnes-project2025/project_pico_libs/backscatter.c.o
                0x000000001000156c                generatePIOprogram
 .text.backscatter_program_init
                0x0000000010001afc      0x304 CMakeFiles/carrier_receiver_baseband.dir/home/arshavin/uu/master/WCNES_PROJ/wcnes-project2025/project_pico_libs/backscatter.c.o
                0x0000000010001afc                backscatter_program_init
 .text.backscatter_send
                0x0000000010001e00       0x34 CMakeFiles/carrier_receiver_baseband.dir/home/arshavin/uu/master/WCNES_PROJ/wcnes-project2025/project_pico_libs/backscatter.c.o
                0x0000000010001e00                backscatter_send
 .text.gpio_default_irq_handler
                0x0000000010001e34      0x270 CMakeFiles/carrier_receiver_baseband.dir/home/arshavin/uu/master/WCNES_PROJ/pico-sdk/src/rp2_common/hardware_gpio/gpio.c.o
 .text.gpio_set_function
                0x00000000100020a4       0x34 CMakeFiles/carrier_receiver_baseband.dir/home/arshavin/uu/master/WCNES_PROJ/pico-sdk/src/rp2_common/hardware_gpio/gpio.c.o
                0x00000000100020a4                gpio_set_function
 .text.gpio_set_irq_enabled_with_callback
                0x00000000100020d8       0xd0 CMakeFiles/carrier_receiver_baseband.dir/home/arshavin/uu/master/WCNES_PROJ/pico-sdk/src/rp2_common/hardware_gpio/gpio.c.o
                0x00000000100020d8                gpio_set_irq_enabled_with_callback
 .text.gpio_init
                0x00000000100021a8       0x40 CMakeFiles/carrier_receiver_baseband.dir/home/arshavin/uu/master/WCNES_PROJ/pico-sdk/src/rp2_common/hardware_gpio/gpio.c.o
                0x00000000100021a8                gpio_init
 .text.rp2040_chip_version
                0x00000000100021e8        0xc CMakeFiles/carrier_receiver_baseband.dir/home/arshavin/uu/master/WCNES_PROJ/pico-sdk/src/rp2040/pico_platform/platform.c.o
                0x00000000100021e8                rp2040_chip_version
 .text.panic    0x00000000100021f4       0x30 CMakeFiles/carrier_receiver_baseband.dir/home/arshavin/uu/master/WCNES_PROJ/pico-sdk/src/rp2_common/pico_platform_panic/panic.c.o
                0x00000000100021f4                panic
 .text.hw_claim_lock
                0x0000000010002224       0x18 CMakeFiles/carrier_receiver_baseband.dir/home/arshavin/uu/master/WCNES_PROJ/pico-sdk/src/common/hardware_claim/claim.c.o
                0x0000000010002224                hw_claim_lock
 .text.hw_claim_unlock
                0x000000001000223c       0x14 CMakeFiles/carrier_receiver_baseband.dir/home/arshavin/uu/master/WCNES_PROJ/pico-sdk/src/common/hardware_claim/claim.c.o
                0x000000001000223c                hw_claim_unlock
 .text.hw_claim_or_assert
                0x0000000010002250       0x44 CMakeFiles/carrier_receiver_baseband.dir/home/arshavin/uu/master/WCNES_PROJ/pico-sdk/src/common/hardware_claim/claim.c.o
                0x0000000010002250                hw_claim_or_assert
 .text.hw_claim_unused_from_range
                0x0000000010002294       0x9c CMakeFiles/carrier_receiver_baseband.dir/home/arshavin/uu/master/WCNES_PROJ/pico-sdk/src/common/hardware_claim/claim.c.o
                0x0000000010002294                hw_claim_unused_from_range
 .text.next_striped_spin_lock_num
                0x0000000010002330       0x18 CMakeFiles/carrier_receiver_baseband.dir/home/arshavin/uu/master/WCNES_PROJ/pico-sdk/src/rp2_common/hardware_sync/sync.c.o
                0x0000000010002330                next_striped_spin_lock_num
 .text.spin_lock_claim_unused
                0x0000000010002348       0x20 CMakeFiles/carrier_receiver_baseband.dir/home/arshavin/uu/master/WCNES_PROJ/pico-sdk/src/rp2_common/hardware_sync/sync.c.o
                0x0000000010002348                spin_lock_claim_unused
 .text.spin_locks_reset
                0x0000000010002368       0x1c CMakeFiles/carrier_receiver_baseband.dir/home/arshavin/uu/master/WCNES_PROJ/pico-sdk/src/rp2_common/hardware_sync_spin_lock/sync_spin_lock.c.o
                0x0000000010002368                spin_locks_reset
 .text.runtime_init_per_core_irq_priorities
                0x0000000010002384       0x24 CMakeFiles/carrier_receiver_baseband.dir/home/arshavin/uu/master/WCNES_PROJ/pico-sdk/src/rp2_common/hardware_irq/irq.c.o
                0x0000000010002384                runtime_init_per_core_irq_priorities
 .text.irq_set_enabled
                0x00000000100023a8       0x24 CMakeFiles/carrier_receiver_baseband.dir/home/arshavin/uu/master/WCNES_PROJ/pico-sdk/src/rp2_common/hardware_irq/irq.c.o
                0x00000000100023a8                irq_set_enabled
 .text.irq_is_enabled
                0x00000000100023cc       0x18 CMakeFiles/carrier_receiver_baseband.dir/home/arshavin/uu/master/WCNES_PROJ/pico-sdk/src/rp2_common/hardware_irq/irq.c.o
                0x00000000100023cc                irq_is_enabled
 .text.irq_set_pending
                0x00000000100023e4       0x10 CMakeFiles/carrier_receiver_baseband.dir/home/arshavin/uu/master/WCNES_PROJ/pico-sdk/src/rp2_common/hardware_irq/irq.c.o
                0x00000000100023e4                irq_set_pending
 .text.irq_has_shared_handler
                0x00000000100023f4       0x24 CMakeFiles/carrier_receiver_baseband.dir/home/arshavin/uu/master/WCNES_PROJ/pico-sdk/src/rp2_common/hardware_irq/irq.c.o
                0x00000000100023f4                irq_has_shared_handler
 .text.irq_set_exclusive_handler
                0x0000000010002418       0x54 CMakeFiles/carrier_receiver_baseband.dir/home/arshavin/uu/master/WCNES_PROJ/pico-sdk/src/rp2_common/hardware_irq/irq.c.o
                0x0000000010002418                irq_set_exclusive_handler
 .text.irq_add_shared_handler
                0x000000001000246c      0x1e8 CMakeFiles/carrier_receiver_baseband.dir/home/arshavin/uu/master/WCNES_PROJ/pico-sdk/src/rp2_common/hardware_irq/irq.c.o
                0x000000001000246c                irq_add_shared_handler
 .text.irq_remove_handler
                0x0000000010002654      0x1c4 CMakeFiles/carrier_receiver_baseband.dir/home/arshavin/uu/master/WCNES_PROJ/pico-sdk/src/rp2_common/hardware_irq/irq.c.o
                0x0000000010002654                irq_remove_handler
 .text.irq_add_tail_to_free_list
                0x0000000010002818       0xb4 CMakeFiles/carrier_receiver_baseband.dir/home/arshavin/uu/master/WCNES_PROJ/pico-sdk/src/rp2_common/hardware_irq/irq.c.o
                0x0000000010002818                irq_add_tail_to_free_list
 .text.user_irq_claim_unused
                0x00000000100028cc       0x28 CMakeFiles/carrier_receiver_baseband.dir/home/arshavin/uu/master/WCNES_PROJ/pico-sdk/src/rp2_common/hardware_irq/irq.c.o
                0x00000000100028cc                user_irq_claim_unused
 .text.lock_init
                0x00000000100028f4       0x10 CMakeFiles/carrier_receiver_baseband.dir/home/arshavin/uu/master/WCNES_PROJ/pico-sdk/src/common/pico_sync/lock_core.c.o
                0x00000000100028f4                lock_init
 .text.runtime_init_mutex
                0x0000000010002904       0x58 CMakeFiles/carrier_receiver_baseband.dir/home/arshavin/uu/master/WCNES_PROJ/pico-sdk/src/common/pico_sync/mutex.c.o
                0x0000000010002904                runtime_init_mutex
 .text.mutex_init
                0x000000001000295c       0x1c CMakeFiles/carrier_receiver_baseband.dir/home/arshavin/uu/master/WCNES_PROJ/pico-sdk/src/common/pico_sync/mutex.c.o
                0x000000001000295c                mutex_init
 .text.critical_section_init
                0x0000000010002978       0x20 CMakeFiles/carrier_receiver_baseband.dir/home/arshavin/uu/master/WCNES_PROJ/pico-sdk/src/common/pico_sync/critical_section.c.o
                0x0000000010002978                critical_section_init
 .text.critical_section_init_with_lock_num
                0x0000000010002998       0x14 CMakeFiles/carrier_receiver_baseband.dir/home/arshavin/uu/master/WCNES_PROJ/pico-sdk/src/common/pico_sync/critical_section.c.o
                0x0000000010002998                critical_section_init_with_lock_num
 .text.sleep_until_callback
                0x00000000100029ac       0x30 CMakeFiles/carrier_receiver_baseband.dir/home/arshavin/uu/master/WCNES_PROJ/pico-sdk/src/common/pico_time/time.c.o
 .text.alarm_pool_irq_handler
                0x00000000100029dc      0x308 CMakeFiles/carrier_receiver_baseband.dir/home/arshavin/uu/master/WCNES_PROJ/pico-sdk/src/common/pico_time/time.c.o
 .text.runtime_init_default_alarm_pool
                0x0000000010002ce4       0xdc CMakeFiles/carrier_receiver_baseband.dir/home/arshavin/uu/master/WCNES_PROJ/pico-sdk/src/common/pico_time/time.c.o
                0x0000000010002ce4                runtime_init_default_alarm_pool
 .text.alarm_pool_get_default
                0x0000000010002dc0        0x8 CMakeFiles/carrier_receiver_baseband.dir/home/arshavin/uu/master/WCNES_PROJ/pico-sdk/src/common/pico_time/time.c.o
                0x0000000010002dc0                alarm_pool_get_default
 .text.alarm_pool_add_alarm_at
                0x0000000010002dc8       0xc8 CMakeFiles/carrier_receiver_baseband.dir/home/arshavin/uu/master/WCNES_PROJ/pico-sdk/src/common/pico_time/time.c.o
                0x0000000010002dc8                alarm_pool_add_alarm_at
 .text.alarm_pool_add_alarm_at_force_in_context
                0x0000000010002e90       0xb0 CMakeFiles/carrier_receiver_baseband.dir/home/arshavin/uu/master/WCNES_PROJ/pico-sdk/src/common/pico_time/time.c.o
                0x0000000010002e90                alarm_pool_add_alarm_at_force_in_context
 .text.alarm_pool_cancel_alarm
                0x0000000010002f40       0x7c CMakeFiles/carrier_receiver_baseband.dir/home/arshavin/uu/master/WCNES_PROJ/pico-sdk/src/common/pico_time/time.c.o
                0x0000000010002f40                alarm_pool_cancel_alarm
 .text.alarm_pool_core_num
                0x0000000010002fbc        0x4 CMakeFiles/carrier_receiver_baseband.dir/home/arshavin/uu/master/WCNES_PROJ/pico-sdk/src/common/pico_time/time.c.o
                0x0000000010002fbc                alarm_pool_core_num
 .text.sleep_until
                0x0000000010002fc0       0xd0 CMakeFiles/carrier_receiver_baseband.dir/home/arshavin/uu/master/WCNES_PROJ/pico-sdk/src/common/pico_time/time.c.o
                0x0000000010002fc0                sleep_until
 .text.sleep_us
                0x0000000010003090       0x24 CMakeFiles/carrier_receiver_baseband.dir/home/arshavin/uu/master/WCNES_PROJ/pico-sdk/src/common/pico_time/time.c.o
                0x0000000010003090                sleep_us
 .text.sleep_ms
                0x00000000100030b4       0x34 CMakeFiles/carrier_receiver_baseband.dir/home/arshavin/uu/master/WCNES_PROJ/pico-sdk/src/common/pico_time/time.c.o
                0x00000000100030b4                sleep_ms
 .text.best_effort_wfe_or_timeout
                0x00000000100030e8       0xfc CMakeFiles/carrier_receiver_baseband.dir/home/arshavin/uu/master/WCNES_PROJ/pico-sdk/src/common/pico_time/time.c.o
                0x00000000100030e8                best_effort_wfe_or_timeout
 .text.timer_hardware_alarm_claim
                0x00000000100031e4       0x14 CMakeFiles/carrier_receiver_baseband.dir/home/arshavin/uu/master/WCNES_PROJ/pico-sdk/src/rp2_common/hardware_timer/timer.c.o
                0x00000000100031e4                timer_hardware_alarm_claim
 .text.timer_time_us_64
                0x00000000100031f8       0x10 CMakeFiles/carrier_receiver_baseband.dir/home/arshavin/uu/master/WCNES_PROJ/pico-sdk/src/rp2_common/hardware_timer/timer.c.o
                0x00000000100031f8                timer_time_us_64
 .text.time_us_64
                0x0000000010003208       0x14 CMakeFiles/carrier_receiver_baseband.dir/home/arshavin/uu/master/WCNES_PROJ/pico-sdk/src/rp2_common/hardware_timer/timer.c.o
                0x0000000010003208                time_us_64
 .text.busy_wait_until
                0x000000001000321c       0x20 CMakeFiles/carrier_receiver_baseband.dir/home/arshavin/uu/master/WCNES_PROJ/pico-sdk/src/rp2_common/hardware_timer/timer.c.o
                0x000000001000321c                busy_wait_until
 .text.queue_init_with_spinlock
                0x000000001000323c       0x24 CMakeFiles/carrier_receiver_baseband.dir/home/arshavin/uu/master/WCNES_PROJ/pico-sdk/src/common/pico_util/queue.c.o
                0x000000001000323c                queue_init_with_spinlock
 .text.queue_try_add
                0x0000000010003260       0x70 CMakeFiles/carrier_receiver_baseband.dir/home/arshavin/uu/master/WCNES_PROJ/pico-sdk/src/common/pico_util/queue.c.o
                0x0000000010003260                queue_try_add
 .text.queue_try_remove
                0x00000000100032d0       0x74 CMakeFiles/carrier_receiver_baseband.dir/home/arshavin/uu/master/WCNES_PROJ/pico-sdk/src/common/pico_util/queue.c.o
                0x00000000100032d0                queue_try_remove
 .text.clock_configure_int_divider
                0x0000000010003344       0xf4 CMakeFiles/carrier_receiver_baseband.dir/home/arshavin/uu/master/WCNES_PROJ/pico-sdk/src/rp2_common/hardware_clocks/clocks.c.o
                0x0000000010003344                clock_configure_int_divider
 .text.clock_configure_undivided
                0x0000000010003438       0xe8 CMakeFiles/carrier_receiver_baseband.dir/home/arshavin/uu/master/WCNES_PROJ/pico-sdk/src/rp2_common/hardware_clocks/clocks.c.o
                0x0000000010003438                clock_configure_undivided
 .text.clock_get_hz
                0x0000000010003520        0xc CMakeFiles/carrier_receiver_baseband.dir/home/arshavin/uu/master/WCNES_PROJ/pico-sdk/src/rp2_common/hardware_clocks/clocks.c.o
                0x0000000010003520                clock_get_hz
 .text.pll_init
                0x000000001000352c       0xa0 CMakeFiles/carrier_receiver_baseband.dir/home/arshavin/uu/master/WCNES_PROJ/pico-sdk/src/rp2_common/hardware_pll/pll.c.o
                0x000000001000352c                pll_init
 .text.watchdog_reboot
                0x00000000100035cc       0x98 CMakeFiles/carrier_receiver_baseband.dir/home/arshavin/uu/master/WCNES_PROJ/pico-sdk/src/rp2_common/hardware_watchdog/watchdog.c.o
                0x00000000100035cc                watchdog_reboot
 .text.tick_start
                0x0000000010003664       0x10 CMakeFiles/carrier_receiver_baseband.dir/home/arshavin/uu/master/WCNES_PROJ/pico-sdk/src/rp2_common/hardware_ticks/ticks.c.o
                0x0000000010003664                tick_start
 .text.rom_func_lookup
                0x0000000010003674       0x10 CMakeFiles/carrier_receiver_baseband.dir/home/arshavin/uu/master/WCNES_PROJ/pico-sdk/src/rp2_common/pico_bootrom/bootrom.c.o
                0x0000000010003674                rom_func_lookup
 .text.rom_data_lookup
                0x0000000010003684       0x10 CMakeFiles/carrier_receiver_baseband.dir/home/arshavin/uu/master/WCNES_PROJ/pico-sdk/src/rp2_common/pico_bootrom/bootrom.c.o
                0x0000000010003684                rom_data_lookup
 .text.rom_funcs_lookup
                0x0000000010003694       0x44 CMakeFiles/carrier_receiver_baseband.dir/home/arshavin/uu/master/WCNES_PROJ/pico-sdk/src/rp2_common/pico_bootrom/bootrom.c.o
                0x0000000010003694                rom_funcs_lookup
 .text.rom_reset_usb_boot_extra
                0x00000000100036d8       0x28 CMakeFiles/carrier_receiver_baseband.dir/home/arshavin/uu/master/WCNES_PROJ/pico-sdk/src/rp2_common/pico_bootrom/bootrom.c.o
                0x00000000100036d8                rom_reset_usb_boot_extra
 .text.xosc_init
                0x0000000010003700       0x28 CMakeFiles/carrier_receiver_baseband.dir/home/arshavin/uu/master/WCNES_PROJ/pico-sdk/src/rp2_common/hardware_xosc/xosc.c.o
                0x0000000010003700                xosc_init
 .text.first_per_core_initializer
                0x0000000010003728        0x4 CMakeFiles/carrier_receiver_baseband.dir/home/arshavin/uu/master/WCNES_PROJ/pico-sdk/src/rp2_common/pico_runtime/runtime.c.o
 .text.hard_assertion_failure
                0x000000001000372c        0xc CMakeFiles/carrier_receiver_baseband.dir/home/arshavin/uu/master/WCNES_PROJ/pico-sdk/src/rp2_common/pico_runtime/runtime.c.o
                0x000000001000372c                hard_assertion_failure
 .text.runtime_run_initializers
                0x0000000010003738       0x28 CMakeFiles/carrier_receiver_baseband.dir/home/arshavin/uu/master/WCNES_PROJ/pico-sdk/src/rp2_common/pico_runtime/runtime.c.o
                0x0000000010003738                runtime_run_initializers
 .text.runtime_init_early_resets
                0x0000000010003760       0x2c CMakeFiles/carrier_receiver_baseband.dir/home/arshavin/uu/master/WCNES_PROJ/pico-sdk/src/rp2_common/pico_runtime_init/runtime_init.c.o
                0x0000000010003760                runtime_init_early_resets
 .text.runtime_init_usb_power_down
                0x000000001000378c       0x1c CMakeFiles/carrier_receiver_baseband.dir/home/arshavin/uu/master/WCNES_PROJ/pico-sdk/src/rp2_common/pico_runtime_init/runtime_init.c.o
                0x000000001000378c                runtime_init_usb_power_down
 .text.runtime_init_post_clock_resets
                0x00000000100037a8       0x20 CMakeFiles/carrier_receiver_baseband.dir/home/arshavin/uu/master/WCNES_PROJ/pico-sdk/src/rp2_common/pico_runtime_init/runtime_init.c.o
                0x00000000100037a8                runtime_init_post_clock_resets
 .text.runtime_init_rp2040_gpio_ie_disable
                0x00000000100037c8       0x14 CMakeFiles/carrier_receiver_baseband.dir/home/arshavin/uu/master/WCNES_PROJ/pico-sdk/src/rp2_common/pico_runtime_init/runtime_init.c.o
                0x00000000100037c8                runtime_init_rp2040_gpio_ie_disable
 .text.runtime_init_spin_locks_reset
                0x00000000100037dc        0x8 CMakeFiles/carrier_receiver_baseband.dir/home/arshavin/uu/master/WCNES_PROJ/pico-sdk/src/rp2_common/pico_runtime_init/runtime_init.c.o
                0x00000000100037dc                runtime_init_spin_locks_reset
 .text.runtime_init_install_ram_vector_table
                0x00000000100037e4       0x1c CMakeFiles/carrier_receiver_baseband.dir/home/arshavin/uu/master/WCNES_PROJ/pico-sdk/src/rp2_common/pico_runtime_init/runtime_init.c.o
                0x00000000100037e4                runtime_init_install_ram_vector_table
 .text.runtime_init_clocks
                0x0000000010003800       0xd8 CMakeFiles/carrier_receiver_baseband.dir/home/arshavin/uu/master/WCNES_PROJ/pico-sdk/src/rp2_common/pico_runtime_init/runtime_init_clocks.c.o
                0x0000000010003800                runtime_init_clocks
 .text          0x00000000100038d8       0x10 CMakeFiles/carrier_receiver_baseband.dir/home/arshavin/uu/master/WCNES_PROJ/pico-sdk/src/rp2_common/pico_bit_ops/bit_ops_aeabi.S.o
 .text.__wrap___aeabi_idiv
                0x00000000100038e8       0x50 CMakeFiles/carrier_receiver_baseband.dir/home/arshavin/uu/master/WCNES_PROJ/pico-sdk/src/rp2_common/pico_divider/divider_hardware.S.o
                0x00000000100038e8                __wrap___aeabi_idivmod
                0x00000000100038e8                divmod_s32s32
                0x00000000100038e8                div_s32s32
                0x00000000100038e8                __wrap___aeabi_idiv
                0x00000000100038f0                divmod_s32s32_unsafe
                0x000000001000391c                divmod_s32s32_savestate
 .text.__wrap___aeabi_uidiv
                0x0000000010003938       0x4c CMakeFiles/carrier_receiver_baseband.dir/home/arshavin/uu/master/WCNES_PROJ/pico-sdk/src/rp2_common/pico_divider/divider_hardware.S.o
                0x0000000010003938                __wrap___aeabi_uidiv
                0x0000000010003938                __wrap___aeabi_uidivmod
                0x0000000010003938                div_u32u32
                0x0000000010003938                divmod_u32u32
                0x0000000010003940                divmod_u32u32_unsafe
                0x0000000010003968                divmod_u32u32_savestate
 .text.__wrap___aeabi_ldiv
                0x0000000010003984      0x424 CMakeFiles/carrier_receiver_baseband.dir/home/arshavin/uu/master/WCNES_PROJ/pico-sdk/src/rp2_common/pico_divider/divider_hardware.S.o
                0x0000000010003984                div_s64s64
                0x0000000010003984                divmod_s64s64
                0x0000000010003984                __wrap___aeabi_ldivmod
                0x00000000100039b4                div_u64u64
                0x00000000100039b4                divmod_u64u64
                0x00000000100039b4                __wrap___aeabi_uldivmod
                0x00000000100039c4                divmod_u64u64_savestate
                0x00000000100039e4                divmod_s64s64_unsafe
                0x0000000010003a6c                divmod_u64u64_unsafe
 .text.push_r8_r11
                0x0000000010003da8        0xc CMakeFiles/carrier_receiver_baseband.dir/home/arshavin/uu/master/WCNES_PROJ/pico-sdk/src/rp2_common/pico_double/double_aeabi_rp2040.S.o
                0x0000000010003da8                push_r8_r11
 .text.pop_r8_r11
                0x0000000010003db4        0xc CMakeFiles/carrier_receiver_baseband.dir/home/arshavin/uu/master/WCNES_PROJ/pico-sdk/src/rp2_common/pico_double/double_aeabi_rp2040.S.o
                0x0000000010003db4                pop_r8_r11
 .text.__wrap___aeabi_darithmetic
                0x0000000010003dc0       0x80 CMakeFiles/carrier_receiver_baseband.dir/home/arshavin/uu/master/WCNES_PROJ/pico-sdk/src/rp2_common/pico_double/double_aeabi_rp2040.S.o
                0x0000000010003dc0                __wrap___aeabi_drsub
                0x0000000010003dc6                __wrap___aeabi_dsub
                0x0000000010003dd8                __wrap___aeabi_dadd
                0x0000000010003dea                __wrap___aeabi_ddiv
                0x0000000010003e26                __wrap___aeabi_dmul
 .text.__wrap___aeabi_cdcmple
                0x0000000010003e40       0x6c CMakeFiles/carrier_receiver_baseband.dir/home/arshavin/uu/master/WCNES_PROJ/pico-sdk/src/rp2_common/pico_double/double_aeabi_rp2040.S.o
                0x0000000010003e40                __wrap___aeabi_cdrcmple
                0x0000000010003e50                __wrap___aeabi_cdcmple
                0x0000000010003e50                __wrap___aeabi_cdcmpeq
 .text.__wrap___aeabi_dcmplt
                0x0000000010003eac        0xc CMakeFiles/carrier_receiver_baseband.dir/home/arshavin/uu/master/WCNES_PROJ/pico-sdk/src/rp2_common/pico_double/double_aeabi_rp2040.S.o
                0x0000000010003eac                __wrap___aeabi_dcmplt
 .text.__wrap___aeabi_dcmple
                0x0000000010003eb8       0x10 CMakeFiles/carrier_receiver_baseband.dir/home/arshavin/uu/master/WCNES_PROJ/pico-sdk/src/rp2_common/pico_double/double_aeabi_rp2040.S.o
                0x0000000010003eb8                __wrap___aeabi_dcmple
 .text.__wrap___aeabi_dcmpge
                0x0000000010003ec8       0x10 CMakeFiles/carrier_receiver_baseband.dir/home/arshavin/uu/master/WCNES_PROJ/pico-sdk/src/rp2_common/pico_double/double_aeabi_rp2040.S.o
                0x0000000010003ec8                __wrap___aeabi_dcmpge
 .text.__wrap___aeabi_dcmpgt
                0x0000000010003ed8        0xa CMakeFiles/carrier_receiver_baseband.dir/home/arshavin/uu/master/WCNES_PROJ/pico-sdk/src/rp2_common/pico_double/double_aeabi_rp2040.S.o
                0x0000000010003ed8                __wrap___aeabi_dcmpgt
 .text.__wrap___aeabi_dcmpun
                0x0000000010003ee2       0x18 CMakeFiles/carrier_receiver_baseband.dir/home/arshavin/uu/master/WCNES_PROJ/pico-sdk/src/rp2_common/pico_double/double_aeabi_rp2040.S.o
                0x0000000010003ee2                __wrap___aeabi_dcmpun
 *fill*         0x0000000010003efa        0x2 
 .text.__wrap___aeabi_i2d
                0x0000000010003efc       0x38 CMakeFiles/carrier_receiver_baseband.dir/home/arshavin/uu/master/WCNES_PROJ/pico-sdk/src/rp2_common/pico_double/double_aeabi_rp2040.S.o
                0x0000000010003efc                __wrap___aeabi_ui2d
                0x0000000010003efc                uint2double
                0x0000000010003f04                __wrap___aeabi_i2d
                0x0000000010003f04                int2double
 .text.__wrap___aeabi_d2iz
                0x0000000010003f34       0x48 CMakeFiles/carrier_receiver_baseband.dir/home/arshavin/uu/master/WCNES_PROJ/pico-sdk/src/rp2_common/pico_double/double_aeabi_rp2040.S.o
                0x0000000010003f34                __wrap___aeabi_d2iz
                0x0000000010003f34                double2int_z
 .text.__wrap___aeabi_d2uiz
                0x0000000010003f7c       0x18 CMakeFiles/carrier_receiver_baseband.dir/home/arshavin/uu/master/WCNES_PROJ/pico-sdk/src/rp2_common/pico_double/double_aeabi_rp2040.S.o
                0x0000000010003f7c                double2uint_z
                0x0000000010003f7c                double2uint
                0x0000000010003f7c                __wrap___aeabi_d2uiz
 .text.fix642double
                0x0000000010003f94       0x18 CMakeFiles/carrier_receiver_baseband.dir/home/arshavin/uu/master/WCNES_PROJ/pico-sdk/src/rp2_common/pico_double/double_aeabi_rp2040.S.o
                0x0000000010003f94                fix642double
 .text.__wrap_srqt
                0x0000000010003fac       0x18 CMakeFiles/carrier_receiver_baseband.dir/home/arshavin/uu/master/WCNES_PROJ/pico-sdk/src/rp2_common/pico_double/double_aeabi_rp2040.S.o
                0x0000000010003fac                __wrap_sqrt
 .text.__wrap_sincostan_remainder
                0x0000000010003fc4       0x14 CMakeFiles/carrier_receiver_baseband.dir/home/arshavin/uu/master/WCNES_PROJ/pico-sdk/src/rp2_common/pico_double/double_aeabi_rp2040.S.o
                0x0000000010003fc4                sincostan_remainder
 .text.__wrap_cos
                0x0000000010003fd8       0x2c CMakeFiles/carrier_receiver_baseband.dir/home/arshavin/uu/master/WCNES_PROJ/pico-sdk/src/rp2_common/pico_double/double_aeabi_rp2040.S.o
                0x0000000010003fd8                __wrap_cos
 .text.__wrap_log
                0x0000000010004004       0x18 CMakeFiles/carrier_receiver_baseband.dir/home/arshavin/uu/master/WCNES_PROJ/pico-sdk/src/rp2_common/pico_double/double_aeabi_rp2040.S.o
                0x0000000010004004                __wrap_log
 .text.__aeabi_double_init
                0x000000001000401c       0xa0 CMakeFiles/carrier_receiver_baseband.dir/home/arshavin/uu/master/WCNES_PROJ/pico-sdk/src/rp2_common/pico_double/double_init_rom_rp2040.c.o
                0x000000001000401c                __aeabi_double_init
 .text.__wrap_round
                0x00000000100040bc       0xa0 CMakeFiles/carrier_receiver_baseband.dir/home/arshavin/uu/master/WCNES_PROJ/pico-sdk/src/rp2_common/pico_double/double_math.c.o
                0x00000000100040bc                __wrap_round
 .text.__wrap_floor
                0x000000001000415c       0x94 CMakeFiles/carrier_receiver_baseband.dir/home/arshavin/uu/master/WCNES_PROJ/pico-sdk/src/rp2_common/pico_double/double_math.c.o
                0x000000001000415c                __wrap_floor
 .text.__wrap_remquo
                0x00000000100041f0      0x2a0 CMakeFiles/carrier_receiver_baseband.dir/home/arshavin/uu/master/WCNES_PROJ/pico-sdk/src/rp2_common/pico_double/double_math.c.o
                0x00000000100041f0                __wrap_remquo
 .text.__wrap_remainder
                0x0000000010004490       0x10 CMakeFiles/carrier_receiver_baseband.dir/home/arshavin/uu/master/WCNES_PROJ/pico-sdk/src/rp2_common/pico_double/double_math.c.o
                0x0000000010004490                __wrap_remainder
 .text.double_table_shim_on_use_helper
                0x00000000100044a0       0x2c CMakeFiles/carrier_receiver_baseband.dir/home/arshavin/uu/master/WCNES_PROJ/pico-sdk/src/rp2_common/pico_double/double_v1_rom_shim_rp2040.S.o
                0x00000000100044a0                double_table_shim_on_use_helper
 .text.__wrap___aeabi_dsub
                0x00000000100044cc       0x10 CMakeFiles/carrier_receiver_baseband.dir/home/arshavin/uu/master/WCNES_PROJ/pico-sdk/src/rp2_common/pico_double/double_v1_rom_shim_rp2040.S.o
                0x00000000100044cc                drsub_shim
                0x00000000100044d2                dsub_shim
 .text.dadd_shim
                0x00000000100044dc      0x15c CMakeFiles/carrier_receiver_baseband.dir/home/arshavin/uu/master/WCNES_PROJ/pico-sdk/src/rp2_common/pico_double/double_v1_rom_shim_rp2040.S.o
                0x00000000100044dc                dadd_shim
 .text.dmul_shim
                0x0000000010004638      0x15c CMakeFiles/carrier_receiver_baseband.dir/home/arshavin/uu/master/WCNES_PROJ/pico-sdk/src/rp2_common/pico_double/double_v1_rom_shim_rp2040.S.o
                0x0000000010004638                dmul_shim
 .text.ddiv_shim
                0x0000000010004794      0x1b0 CMakeFiles/carrier_receiver_baseband.dir/home/arshavin/uu/master/WCNES_PROJ/pico-sdk/src/rp2_common/pico_double/double_v1_rom_shim_rp2040.S.o
                0x0000000010004794                ddiv_shim
 .text.dsqrt_shim
                0x0000000010004944      0x1a8 CMakeFiles/carrier_receiver_baseband.dir/home/arshavin/uu/master/WCNES_PROJ/pico-sdk/src/rp2_common/pico_double/double_v1_rom_shim_rp2040.S.o
                0x0000000010004960                dsqrt_shim
 .text.dcordic_vec_step
                0x0000000010004aec        0xe CMakeFiles/carrier_receiver_baseband.dir/home/arshavin/uu/master/WCNES_PROJ/pico-sdk/src/rp2_common/pico_double/double_v1_rom_shim_rp2040.S.o
                0x0000000010004aec                dcordic_vec_step
 .text.dcordic_rot_step
                0x0000000010004afa       0x76 CMakeFiles/carrier_receiver_baseband.dir/home/arshavin/uu/master/WCNES_PROJ/pico-sdk/src/rp2_common/pico_double/double_v1_rom_shim_rp2040.S.o
                0x0000000010004afa                dcordic_rot_step
 .text.double2uint_shim
                0x0000000010004b70        0xe CMakeFiles/carrier_receiver_baseband.dir/home/arshavin/uu/master/WCNES_PROJ/pico-sdk/src/rp2_common/pico_double/double_v1_rom_shim_rp2040.S.o
                0x0000000010004b70                double2uint_shim
                0x0000000010004b72                double2ufix_shim
 .text.double2int64_shim
                0x0000000010004b7e       0x1a CMakeFiles/carrier_receiver_baseband.dir/home/arshavin/uu/master/WCNES_PROJ/pico-sdk/src/rp2_common/pico_double/double_v1_rom_shim_rp2040.S.o
                0x0000000010004b7e                double2int64_shim
                0x0000000010004b80                double2fix64_shim
 .text.double2uint64_shim
                0x0000000010004b98       0x70 CMakeFiles/carrier_receiver_baseband.dir/home/arshavin/uu/master/WCNES_PROJ/pico-sdk/src/rp2_common/pico_double/double_v1_rom_shim_rp2040.S.o
                0x0000000010004b98                double2uint64_shim
                0x0000000010004b9a                double2ufix64_shim
                0x0000000010004bba                d2fix_a
 .text.x2double_shims
                0x0000000010004c08       0x90 CMakeFiles/carrier_receiver_baseband.dir/home/arshavin/uu/master/WCNES_PROJ/pico-sdk/src/rp2_common/pico_double/double_v1_rom_shim_rp2040.S.o
                0x0000000010004c08                uint2double_shim
                0x0000000010004c0a                ufix2double_shim
                0x0000000010004c10                int2double_shim
                0x0000000010004c12                fix2double_shim
                0x0000000010004c18                uint642double_shim
                0x0000000010004c1a                ufix642double_shim
                0x0000000010004c20                int642double_shim
                0x0000000010004c22                fix642double_shim
 .text.dunpacks
                0x0000000010004c98       0x3c CMakeFiles/carrier_receiver_baseband.dir/home/arshavin/uu/master/WCNES_PROJ/pico-sdk/src/rp2_common/pico_double/double_v1_rom_shim_rp2040.S.o
                0x0000000010004c98                dunpacks
 .text.dreduce  0x0000000010004cd4       0x82 CMakeFiles/carrier_receiver_baseband.dir/home/arshavin/uu/master/WCNES_PROJ/pico-sdk/src/rp2_common/pico_double/double_v1_rom_shim_rp2040.S.o
                0x0000000010004cd4                dreduce
 .text.dcos_shim
                0x0000000010004d56       0x10 CMakeFiles/carrier_receiver_baseband.dir/home/arshavin/uu/master/WCNES_PROJ/pico-sdk/src/rp2_common/pico_double/double_v1_rom_shim_rp2040.S.o
                0x0000000010004d56                dcos_shim
 .text.dsin_shim
                0x0000000010004d66       0x14 CMakeFiles/carrier_receiver_baseband.dir/home/arshavin/uu/master/WCNES_PROJ/pico-sdk/src/rp2_common/pico_double/double_v1_rom_shim_rp2040.S.o
                0x0000000010004d66                dsin_shim
 *fill*         0x0000000010004d7a        0x2 
 .text.dtrig_guts
                0x0000000010004d7c      0x2ec CMakeFiles/carrier_receiver_baseband.dir/home/arshavin/uu/master/WCNES_PROJ/pico-sdk/src/rp2_common/pico_double/double_v1_rom_shim_rp2040.S.o
                0x0000000010004e54                datan2_shim
 .text.dexp_guts
                0x0000000010005068      0x268 CMakeFiles/carrier_receiver_baseband.dir/home/arshavin/uu/master/WCNES_PROJ/pico-sdk/src/rp2_common/pico_double/double_v1_rom_shim_rp2040.S.o
                0x0000000010005068                dexp_shim
                0x0000000010005104                dln_shim
 .text.__aeabi_lmul
                0x00000000100052d0       0x32 CMakeFiles/carrier_receiver_baseband.dir/home/arshavin/uu/master/WCNES_PROJ/pico-sdk/src/rp2_common/pico_int64_ops/pico_int64_ops_aeabi.S.o
                0x00000000100052d0                __wrap___aeabi_lmul
 *fill*         0x0000000010005302        0x2 
 .text.__aeabi_float_init
                0x0000000010005304       0x64 CMakeFiles/carrier_receiver_baseband.dir/home/arshavin/uu/master/WCNES_PROJ/pico-sdk/src/rp2_common/pico_float/float_init_rom_rp2040.c.o
                0x0000000010005304                __aeabi_float_init
 .text.float_table_shim_on_use_helper
                0x0000000010005368       0x2c CMakeFiles/carrier_receiver_baseband.dir/home/arshavin/uu/master/WCNES_PROJ/pico-sdk/src/rp2_common/pico_float/float_v1_rom_shim_rp2040.S.o
                0x0000000010005368                float_table_shim_on_use_helper
 .text.__wrap_calloc
                0x0000000010005394       0x28 CMakeFiles/carrier_receiver_baseband.dir/home/arshavin/uu/master/WCNES_PROJ/pico-sdk/src/rp2_common/pico_malloc/malloc.c.o
                0x0000000010005394                __wrap_calloc
 .text          0x00000000100053bc       0x10 CMakeFiles/carrier_receiver_baseband.dir/home/arshavin/uu/master/WCNES_PROJ/pico-sdk/src/rp2_common/pico_mem_ops/mem_ops_aeabi.S.o
                0x00000000100053bc                __aeabi_mem_init
 .text.memset   0x00000000100053cc        0xc CMakeFiles/carrier_receiver_baseband.dir/home/arshavin/uu/master/WCNES_PROJ/pico-sdk/src/rp2_common/pico_mem_ops/mem_ops_aeabi.S.o
                0x00000000100053cc                __wrap_memset
 .text.memcpy   0x00000000100053d8        0xc CMakeFiles/carrier_receiver_baseband.dir/home/arshavin/uu/master/WCNES_PROJ/pico-sdk/src/rp2_common/pico_mem_ops/mem_ops_aeabi.S.o
                0x00000000100053d8                __wrap___aeabi_memcpy
                0x00000000100053d8                __wrap_memcpy
 .text._out_null
                0x00000000100053e4        0x4 CMakeFiles/carrier_receiver_baseband.dir/home/arshavin/uu/master/WCNES_PROJ/pico-sdk/src/rp2_common/pico_printf/printf.c.o
 .text._out_rev
                0x00000000100053e8       0x9c CMakeFiles/carrier_receiver_baseband.dir/home/arshavin/uu/master/WCNES_PROJ/pico-sdk/src/rp2_common/pico_printf/printf.c.o
 .text._ntoa_format
                0x0000000010005484      0x1cc CMakeFiles/carrier_receiver_baseband.dir/home/arshavin/uu/master/WCNES_PROJ/pico-sdk/src/rp2_common/pico_printf/printf.c.o
 .text._out_char
                0x0000000010005650       0x10 CMakeFiles/carrier_receiver_baseband.dir/home/arshavin/uu/master/WCNES_PROJ/pico-sdk/src/rp2_common/pico_printf/printf.c.o
 .text._out_fct
                0x0000000010005660       0x10 CMakeFiles/carrier_receiver_baseband.dir/home/arshavin/uu/master/WCNES_PROJ/pico-sdk/src/rp2_common/pico_printf/printf.c.o
 .text._etoa    0x0000000010005670      0x44c CMakeFiles/carrier_receiver_baseband.dir/home/arshavin/uu/master/WCNES_PROJ/pico-sdk/src/rp2_common/pico_printf/printf.c.o
 .text._ftoa    0x0000000010005abc      0x398 CMakeFiles/carrier_receiver_baseband.dir/home/arshavin/uu/master/WCNES_PROJ/pico-sdk/src/rp2_common/pico_printf/printf.c.o
 .text._vsnprintf
                0x0000000010005e54      0xb04 CMakeFiles/carrier_receiver_baseband.dir/home/arshavin/uu/master/WCNES_PROJ/pico-sdk/src/rp2_common/pico_printf/printf.c.o
 .text.vfctprintf
                0x0000000010006958       0x20 CMakeFiles/carrier_receiver_baseband.dir/home/arshavin/uu/master/WCNES_PROJ/pico-sdk/src/rp2_common/pico_printf/printf.c.o
                0x0000000010006958                vfctprintf
 .text.weak_raw_vprintf
                0x0000000010006978       0x30 CMakeFiles/carrier_receiver_baseband.dir/home/arshavin/uu/master/WCNES_PROJ/pico-sdk/src/rp2_common/pico_printf/printf.c.o
                0x0000000010006978                weak_raw_vprintf
 .text._exit    0x00000000100069a8        0x4 CMakeFiles/carrier_receiver_baseband.dir/home/arshavin/uu/master/WCNES_PROJ/pico-sdk/src/rp2_common/pico_clib_interface/newlib_interface.c.o
                0x00000000100069a8                _exit
 .text._sbrk    0x00000000100069ac       0x34 CMakeFiles/carrier_receiver_baseband.dir/home/arshavin/uu/master/WCNES_PROJ/pico-sdk/src/rp2_common/pico_clib_interface/newlib_interface.c.o
                0x00000000100069ac                _sbrk
 .text.exit     0x00000000100069e0        0x8 CMakeFiles/carrier_receiver_baseband.dir/home/arshavin/uu/master/WCNES_PROJ/pico-sdk/src/rp2_common/pico_clib_interface/newlib_interface.c.o
                0x00000000100069e0                exit
 .text.runtime_init
                0x00000000100069e8       0x2c CMakeFiles/carrier_receiver_baseband.dir/home/arshavin/uu/master/WCNES_PROJ/pico-sdk/src/rp2_common/pico_clib_interface/newlib_interface.c.o
                0x00000000100069e8                runtime_init
 .text.stdio_out_chars_no_crlf
                0x0000000010006a14       0x10 CMakeFiles/carrier_receiver_baseband.dir/home/arshavin/uu/master/WCNES_PROJ/pico-sdk/src/rp2_common/pico_stdio/stdio.c.o
 .text.stdio_out_chars_crlf
                0x0000000010006a24       0xb4 CMakeFiles/carrier_receiver_baseband.dir/home/arshavin/uu/master/WCNES_PROJ/pico-sdk/src/rp2_common/pico_stdio/stdio.c.o
 .text.stdio_buffered_printer
                0x0000000010006ad8       0x64 CMakeFiles/carrier_receiver_baseband.dir/home/arshavin/uu/master/WCNES_PROJ/pico-sdk/src/rp2_common/pico_stdio/stdio.c.o
 .text.stdio_put_string
                0x0000000010006b3c      0x100 CMakeFiles/carrier_receiver_baseband.dir/home/arshavin/uu/master/WCNES_PROJ/pico-sdk/src/rp2_common/pico_stdio/stdio.c.o
                0x0000000010006b3c                stdio_put_string
 .text.stdio_set_driver_enabled
                0x0000000010006c3c       0x30 CMakeFiles/carrier_receiver_baseband.dir/home/arshavin/uu/master/WCNES_PROJ/pico-sdk/src/rp2_common/pico_stdio/stdio.c.o
                0x0000000010006c3c                stdio_set_driver_enabled
 .text.stdio_init_all
                0x0000000010006c6c        0x8 CMakeFiles/carrier_receiver_baseband.dir/home/arshavin/uu/master/WCNES_PROJ/pico-sdk/src/rp2_common/pico_stdio/stdio.c.o
                0x0000000010006c6c                stdio_init_all
 .text.__wrap_putchar
                0x0000000010006c74       0x98 CMakeFiles/carrier_receiver_baseband.dir/home/arshavin/uu/master/WCNES_PROJ/pico-sdk/src/rp2_common/pico_stdio/stdio.c.o
                0x0000000010006c74                stdio_putchar
                0x0000000010006c74                __wrap_putchar
 .text.__wrap_puts
                0x0000000010006d0c       0x3c CMakeFiles/carrier_receiver_baseband.dir/home/arshavin/uu/master/WCNES_PROJ/pico-sdk/src/rp2_common/pico_stdio/stdio.c.o
                0x0000000010006d0c                __wrap_puts
                0x0000000010006d0c                stdio_puts
 .text.__wrap_vprintf
                0x0000000010006d48       0xd8 CMakeFiles/carrier_receiver_baseband.dir/home/arshavin/uu/master/WCNES_PROJ/pico-sdk/src/rp2_common/pico_stdio/stdio.c.o
                0x0000000010006d48                __wrap_vprintf
                0x0000000010006d48                stdio_vprintf
 .text.__wrap_printf
                0x0000000010006e20       0x18 CMakeFiles/carrier_receiver_baseband.dir/home/arshavin/uu/master/WCNES_PROJ/pico-sdk/src/rp2_common/pico_stdio/stdio.c.o
                0x0000000010006e20                stdio_printf
                0x0000000010006e20                __wrap_printf
 .text.resetd_init
                0x0000000010006e38        0x4 CMakeFiles/carrier_receiver_baseband.dir/home/arshavin/uu/master/WCNES_PROJ/pico-sdk/src/rp2_common/pico_stdio_usb/reset_interface.c.o
 .text.resetd_reset
                0x0000000010006e3c        0xc CMakeFiles/carrier_receiver_baseband.dir/home/arshavin/uu/master/WCNES_PROJ/pico-sdk/src/rp2_common/pico_stdio_usb/reset_interface.c.o
 .text.resetd_open
                0x0000000010006e48       0x28 CMakeFiles/carrier_receiver_baseband.dir/home/arshavin/uu/master/WCNES_PROJ/pico-sdk/src/rp2_common/pico_stdio_usb/reset_interface.c.o
 .text.resetd_xfer_cb
                0x0000000010006e70        0x4 CMakeFiles/carrier_receiver_baseband.dir/home/arshavin/uu/master/WCNES_PROJ/pico-sdk/src/rp2_common/pico_stdio_usb/reset_interface.c.o
 .text.resetd_control_xfer_cb
                0x0000000010006e74       0x60 CMakeFiles/carrier_receiver_baseband.dir/home/arshavin/uu/master/WCNES_PROJ/pico-sdk/src/rp2_common/pico_stdio_usb/reset_interface.c.o
 .text.tud_descriptor_bos_cb
                0x0000000010006ed4        0x8 CMakeFiles/carrier_receiver_baseband.dir/home/arshavin/uu/master/WCNES_PROJ/pico-sdk/src/rp2_common/pico_stdio_usb/reset_interface.c.o
                0x0000000010006ed4                tud_descriptor_bos_cb
 .text.tud_vendor_control_xfer_cb
                0x0000000010006edc       0x34 CMakeFiles/carrier_receiver_baseband.dir/home/arshavin/uu/master/WCNES_PROJ/pico-sdk/src/rp2_common/pico_stdio_usb/reset_interface.c.o
                0x0000000010006edc                tud_vendor_control_xfer_cb
 .text.usbd_app_driver_get_cb
                0x0000000010006f10        0xc CMakeFiles/carrier_receiver_baseband.dir/home/arshavin/uu/master/WCNES_PROJ/pico-sdk/src/rp2_common/pico_stdio_usb/reset_interface.c.o
                0x0000000010006f10                usbd_app_driver_get_cb
 .text.tud_cdc_line_coding_cb
                0x0000000010006f1c       0x2c CMakeFiles/carrier_receiver_baseband.dir/home/arshavin/uu/master/WCNES_PROJ/pico-sdk/src/rp2_common/pico_stdio_usb/reset_interface.c.o
                0x0000000010006f1c                tud_cdc_line_coding_cb
 .text.stdio_usb_set_chars_available_callback
                0x0000000010006f48       0x14 CMakeFiles/carrier_receiver_baseband.dir/home/arshavin/uu/master/WCNES_PROJ/pico-sdk/src/rp2_common/pico_stdio_usb/stdio_usb.c.o
                0x0000000010006f48                stdio_usb_set_chars_available_callback
 .text.usb_irq  0x0000000010006f5c       0x10 CMakeFiles/carrier_receiver_baseband.dir/home/arshavin/uu/master/WCNES_PROJ/pico-sdk/src/rp2_common/pico_stdio_usb/stdio_usb.c.o
 .text.timer_task
                0x0000000010006f6c       0x64 CMakeFiles/carrier_receiver_baseband.dir/home/arshavin/uu/master/WCNES_PROJ/pico-sdk/src/rp2_common/pico_stdio_usb/stdio_usb.c.o
 .text.stdio_usb_in_chars
                0x0000000010006fd0       0x90 CMakeFiles/carrier_receiver_baseband.dir/home/arshavin/uu/master/WCNES_PROJ/pico-sdk/src/rp2_common/pico_stdio_usb/stdio_usb.c.o
                0x0000000010006fd0                stdio_usb_in_chars
 .text.stdio_usb_out_flush
                0x0000000010007060       0x50 CMakeFiles/carrier_receiver_baseband.dir/home/arshavin/uu/master/WCNES_PROJ/pico-sdk/src/rp2_common/pico_stdio_usb/stdio_usb.c.o
 .text.stdio_usb_out_chars
                0x00000000100070b0      0x100 CMakeFiles/carrier_receiver_baseband.dir/home/arshavin/uu/master/WCNES_PROJ/pico-sdk/src/rp2_common/pico_stdio_usb/stdio_usb.c.o
 .text.low_priority_worker_irq
                0x00000000100071b0       0xc8 CMakeFiles/carrier_receiver_baseband.dir/home/arshavin/uu/master/WCNES_PROJ/pico-sdk/src/rp2_common/pico_stdio_usb/stdio_usb.c.o
 .text.stdio_usb_init
                0x0000000010007278       0xe8 CMakeFiles/carrier_receiver_baseband.dir/home/arshavin/uu/master/WCNES_PROJ/pico-sdk/src/rp2_common/pico_stdio_usb/stdio_usb.c.o
                0x0000000010007278                stdio_usb_init
 .text.tud_descriptor_device_cb
                0x0000000010007360        0x8 CMakeFiles/carrier_receiver_baseband.dir/home/arshavin/uu/master/WCNES_PROJ/pico-sdk/src/rp2_common/pico_stdio_usb/stdio_usb_descriptors.c.o
                0x0000000010007360                tud_descriptor_device_cb
 .text.tud_descriptor_configuration_cb
                0x0000000010007368        0x8 CMakeFiles/carrier_receiver_baseband.dir/home/arshavin/uu/master/WCNES_PROJ/pico-sdk/src/rp2_common/pico_stdio_usb/stdio_usb_descriptors.c.o
                0x0000000010007368                tud_descriptor_configuration_cb
 .text.tud_descriptor_string_cb
                0x0000000010007370       0x74 CMakeFiles/carrier_receiver_baseband.dir/home/arshavin/uu/master/WCNES_PROJ/pico-sdk/src/rp2_common/pico_stdio_usb/stdio_usb_descriptors.c.o
                0x0000000010007370                tud_descriptor_string_cb
 .text.startup._retrieve_unique_id_on_boot
                0x00000000100073e4       0x10 CMakeFiles/carrier_receiver_baseband.dir/home/arshavin/uu/master/WCNES_PROJ/pico-sdk/src/rp2_common/pico_unique_id/unique_id.c.o
 .text.pico_get_unique_board_id_string
                0x00000000100073f4      0x1a8 CMakeFiles/carrier_receiver_baseband.dir/home/arshavin/uu/master/WCNES_PROJ/pico-sdk/src/rp2_common/pico_unique_id/unique_id.c.o
                0x00000000100073f4                pico_get_unique_board_id_string
 .text.flash_get_unique_id
                0x000000001000759c       0x40 CMakeFiles/carrier_receiver_baseband.dir/home/arshavin/uu/master/WCNES_PROJ/pico-sdk/src/rp2_common/hardware_flash/flash.c.o
                0x000000001000759c                flash_get_unique_id
 .text.dcd_init
                0x00000000100075dc       0x90 CMakeFiles/carrier_receiver_baseband.dir/home/arshavin/uu/master/WCNES_PROJ/pico-sdk/lib/tinyusb/src/portable/raspberrypi/rp2040/dcd_rp2040.c.o
                0x00000000100075dc                dcd_init
 .text.dcd_int_enable
                0x000000001000766c        0xc CMakeFiles/carrier_receiver_baseband.dir/home/arshavin/uu/master/WCNES_PROJ/pico-sdk/lib/tinyusb/src/portable/raspberrypi/rp2040/dcd_rp2040.c.o
                0x000000001000766c                dcd_int_enable
 .text.dcd_set_address
                0x0000000010007678       0x14 CMakeFiles/carrier_receiver_baseband.dir/home/arshavin/uu/master/WCNES_PROJ/pico-sdk/lib/tinyusb/src/portable/raspberrypi/rp2040/dcd_rp2040.c.o
                0x0000000010007678                dcd_set_address
 .text.dcd_sof_enable
                0x000000001000768c       0x1c CMakeFiles/carrier_receiver_baseband.dir/home/arshavin/uu/master/WCNES_PROJ/pico-sdk/lib/tinyusb/src/portable/raspberrypi/rp2040/dcd_rp2040.c.o
                0x000000001000768c                dcd_sof_enable
 .text.dcd_edpt0_status_complete
                0x00000000100076a8       0x1c CMakeFiles/carrier_receiver_baseband.dir/home/arshavin/uu/master/WCNES_PROJ/pico-sdk/lib/tinyusb/src/portable/raspberrypi/rp2040/dcd_rp2040.c.o
                0x00000000100076a8                dcd_edpt0_status_complete
 .text.dcd_edpt_open
                0x00000000100076c4      0x114 CMakeFiles/carrier_receiver_baseband.dir/home/arshavin/uu/master/WCNES_PROJ/pico-sdk/lib/tinyusb/src/portable/raspberrypi/rp2040/dcd_rp2040.c.o
                0x00000000100076c4                dcd_edpt_open
 .text.dcd_edpt_close_all
                0x00000000100077d8        0x8 CMakeFiles/carrier_receiver_baseband.dir/home/arshavin/uu/master/WCNES_PROJ/pico-sdk/lib/tinyusb/src/portable/raspberrypi/rp2040/dcd_rp2040.c.o
                0x00000000100077d8                dcd_edpt_close_all
 .text.dcd_edpt_xfer
                0x00000000100077e0       0x24 CMakeFiles/carrier_receiver_baseband.dir/home/arshavin/uu/master/WCNES_PROJ/pico-sdk/lib/tinyusb/src/portable/raspberrypi/rp2040/dcd_rp2040.c.o
                0x00000000100077e0                dcd_edpt_xfer
 .text.dcd_edpt_stall
                0x0000000010007804       0x38 CMakeFiles/carrier_receiver_baseband.dir/home/arshavin/uu/master/WCNES_PROJ/pico-sdk/lib/tinyusb/src/portable/raspberrypi/rp2040/dcd_rp2040.c.o
                0x0000000010007804                dcd_edpt_stall
 .text.dcd_edpt_clear_stall
                0x000000001000783c       0x30 CMakeFiles/carrier_receiver_baseband.dir/home/arshavin/uu/master/WCNES_PROJ/pico-sdk/lib/tinyusb/src/portable/raspberrypi/rp2040/dcd_rp2040.c.o
                0x000000001000783c                dcd_edpt_clear_stall
 .text.rp2040_usb_init
                0x000000001000786c       0x40 CMakeFiles/carrier_receiver_baseband.dir/home/arshavin/uu/master/WCNES_PROJ/pico-sdk/lib/tinyusb/src/portable/raspberrypi/rp2040/rp2040_usb.c.o
                0x000000001000786c                rp2040_usb_init
 .text.hw_endpoint_xfer_start
                0x00000000100078ac       0x50 CMakeFiles/carrier_receiver_baseband.dir/home/arshavin/uu/master/WCNES_PROJ/pico-sdk/lib/tinyusb/src/portable/raspberrypi/rp2040/rp2040_usb.c.o
                0x00000000100078ac                hw_endpoint_xfer_start
 .text.tud_event_hook_cb
                0x00000000100078fc        0x4 CMakeFiles/carrier_receiver_baseband.dir/home/arshavin/uu/master/WCNES_PROJ/pico-sdk/lib/tinyusb/src/device/usbd.c.o
                0x00000000100078fc                tud_event_hook_cb
 .text.tud_sof_cb
                0x0000000010007900        0x4 CMakeFiles/carrier_receiver_baseband.dir/home/arshavin/uu/master/WCNES_PROJ/pico-sdk/lib/tinyusb/src/device/usbd.c.o
                0x0000000010007900                tud_sof_cb
 .text.tud_descriptor_device_qualifier_cb
                0x0000000010007904        0x4 CMakeFiles/carrier_receiver_baseband.dir/home/arshavin/uu/master/WCNES_PROJ/pico-sdk/lib/tinyusb/src/device/usbd.c.o
                0x0000000010007904                tud_descriptor_device_qualifier_cb
 .text.tud_descriptor_other_speed_configuration_cb
                0x0000000010007908        0x4 CMakeFiles/carrier_receiver_baseband.dir/home/arshavin/uu/master/WCNES_PROJ/pico-sdk/lib/tinyusb/src/device/usbd.c.o
                0x0000000010007908                tud_descriptor_other_speed_configuration_cb
 .text.tud_mount_cb
                0x000000001000790c        0x4 CMakeFiles/carrier_receiver_baseband.dir/home/arshavin/uu/master/WCNES_PROJ/pico-sdk/lib/tinyusb/src/device/usbd.c.o
                0x000000001000790c                tud_mount_cb
 .text.tud_umount_cb
                0x0000000010007910        0x4 CMakeFiles/carrier_receiver_baseband.dir/home/arshavin/uu/master/WCNES_PROJ/pico-sdk/lib/tinyusb/src/device/usbd.c.o
                0x0000000010007910                tud_umount_cb
 .text.tud_suspend_cb
                0x0000000010007914        0x4 CMakeFiles/carrier_receiver_baseband.dir/home/arshavin/uu/master/WCNES_PROJ/pico-sdk/lib/tinyusb/src/device/usbd.c.o
                0x0000000010007914                tud_suspend_cb
 .text.tud_resume_cb
                0x0000000010007918        0x4 CMakeFiles/carrier_receiver_baseband.dir/home/arshavin/uu/master/WCNES_PROJ/pico-sdk/lib/tinyusb/src/device/usbd.c.o
                0x0000000010007918                tud_resume_cb
 .text.tud_mounted
                0x000000001000791c       0x10 CMakeFiles/carrier_receiver_baseband.dir/home/arshavin/uu/master/WCNES_PROJ/pico-sdk/lib/tinyusb/src/device/usbd.c.o
                0x000000001000791c                tud_mounted
 .text.tud_suspended
                0x000000001000792c       0x10 CMakeFiles/carrier_receiver_baseband.dir/home/arshavin/uu/master/WCNES_PROJ/pico-sdk/lib/tinyusb/src/device/usbd.c.o
                0x000000001000792c                tud_suspended
 .text.tud_rhport_init
                0x000000001000793c       0xf4 CMakeFiles/carrier_receiver_baseband.dir/home/arshavin/uu/master/WCNES_PROJ/pico-sdk/lib/tinyusb/src/device/usbd.c.o
                0x000000001000793c                tud_rhport_init
 .text.tud_task_ext
                0x0000000010007a30      0x800 CMakeFiles/carrier_receiver_baseband.dir/home/arshavin/uu/master/WCNES_PROJ/pico-sdk/lib/tinyusb/src/device/usbd.c.o
                0x0000000010007a30                tud_task_ext
 .text.usbd_open_edpt_pair
                0x0000000010008230       0x9c CMakeFiles/carrier_receiver_baseband.dir/home/arshavin/uu/master/WCNES_PROJ/pico-sdk/lib/tinyusb/src/device/usbd.c.o
                0x0000000010008230                usbd_open_edpt_pair
 .text.usbd_edpt_open
                0x00000000100082cc       0x34 CMakeFiles/carrier_receiver_baseband.dir/home/arshavin/uu/master/WCNES_PROJ/pico-sdk/lib/tinyusb/src/device/usbd.c.o
                0x00000000100082cc                usbd_edpt_open
 .text.usbd_edpt_claim
                0x0000000010008300       0x28 CMakeFiles/carrier_receiver_baseband.dir/home/arshavin/uu/master/WCNES_PROJ/pico-sdk/lib/tinyusb/src/device/usbd.c.o
                0x0000000010008300                usbd_edpt_claim
 .text.usbd_edpt_release
                0x0000000010008328       0x28 CMakeFiles/carrier_receiver_baseband.dir/home/arshavin/uu/master/WCNES_PROJ/pico-sdk/lib/tinyusb/src/device/usbd.c.o
                0x0000000010008328                usbd_edpt_release
 .text.usbd_edpt_xfer
                0x0000000010008350       0x4c CMakeFiles/carrier_receiver_baseband.dir/home/arshavin/uu/master/WCNES_PROJ/pico-sdk/lib/tinyusb/src/device/usbd.c.o
                0x0000000010008350                usbd_edpt_xfer
 .text.tud_control_status
                0x000000001000839c       0x30 CMakeFiles/carrier_receiver_baseband.dir/home/arshavin/uu/master/WCNES_PROJ/pico-sdk/lib/tinyusb/src/device/usbd_control.c.o
                0x000000001000839c                tud_control_status
 .text.tud_control_xfer
                0x00000000100083cc       0xbc CMakeFiles/carrier_receiver_baseband.dir/home/arshavin/uu/master/WCNES_PROJ/pico-sdk/lib/tinyusb/src/device/usbd_control.c.o
                0x00000000100083cc                tud_control_xfer
 .text.usbd_control_reset
                0x0000000010008488       0x14 CMakeFiles/carrier_receiver_baseband.dir/home/arshavin/uu/master/WCNES_PROJ/pico-sdk/lib/tinyusb/src/device/usbd_control.c.o
                0x0000000010008488                usbd_control_reset
 .text.usbd_control_set_complete_callback
                0x000000001000849c        0xc CMakeFiles/carrier_receiver_baseband.dir/home/arshavin/uu/master/WCNES_PROJ/pico-sdk/lib/tinyusb/src/device/usbd_control.c.o
                0x000000001000849c                usbd_control_set_complete_callback
 .text.usbd_control_set_request
                0x00000000100084a8       0x1c CMakeFiles/carrier_receiver_baseband.dir/home/arshavin/uu/master/WCNES_PROJ/pico-sdk/lib/tinyusb/src/device/usbd_control.c.o
                0x00000000100084a8                usbd_control_set_request
 .text.usbd_control_xfer_cb
                0x00000000100084c4       0xf0 CMakeFiles/carrier_receiver_baseband.dir/home/arshavin/uu/master/WCNES_PROJ/pico-sdk/lib/tinyusb/src/device/usbd_control.c.o
                0x00000000100084c4                usbd_control_xfer_cb
 .text._prep_out_transaction.isra.0
                0x00000000100085b4       0x6c CMakeFiles/carrier_receiver_baseband.dir/home/arshavin/uu/master/WCNES_PROJ/pico-sdk/lib/tinyusb/src/class/cdc/cdc_device.c.o
 .text.tud_cdc_n_connected
                0x0000000010008620       0x2c CMakeFiles/carrier_receiver_baseband.dir/home/arshavin/uu/master/WCNES_PROJ/pico-sdk/lib/tinyusb/src/class/cdc/cdc_device.c.o
                0x0000000010008620                tud_cdc_n_connected
 .text.tud_cdc_n_available
                0x000000001000864c       0x18 CMakeFiles/carrier_receiver_baseband.dir/home/arshavin/uu/master/WCNES_PROJ/pico-sdk/lib/tinyusb/src/class/cdc/cdc_device.c.o
                0x000000001000864c                tud_cdc_n_available
 .text.tud_cdc_n_read
                0x0000000010008664       0x94 CMakeFiles/carrier_receiver_baseband.dir/home/arshavin/uu/master/WCNES_PROJ/pico-sdk/lib/tinyusb/src/class/cdc/cdc_device.c.o
                0x0000000010008664                tud_cdc_n_read
 .text.tud_cdc_n_write_flush
                0x00000000100086f8       0x78 CMakeFiles/carrier_receiver_baseband.dir/home/arshavin/uu/master/WCNES_PROJ/pico-sdk/lib/tinyusb/src/class/cdc/cdc_device.c.o
                0x00000000100086f8                tud_cdc_n_write_flush
 .text.tud_cdc_n_write
                0x0000000010008770       0x44 CMakeFiles/carrier_receiver_baseband.dir/home/arshavin/uu/master/WCNES_PROJ/pico-sdk/lib/tinyusb/src/class/cdc/cdc_device.c.o
                0x0000000010008770                tud_cdc_n_write
 .text.tud_cdc_n_write_available
                0x00000000100087b4       0x18 CMakeFiles/carrier_receiver_baseband.dir/home/arshavin/uu/master/WCNES_PROJ/pico-sdk/lib/tinyusb/src/class/cdc/cdc_device.c.o
                0x00000000100087b4                tud_cdc_n_write_available
 .text.cdcd_init
                0x00000000100087cc       0x70 CMakeFiles/carrier_receiver_baseband.dir/home/arshavin/uu/master/WCNES_PROJ/pico-sdk/lib/tinyusb/src/class/cdc/cdc_device.c.o
                0x00000000100087cc                cdcd_init
 .text.cdcd_deinit
                0x000000001000883c       0x24 CMakeFiles/carrier_receiver_baseband.dir/home/arshavin/uu/master/WCNES_PROJ/pico-sdk/lib/tinyusb/src/class/cdc/cdc_device.c.o
                0x000000001000883c                cdcd_deinit
 .text.cdcd_reset
                0x0000000010008860       0x4c CMakeFiles/carrier_receiver_baseband.dir/home/arshavin/uu/master/WCNES_PROJ/pico-sdk/lib/tinyusb/src/class/cdc/cdc_device.c.o
                0x0000000010008860                cdcd_reset
 .text.cdcd_open
                0x00000000100088ac       0xa8 CMakeFiles/carrier_receiver_baseband.dir/home/arshavin/uu/master/WCNES_PROJ/pico-sdk/lib/tinyusb/src/class/cdc/cdc_device.c.o
                0x00000000100088ac                cdcd_open
 .text.cdcd_control_xfer_cb
                0x0000000010008954       0xe8 CMakeFiles/carrier_receiver_baseband.dir/home/arshavin/uu/master/WCNES_PROJ/pico-sdk/lib/tinyusb/src/class/cdc/cdc_device.c.o
                0x0000000010008954                cdcd_control_xfer_cb
 .text.cdcd_xfer_cb
                0x0000000010008a3c       0xfc CMakeFiles/carrier_receiver_baseband.dir/home/arshavin/uu/master/WCNES_PROJ/pico-sdk/lib/tinyusb/src/class/cdc/cdc_device.c.o
                0x0000000010008a3c                cdcd_xfer_cb
 .text.vendord_init
                0x0000000010008b38       0x5c CMakeFiles/carrier_receiver_baseband.dir/home/arshavin/uu/master/WCNES_PROJ/pico-sdk/lib/tinyusb/src/class/vendor/vendor_device.c.o
                0x0000000010008b38                vendord_init
 .text.vendord_deinit
                0x0000000010008b94       0x1c CMakeFiles/carrier_receiver_baseband.dir/home/arshavin/uu/master/WCNES_PROJ/pico-sdk/lib/tinyusb/src/class/vendor/vendor_device.c.o
                0x0000000010008b94                vendord_deinit
 .text.vendord_reset
                0x0000000010008bb0       0x28 CMakeFiles/carrier_receiver_baseband.dir/home/arshavin/uu/master/WCNES_PROJ/pico-sdk/lib/tinyusb/src/class/vendor/vendor_device.c.o
                0x0000000010008bb0                vendord_reset
 .text.vendord_open
                0x0000000010008bd8      0x128 CMakeFiles/carrier_receiver_baseband.dir/home/arshavin/uu/master/WCNES_PROJ/pico-sdk/lib/tinyusb/src/class/vendor/vendor_device.c.o
                0x0000000010008bd8                vendord_open
 .text.vendord_xfer_cb
                0x0000000010008d00       0x9c CMakeFiles/carrier_receiver_baseband.dir/home/arshavin/uu/master/WCNES_PROJ/pico-sdk/lib/tinyusb/src/class/vendor/vendor_device.c.o
                0x0000000010008d00                vendord_xfer_cb
 .text.tusb_rhport_init
                0x0000000010008d9c       0x48 CMakeFiles/carrier_receiver_baseband.dir/home/arshavin/uu/master/WCNES_PROJ/pico-sdk/lib/tinyusb/src/tusb.c.o
                0x0000000010008d9c                tusb_rhport_init
 .text.tu_edpt_claim
                0x0000000010008de4       0x50 CMakeFiles/carrier_receiver_baseband.dir/home/arshavin/uu/master/WCNES_PROJ/pico-sdk/lib/tinyusb/src/tusb.c.o
                0x0000000010008de4                tu_edpt_claim
 .text.tu_edpt_release
                0x0000000010008e34       0x38 CMakeFiles/carrier_receiver_baseband.dir/home/arshavin/uu/master/WCNES_PROJ/pico-sdk/lib/tinyusb/src/tusb.c.o
                0x0000000010008e34                tu_edpt_release
 .text.tu_edpt_validate
                0x0000000010008e6c       0x78 CMakeFiles/carrier_receiver_baseband.dir/home/arshavin/uu/master/WCNES_PROJ/pico-sdk/lib/tinyusb/src/tusb.c.o
                0x0000000010008e6c                tu_edpt_validate
 .text.tu_edpt_bind_driver
                0x0000000010008ee4       0x34 CMakeFiles/carrier_receiver_baseband.dir/home/arshavin/uu/master/WCNES_PROJ/pico-sdk/lib/tinyusb/src/tusb.c.o
                0x0000000010008ee4                tu_edpt_bind_driver
 .text.tu_edpt_stream_init
                0x0000000010008f18       0x6c CMakeFiles/carrier_receiver_baseband.dir/home/arshavin/uu/master/WCNES_PROJ/pico-sdk/lib/tinyusb/src/tusb.c.o
                0x0000000010008f18                tu_edpt_stream_init
 .text.tu_edpt_stream_deinit
                0x0000000010008f84        0x4 CMakeFiles/carrier_receiver_baseband.dir/home/arshavin/uu/master/WCNES_PROJ/pico-sdk/lib/tinyusb/src/tusb.c.o
                0x0000000010008f84                tu_edpt_stream_deinit
 .text.tu_edpt_stream_write_zlp_if_needed
                0x0000000010008f88       0x58 CMakeFiles/carrier_receiver_baseband.dir/home/arshavin/uu/master/WCNES_PROJ/pico-sdk/lib/tinyusb/src/tusb.c.o
                0x0000000010008f88                tu_edpt_stream_write_zlp_if_needed
 .text.tu_edpt_stream_write_xfer
                0x0000000010008fe0       0x64 CMakeFiles/carrier_receiver_baseband.dir/home/arshavin/uu/master/WCNES_PROJ/pico-sdk/lib/tinyusb/src/tusb.c.o
                0x0000000010008fe0                tu_edpt_stream_write_xfer
 .text.tu_edpt_stream_read_xfer
                0x0000000010009044       0xdc CMakeFiles/carrier_receiver_baseband.dir/home/arshavin/uu/master/WCNES_PROJ/pico-sdk/lib/tinyusb/src/tusb.c.o
                0x0000000010009044                tu_edpt_stream_read_xfer
 .text.tu_fifo_config
                0x0000000010009120       0x70 CMakeFiles/carrier_receiver_baseband.dir/home/arshavin/uu/master/WCNES_PROJ/pico-sdk/lib/tinyusb/src/common/tusb_fifo.c.o
                0x0000000010009120                tu_fifo_config
 .text.tu_fifo_count
                0x0000000010009190       0x2c CMakeFiles/carrier_receiver_baseband.dir/home/arshavin/uu/master/WCNES_PROJ/pico-sdk/lib/tinyusb/src/common/tusb_fifo.c.o
                0x0000000010009190                tu_fifo_count
 .text.tu_fifo_empty
                0x00000000100091bc       0x10 CMakeFiles/carrier_receiver_baseband.dir/home/arshavin/uu/master/WCNES_PROJ/pico-sdk/lib/tinyusb/src/common/tusb_fifo.c.o
                0x00000000100091bc                tu_fifo_empty
 .text.tu_fifo_remaining
                0x00000000100091cc       0x2c CMakeFiles/carrier_receiver_baseband.dir/home/arshavin/uu/master/WCNES_PROJ/pico-sdk/lib/tinyusb/src/common/tusb_fifo.c.o
                0x00000000100091cc                tu_fifo_remaining
 .text.tu_fifo_read
                0x00000000100091f8       0xa0 CMakeFiles/carrier_receiver_baseband.dir/home/arshavin/uu/master/WCNES_PROJ/pico-sdk/lib/tinyusb/src/common/tusb_fifo.c.o
                0x00000000100091f8                tu_fifo_read
 .text.tu_fifo_read_n
                0x0000000010009298       0xec CMakeFiles/carrier_receiver_baseband.dir/home/arshavin/uu/master/WCNES_PROJ/pico-sdk/lib/tinyusb/src/common/tusb_fifo.c.o
                0x0000000010009298                tu_fifo_read_n
 .text.tu_fifo_write
                0x0000000010009384       0x88 CMakeFiles/carrier_receiver_baseband.dir/home/arshavin/uu/master/WCNES_PROJ/pico-sdk/lib/tinyusb/src/common/tusb_fifo.c.o
                0x0000000010009384                tu_fifo_write
 .text.tu_fifo_write_n
                0x000000001000940c      0x168 CMakeFiles/carrier_receiver_baseband.dir/home/arshavin/uu/master/WCNES_PROJ/pico-sdk/lib/tinyusb/src/common/tusb_fifo.c.o
                0x000000001000940c                tu_fifo_write_n
 .text.tu_fifo_clear
                0x0000000010009574       0x40 CMakeFiles/carrier_receiver_baseband.dir/home/arshavin/uu/master/WCNES_PROJ/pico-sdk/lib/tinyusb/src/common/tusb_fifo.c.o
                0x0000000010009574                tu_fifo_clear
 .text.tu_fifo_set_overwritable
                0x00000000100095b4       0x48 CMakeFiles/carrier_receiver_baseband.dir/home/arshavin/uu/master/WCNES_PROJ/pico-sdk/lib/tinyusb/src/common/tusb_fifo.c.o
                0x00000000100095b4                tu_fifo_set_overwritable
 .text.pio_add_program_at_offset
                0x00000000100095fc       0xa8 CMakeFiles/carrier_receiver_baseband.dir/home/arshavin/uu/master/WCNES_PROJ/pico-sdk/src/rp2_common/hardware_pio/pio.c.o
                0x00000000100095fc                pio_add_program_at_offset
 .text.pio_sm_set_consecutive_pindirs
                0x00000000100096a4       0xbc CMakeFiles/carrier_receiver_baseband.dir/home/arshavin/uu/master/WCNES_PROJ/pico-sdk/src/rp2_common/hardware_pio/pio.c.o
                0x00000000100096a4                pio_sm_set_consecutive_pindirs
 .text.pio_sm_init
                0x0000000010009760       0x94 CMakeFiles/carrier_receiver_baseband.dir/home/arshavin/uu/master/WCNES_PROJ/pico-sdk/src/rp2_common/hardware_pio/pio.c.o
                0x0000000010009760                pio_sm_init
 .text.spi_init
                0x00000000100097f4      0x134 CMakeFiles/carrier_receiver_baseband.dir/home/arshavin/uu/master/WCNES_PROJ/pico-sdk/src/rp2_common/hardware_spi/spi.c.o
                0x00000000100097f4                spi_init
 .text          0x0000000010009928       0x18 /usr/lib/gcc/arm-none-eabi/10.3.1/../../../arm-none-eabi/lib/thumb/v6-m/nofp/libg.a(lib_a-calloc.o)
                0x0000000010009928                calloc
 .text          0x0000000010009940       0x5c /usr/lib/gcc/arm-none-eabi/10.3.1/../../../arm-none-eabi/lib/thumb/v6-m/nofp/libg.a(lib_a-callocr.o)
                0x0000000010009940                _calloc_r
 .text          0x000000001000999c      0x574 /usr/lib/gcc/arm-none-eabi/10.3.1/../../../arm-none-eabi/lib/thumb/v6-m/nofp/libg.a(lib_a-mallocr.o)
                0x000000001000999c                _malloc_r
 .text          0x0000000010009f10        0x8 /usr/lib/gcc/arm-none-eabi/10.3.1/../../../arm-none-eabi/lib/thumb/v6-m/nofp/libg.a(lib_a-mlock.o)
                0x0000000010009f10                __malloc_lock
                0x0000000010009f14                __malloc_unlock
 .text          0x0000000010009f18       0x24 /usr/lib/gcc/arm-none-eabi/10.3.1/../../../arm-none-eabi/lib/thumb/v6-m/nofp/libg.a(lib_a-sbrkr.o)
                0x0000000010009f18                _sbrk_r
 .text          0x0000000010009f3c       0x5c /usr/lib/gcc/arm-none-eabi/10.3.1/../../../arm-none-eabi/lib/thumb/v6-m/nofp/libg.a(lib_a-strlen-stub.o)
                0x0000000010009f3c                strlen
 .text          0x0000000010009f98      0x260 /usr/lib/gcc/arm-none-eabi/10.3.1/../../../arm-none-eabi/lib/thumb/v6-m/nofp/libg.a(lib_a-freer.o)
                0x0000000010009f98                _malloc_trim_r
                0x000000001000a034                _free_r
 *(.fini)
 .fini          0x000000001000a1f8        0x4 /usr/lib/gcc/arm-none-eabi/10.3.1/thumb/v6-m/nofp/crti.o
                0x000000001000a1f8                _fini
 *fill*         0x000000001000a1fc        0x4 
 .fini.__stub   0x000000001000a200       0xf0 linker stubs
 *crtbegin.o(.ctors)
 *crtbegin?.o(.ctors)
 *(EXCLUDE_FILE(*crtend.o *crtend?.o) .ctors)
 *(SORT_BY_NAME(.ctors.*))
 *(.ctors)
 *crtbegin.o(.dtors)
 *crtbegin?.o(.dtors)
 *(EXCLUDE_FILE(*crtend.o *crtend?.o) .dtors)
 *(SORT_BY_NAME(.dtors.*))
 *(.dtors)
                0x000000001000a2f0                . = ALIGN (0x4)
                0x000000001000a2f0                PROVIDE (__preinit_array_start = .)
 *(SORT_BY_NAME(.preinit_array.*))
 .preinit_array.00100
                0x000000001000a2f0        0x4 CMakeFiles/carrier_receiver_baseband.dir/home/arshavin/uu/master/WCNES_PROJ/pico-sdk/src/rp2_common/pico_runtime_init/runtime_init.c.o
                0x000000001000a2f0                __pre_init_runtime_init_early_resets
 .preinit_array.00101
                0x000000001000a2f4        0x4 CMakeFiles/carrier_receiver_baseband.dir/home/arshavin/uu/master/WCNES_PROJ/pico-sdk/src/rp2_common/pico_runtime_init/runtime_init.c.o
                0x000000001000a2f4                __pre_init_runtime_init_usb_power_down
 .preinit_array.00275
                0x000000001000a2f8        0x4 CMakeFiles/carrier_receiver_baseband.dir/home/arshavin/uu/master/WCNES_PROJ/pico-sdk/src/rp2_common/pico_bit_ops/bit_ops_aeabi.S.o
 .preinit_array.00300
                0x000000001000a2fc        0x4 CMakeFiles/carrier_receiver_baseband.dir/home/arshavin/uu/master/WCNES_PROJ/pico-sdk/src/rp2_common/pico_mem_ops/mem_ops_aeabi.S.o
 .preinit_array.00350
                0x000000001000a300        0x4 CMakeFiles/carrier_receiver_baseband.dir/home/arshavin/uu/master/WCNES_PROJ/pico-sdk/src/rp2_common/pico_double/double_aeabi_rp2040.S.o
 .preinit_array.00350
                0x000000001000a304        0x4 CMakeFiles/carrier_receiver_baseband.dir/home/arshavin/uu/master/WCNES_PROJ/pico-sdk/src/rp2_common/pico_float/float_aeabi_rp2040.S.o
 .preinit_array.00500
                0x000000001000a308        0x4 CMakeFiles/carrier_receiver_baseband.dir/home/arshavin/uu/master/WCNES_PROJ/pico-sdk/src/rp2_common/pico_runtime_init/runtime_init.c.o
                0x000000001000a308                __pre_init_runtime_init_clocks
 .preinit_array.00600
                0x000000001000a30c        0x4 CMakeFiles/carrier_receiver_baseband.dir/home/arshavin/uu/master/WCNES_PROJ/pico-sdk/src/rp2_common/pico_runtime_init/runtime_init.c.o
                0x000000001000a30c                __pre_init_runtime_init_post_clock_resets
 .preinit_array.00700
                0x000000001000a310        0x4 CMakeFiles/carrier_receiver_baseband.dir/home/arshavin/uu/master/WCNES_PROJ/pico-sdk/src/rp2_common/pico_runtime_init/runtime_init.c.o
                0x000000001000a310                __pre_init_runtime_init_rp2040_gpio_ie_disable
 .preinit_array.01000
                0x000000001000a314        0x4 CMakeFiles/carrier_receiver_baseband.dir/home/arshavin/uu/master/WCNES_PROJ/pico-sdk/src/rp2_common/pico_runtime_init/runtime_init.c.o
                0x000000001000a314                __pre_init_runtime_init_spin_locks_reset
 .preinit_array.01100
                0x000000001000a318        0x4 CMakeFiles/carrier_receiver_baseband.dir/home/arshavin/uu/master/WCNES_PROJ/pico-sdk/src/common/pico_sync/mutex.c.o
                0x000000001000a318                __pre_init_runtime_init_mutex
 .preinit_array.10080
                0x000000001000a31c        0x4 CMakeFiles/carrier_receiver_baseband.dir/home/arshavin/uu/master/WCNES_PROJ/pico-sdk/src/rp2_common/pico_runtime_init/runtime_init.c.o
                0x000000001000a31c                __pre_init_runtime_init_install_ram_vector_table
 .preinit_array.11000
                0x000000001000a320        0x4 CMakeFiles/carrier_receiver_baseband.dir/home/arshavin/uu/master/WCNES_PROJ/pico-sdk/src/common/pico_time/time.c.o
                0x000000001000a320                __pre_init_runtime_init_default_alarm_pool
 .preinit_array.YYYYY
                0x000000001000a324        0x4 CMakeFiles/carrier_receiver_baseband.dir/home/arshavin/uu/master/WCNES_PROJ/pico-sdk/src/rp2_common/pico_runtime/runtime.c.o
                0x000000001000a324                __pre_init_first_per_core_initializer
 .preinit_array.ZZZZZ.01200
                0x000000001000a328        0x4 CMakeFiles/carrier_receiver_baseband.dir/home/arshavin/uu/master/WCNES_PROJ/pico-sdk/src/rp2_common/hardware_irq/irq.c.o
                0x000000001000a328                __pre_init_runtime_init_per_core_irq_priorities
 *(.preinit_array)
                0x000000001000a32c                PROVIDE (__preinit_array_end = .)
                0x000000001000a32c                . = ALIGN (0x4)
                0x000000001000a32c                PROVIDE (__init_array_start = .)
 *(SORT_BY_NAME(.init_array.*))
 *(.init_array)
 .init_array    0x000000001000a32c        0x4 /usr/lib/gcc/arm-none-eabi/10.3.1/thumb/v6-m/nofp/crtbegin.o
 .init_array    0x000000001000a330        0x4 CMakeFiles/carrier_receiver_baseband.dir/home/arshavin/uu/master/WCNES_PROJ/pico-sdk/src/rp2_common/pico_unique_id/unique_id.c.o
                0x000000001000a334                PROVIDE (__init_array_end = .)
                0x000000001000a334                . = ALIGN (0x4)
                0x000000001000a334                PROVIDE (__fini_array_start = .)
 *(SORT_BY_NAME(.fini_array.*))
 *(.fini_array)
                0x000000001000a334                PROVIDE (__fini_array_end = .)
 *(.eh_frame*)
 .eh_frame      0x000000001000a334        0x0 /usr/lib/gcc/arm-none-eabi/10.3.1/thumb/v6-m/nofp/crtbegin.o
                0x000000001000a334                . = ALIGN (0x4)

.glue_7         0x000000001000a334        0x0
 .glue_7        0x000000001000a334        0x0 linker stubs

.glue_7t        0x000000001000a334        0x0
 .glue_7t       0x000000001000a334        0x0 linker stubs

.vfp11_veneer   0x000000001000a334        0x0
 .vfp11_veneer  0x000000001000a334        0x0 linker stubs

.v4_bx          0x000000001000a334        0x0
 .v4_bx         0x000000001000a334        0x0 linker stubs

.iplt           0x000000001000a334        0x0
 .iplt          0x000000001000a334        0x0 /usr/lib/gcc/arm-none-eabi/10.3.1/thumb/v6-m/nofp/crtbegin.o

.rodata         0x000000001000a338      0xc38
 *(EXCLUDE_FILE(*libm.a: *libc.a:*lib_a-mem*.o *libgcc.a:) .rodata*)
 .rodata.main.str1.4
                0x000000001000a338       0xb0 CMakeFiles/carrier_receiver_baseband.dir/main.c.o
 .rodata.str1.4
                0x000000001000a3e8       0x1f CMakeFiles/carrier_receiver_baseband.dir/main.c.o
 *fill*         0x000000001000a407        0x1 
 .rodata.__bi_56.0
                0x000000001000a408        0x8 CMakeFiles/carrier_receiver_baseband.dir/main.c.o
 .rodata.__bi_62.1
                0x000000001000a410        0xc CMakeFiles/carrier_receiver_baseband.dir/main.c.o
 .rodata.__bi_68.2
                0x000000001000a41c        0xc CMakeFiles/carrier_receiver_baseband.dir/main.c.o
 .rodata.generate_data.str1.4
                0x000000001000a428       0x39 CMakeFiles/carrier_receiver_baseband.dir/home/arshavin/uu/master/WCNES_PROJ/wcnes-project2025/project_pico_libs/packet_generation.c.o
 *fill*         0x000000001000a461        0x3 
 .rodata.printPacket.str1.4
                0x000000001000a464       0x6d CMakeFiles/carrier_receiver_baseband.dir/home/arshavin/uu/master/WCNES_PROJ/wcnes-project2025/project_pico_libs/receiver_CC2500.c.o
                                         0x7e (size before relaxing)
 *fill*         0x000000001000a4d1        0x3 
 .rodata.set_datarate_rx.str1.4
                0x000000001000a4d4       0x1b CMakeFiles/carrier_receiver_baseband.dir/home/arshavin/uu/master/WCNES_PROJ/wcnes-project2025/project_pico_libs/receiver_CC2500.c.o
 *fill*         0x000000001000a4ef        0x1 
 .rodata.set_filter_bandwidth_rx.str1.4
                0x000000001000a4f0       0x17 CMakeFiles/carrier_receiver_baseband.dir/home/arshavin/uu/master/WCNES_PROJ/wcnes-project2025/project_pico_libs/receiver_CC2500.c.o
 *fill*         0x000000001000a507        0x1 
 .rodata.set_frequency_deviation_rx.str1.4
                0x000000001000a508       0x1a CMakeFiles/carrier_receiver_baseband.dir/home/arshavin/uu/master/WCNES_PROJ/wcnes-project2025/project_pico_libs/receiver_CC2500.c.o
 *fill*         0x000000001000a522        0x2 
 .rodata.set_frecuency_rx.str1.4
                0x000000001000a524       0x23 CMakeFiles/carrier_receiver_baseband.dir/home/arshavin/uu/master/WCNES_PROJ/wcnes-project2025/project_pico_libs/receiver_CC2500.c.o
 *fill*         0x000000001000a547        0x1 
 .rodata.set_frecuency_tx.str1.4
                0x000000001000a548       0x23 CMakeFiles/carrier_receiver_baseband.dir/home/arshavin/uu/master/WCNES_PROJ/wcnes-project2025/project_pico_libs/carrier_CC2500.c.o
 *fill*         0x000000001000a56b        0x1 
 .rodata.generatePIOprogram.str1.4
                0x000000001000a56c      0x11d CMakeFiles/carrier_receiver_baseband.dir/home/arshavin/uu/master/WCNES_PROJ/wcnes-project2025/project_pico_libs/backscatter.c.o
 *fill*         0x000000001000a689        0x3 
 .rodata.backscatter_program_init.str1.4
                0x000000001000a68c      0x270 CMakeFiles/carrier_receiver_baseband.dir/home/arshavin/uu/master/WCNES_PROJ/wcnes-project2025/project_pico_libs/backscatter.c.o
 .rodata.panic.str1.4
                0x000000001000a8fc       0x10 CMakeFiles/carrier_receiver_baseband.dir/home/arshavin/uu/master/WCNES_PROJ/pico-sdk/src/rp2_common/pico_platform_panic/panic.c.o
                                         0x12 (size before relaxing)
 .rodata.spin_lock_claim_unused.str1.4
                0x000000001000a90c       0x1b CMakeFiles/carrier_receiver_baseband.dir/home/arshavin/uu/master/WCNES_PROJ/pico-sdk/src/rp2_common/hardware_sync/sync.c.o
 *fill*         0x000000001000a927        0x1 
 .rodata.user_irq_claim_unused.str1.4
                0x000000001000a928       0x1b CMakeFiles/carrier_receiver_baseband.dir/home/arshavin/uu/master/WCNES_PROJ/pico-sdk/src/rp2_common/hardware_irq/irq.c.o
 *fill*         0x000000001000a943        0x1 
 .rodata.timer_hardware_alarm_claim.str1.4
                0x000000001000a944       0x22 CMakeFiles/carrier_receiver_baseband.dir/home/arshavin/uu/master/WCNES_PROJ/pico-sdk/src/rp2_common/hardware_timer/timer.c.o
 *fill*         0x000000001000a966        0x2 
 .rodata.hard_assertion_failure.str1.4
                0x000000001000a968        0xc CMakeFiles/carrier_receiver_baseband.dir/home/arshavin/uu/master/WCNES_PROJ/pico-sdk/src/rp2_common/pico_runtime/runtime.c.o
 .rodata.__wrap_malloc.str1.4
                0x000000001000a974        0xe CMakeFiles/carrier_receiver_baseband.dir/home/arshavin/uu/master/WCNES_PROJ/pico-sdk/src/rp2_common/pico_malloc/malloc.c.o
 *fill*         0x000000001000a982        0x2 
 .rodata.str1.4
                0x000000001000a984       0x50 CMakeFiles/carrier_receiver_baseband.dir/home/arshavin/uu/master/WCNES_PROJ/pico-sdk/src/rp2_common/pico_standard_binary_info/standard_binary_info.c.o
 .rodata.__bi_26
                0x000000001000a9d4        0xc CMakeFiles/carrier_receiver_baseband.dir/home/arshavin/uu/master/WCNES_PROJ/pico-sdk/src/rp2_common/pico_standard_binary_info/standard_binary_info.c.o
 .rodata.__bi_34
                0x000000001000a9e0        0xc CMakeFiles/carrier_receiver_baseband.dir/home/arshavin/uu/master/WCNES_PROJ/pico-sdk/src/rp2_common/pico_standard_binary_info/standard_binary_info.c.o
 .rodata.__bi_42
                0x000000001000a9ec        0xc CMakeFiles/carrier_receiver_baseband.dir/home/arshavin/uu/master/WCNES_PROJ/pico-sdk/src/rp2_common/pico_standard_binary_info/standard_binary_info.c.o
 .rodata.__bi_48
                0x000000001000a9f8        0xc CMakeFiles/carrier_receiver_baseband.dir/home/arshavin/uu/master/WCNES_PROJ/pico-sdk/src/rp2_common/pico_standard_binary_info/standard_binary_info.c.o
 .rodata.__bi_54
                0x000000001000aa04        0xc CMakeFiles/carrier_receiver_baseband.dir/home/arshavin/uu/master/WCNES_PROJ/pico-sdk/src/rp2_common/pico_standard_binary_info/standard_binary_info.c.o
 .rodata.__bi_78
                0x000000001000aa10        0xc CMakeFiles/carrier_receiver_baseband.dir/home/arshavin/uu/master/WCNES_PROJ/pico-sdk/src/rp2_common/pico_standard_binary_info/standard_binary_info.c.o
 .rodata.__bi_84
                0x000000001000aa1c        0xc CMakeFiles/carrier_receiver_baseband.dir/home/arshavin/uu/master/WCNES_PROJ/pico-sdk/src/rp2_common/pico_standard_binary_info/standard_binary_info.c.o
 .rodata._ftoa.str1.4
                0x000000001000aa28       0x15 CMakeFiles/carrier_receiver_baseband.dir/home/arshavin/uu/master/WCNES_PROJ/pico-sdk/src/rp2_common/pico_printf/printf.c.o
 *fill*         0x000000001000aa3d        0x3 
 .rodata._vsnprintf
                0x000000001000aa40      0x1e0 CMakeFiles/carrier_receiver_baseband.dir/home/arshavin/uu/master/WCNES_PROJ/pico-sdk/src/rp2_common/pico_printf/printf.c.o
 .rodata.pow10.0
                0x000000001000ac20       0x50 CMakeFiles/carrier_receiver_baseband.dir/home/arshavin/uu/master/WCNES_PROJ/pico-sdk/src/rp2_common/pico_printf/printf.c.o
 .rodata.crlf_str.0
                0x000000001000ac70        0x2 CMakeFiles/carrier_receiver_baseband.dir/home/arshavin/uu/master/WCNES_PROJ/pico-sdk/src/rp2_common/pico_stdio/stdio.c.o
 *fill*         0x000000001000ac72        0x2 
 .rodata._resetd_driver
                0x000000001000ac74       0x20 CMakeFiles/carrier_receiver_baseband.dir/home/arshavin/uu/master/WCNES_PROJ/pico-sdk/src/rp2_common/pico_stdio_usb/reset_interface.c.o
 .rodata.desc_bos
                0x000000001000ac94       0x21 CMakeFiles/carrier_receiver_baseband.dir/home/arshavin/uu/master/WCNES_PROJ/pico-sdk/src/rp2_common/pico_stdio_usb/reset_interface.c.o
                0x000000001000ac94                desc_bos
 *fill*         0x000000001000acb5        0x3 
 .rodata.desc_ms_os_20
                0x000000001000acb8       0xa6 CMakeFiles/carrier_receiver_baseband.dir/home/arshavin/uu/master/WCNES_PROJ/pico-sdk/src/rp2_common/pico_stdio_usb/reset_interface.c.o
 *fill*         0x000000001000ad5e        0x2 
 .rodata.str1.4
                0x000000001000ad60       0x13 CMakeFiles/carrier_receiver_baseband.dir/home/arshavin/uu/master/WCNES_PROJ/pico-sdk/src/rp2_common/pico_stdio_usb/stdio_usb.c.o
 *fill*         0x000000001000ad73        0x1 
 .rodata.__bi_197.0
                0x000000001000ad74        0xc CMakeFiles/carrier_receiver_baseband.dir/home/arshavin/uu/master/WCNES_PROJ/pico-sdk/src/rp2_common/pico_stdio_usb/stdio_usb.c.o
 .rodata.str1.4
                0x000000001000ad80       0x2a CMakeFiles/carrier_receiver_baseband.dir/home/arshavin/uu/master/WCNES_PROJ/pico-sdk/src/rp2_common/pico_stdio_usb/stdio_usb_descriptors.c.o
 *fill*         0x000000001000adaa        0x2 
 .rodata.usbd_desc_cfg
                0x000000001000adac       0x54 CMakeFiles/carrier_receiver_baseband.dir/home/arshavin/uu/master/WCNES_PROJ/pico-sdk/src/rp2_common/pico_stdio_usb/stdio_usb_descriptors.c.o
 .rodata.usbd_desc_device
                0x000000001000ae00       0x12 CMakeFiles/carrier_receiver_baseband.dir/home/arshavin/uu/master/WCNES_PROJ/pico-sdk/src/rp2_common/pico_stdio_usb/stdio_usb_descriptors.c.o
 *fill*         0x000000001000ae12        0x2 
 .rodata.usbd_desc_str
                0x000000001000ae14       0x18 CMakeFiles/carrier_receiver_baseband.dir/home/arshavin/uu/master/WCNES_PROJ/pico-sdk/src/rp2_common/pico_stdio_usb/stdio_usb_descriptors.c.o
 .rodata.str1.4
                0x000000001000ae2c       0x14 CMakeFiles/carrier_receiver_baseband.dir/home/arshavin/uu/master/WCNES_PROJ/pico-sdk/lib/tinyusb/src/portable/raspberrypi/rp2040/dcd_rp2040.c.o
 .rodata.str1.4