Archive member included to satisfy reference by file (symbol)

/usr/lib/gcc/arm-none-eabi/10.3.1/thumb/v6-m/nofp/libgcc.a(_dvmd_tls.o)
                              CMakeFiles/carrier_receiver_baseband.dir/home/arshavin/uu/master/WCNES_PROJ/pico-sdk/src/rp2_common/pico_divider/divider_hardware.S.o (__aeabi_idiv0)
/usr/lib/gcc/arm-none-eabi/10.3.1/../../../arm-none-eabi/lib/thumb/v6-m/nofp/libg.a(lib_a-atexit.o)
                              /usr/lib/gcc/arm-none-eabi/10.3.1/../../../arm-none-eabi/lib/thumb/v6-m/nofp/crt0.o (atexit)
/usr/lib/gcc/arm-none-eabi/10.3.1/../../../arm-none-eabi/lib/thumb/v6-m/nofp/libg.a(lib_a-calloc.o)
                              CMakeFiles/carrier_receiver_baseband.dir/home/arshavin/uu/master/WCNES_PROJ/pico-sdk/src/rp2_common/pico_malloc/malloc.c.o (calloc)
/usr/lib/gcc/arm-none-eabi/10.3.1/../../../arm-none-eabi/lib/thumb/v6-m/nofp/libg.a(lib_a-callocr.o)
                              /usr/lib/gcc/arm-none-eabi/10.3.1/../../../arm-none-eabi/lib/thumb/v6-m/nofp/libg.a(lib_a-calloc.o) (_calloc_r)
/usr/lib/gcc/arm-none-eabi/10.3.1/../../../arm-none-eabi/lib/thumb/v6-m/nofp/libg.a(lib_a-fini.o)
                              /usr/lib/gcc/arm-none-eabi/10.3.1/../../../arm-none-eabi/lib/thumb/v6-m/nofp/crt0.o (__libc_fini_array)
/usr/lib/gcc/arm-none-eabi/10.3.1/../../../arm-none-eabi/lib/thumb/v6-m/nofp/libg.a(lib_a-impure.o)
                              /usr/lib/gcc/arm-none-eabi/10.3.1/../../../arm-none-eabi/lib/thumb/v6-m/nofp/libg.a(lib_a-calloc.o) (_impure_ptr)
/usr/lib/gcc/arm-none-eabi/10.3.1/../../../arm-none-eabi/lib/thumb/v6-m/nofp/libg.a(lib_a-init.o)
                              /usr/lib/gcc/arm-none-eabi/10.3.1/../../../arm-none-eabi/lib/thumb/v6-m/nofp/crt0.o (__libc_init_array)
/usr/lib/gcc/arm-none-eabi/10.3.1/../../../arm-none-eabi/lib/thumb/v6-m/nofp/libg.a(lib_a-lcltime_r.o)
                              CMakeFiles/carrier_receiver_baseband.dir/home/arshavin/uu/master/WCNES_PROJ/pico-sdk/src/common/pico_util/datetime.c.o (localtime_r)
/usr/lib/gcc/arm-none-eabi/10.3.1/../../../arm-none-eabi/lib/thumb/v6-m/nofp/libg.a(lib_a-malloc.o)
                              CMakeFiles/carrier_receiver_baseband.dir/home/arshavin/uu/master/WCNES_PROJ/pico-sdk/src/rp2_common/pico_malloc/malloc.c.o (malloc)
/usr/lib/gcc/arm-none-eabi/10.3.1/../../../arm-none-eabi/lib/thumb/v6-m/nofp/libg.a(lib_a-mallocr.o)
                              /usr/lib/gcc/arm-none-eabi/10.3.1/../../../arm-none-eabi/lib/thumb/v6-m/nofp/libg.a(lib_a-callocr.o) (_malloc_r)
/usr/lib/gcc/arm-none-eabi/10.3.1/../../../arm-none-eabi/lib/thumb/v6-m/nofp/libg.a(lib_a-memcmp.o)
                              CMakeFiles/carrier_receiver_baseband.dir/home/arshavin/uu/master/WCNES_PROJ/pico-sdk/src/rp2_common/pico_atomic/atomic.c.o (memcmp)
/usr/lib/gcc/arm-none-eabi/10.3.1/../../../arm-none-eabi/lib/thumb/v6-m/nofp/libg.a(lib_a-mktime.o)
                              CMakeFiles/carrier_receiver_baseband.dir/home/arshavin/uu/master/WCNES_PROJ/pico-sdk/src/common/pico_util/datetime.c.o (mktime)
/usr/lib/gcc/arm-none-eabi/10.3.1/../../../arm-none-eabi/lib/thumb/v6-m/nofp/libg.a(lib_a-mlock.o)
                              /usr/lib/gcc/arm-none-eabi/10.3.1/../../../arm-none-eabi/lib/thumb/v6-m/nofp/libg.a(lib_a-mallocr.o) (__malloc_lock)
/usr/lib/gcc/arm-none-eabi/10.3.1/../../../arm-none-eabi/lib/thumb/v6-m/nofp/libg.a(lib_a-month_lengths.o)
                              /usr/lib/gcc/arm-none-eabi/10.3.1/../../../arm-none-eabi/lib/thumb/v6-m/nofp/libg.a(lib_a-lcltime_r.o) (__month_lengths)
/usr/lib/gcc/arm-none-eabi/10.3.1/../../../arm-none-eabi/lib/thumb/v6-m/nofp/libg.a(lib_a-realloc.o)
                              CMakeFiles/carrier_receiver_baseband.dir/home/arshavin/uu/master/WCNES_PROJ/pico-sdk/src/rp2_common/pico_malloc/malloc.c.o (realloc)
/usr/lib/gcc/arm-none-eabi/10.3.1/../../../arm-none-eabi/lib/thumb/v6-m/nofp/libg.a(lib_a-reallocr.o)
                              /usr/lib/gcc/arm-none-eabi/10.3.1/../../../arm-none-eabi/lib/thumb/v6-m/nofp/libg.a(lib_a-realloc.o) (_realloc_r)
/usr/lib/gcc/arm-none-eabi/10.3.1/../../../arm-none-eabi/lib/thumb/v6-m/nofp/libg.a(lib_a-sbrkr.o)
                              /usr/lib/gcc/arm-none-eabi/10.3.1/../../../arm-none-eabi/lib/thumb/v6-m/nofp/libg.a(lib_a-mallocr.o) (_sbrk_r)
/usr/lib/gcc/arm-none-eabi/10.3.1/../../../arm-none-eabi/lib/thumb/v6-m/nofp/libg.a(lib_a-strlen-stub.o)
                              CMakeFiles/carrier_receiver_baseband.dir/home/arshavin/uu/master/WCNES_PROJ/pico-sdk/src/rp2_common/pico_stdio/stdio.c.o (strlen)
/usr/lib/gcc/arm-none-eabi/10.3.1/../../../arm-none-eabi/lib/thumb/v6-m/nofp/libg.a(lib_a-tzcalc_limits.o)
                              /usr/lib/gcc/arm-none-eabi/10.3.1/../../../arm-none-eabi/lib/thumb/v6-m/nofp/libg.a(lib_a-lcltime_r.o) (__tzcalc_limits)
/usr/lib/gcc/arm-none-eabi/10.3.1/../../../arm-none-eabi/lib/thumb/v6-m/nofp/libg.a(lib_a-tzlock.o)
[...]
Memory Configuration

Name             Origin             Length             Attributes
FLASH            0x0000000010000000 0x0000000000200000 xr
RAM              0x0000000020000000 0x0000000000040000 xrw
SCRATCH_X        0x0000000020040000 0x0000000000001000 xrw
SCRATCH_Y        0x0000000020041000 0x0000000000001000 xrw
*default*        0x0000000000000000 0xffffffffffffffff

Linker script and memory map

LOAD /usr/lib/gcc/arm-none-eabi/10.3.1/thumb/v6-m/nofp/crti.o
LOAD /usr/lib/gcc/arm-none-eabi/10.3.1/thumb/v6-m/nofp/crtbegin.o
LOAD /usr/lib/gcc/arm-none-eabi/10.3.1/../../../arm-none-eabi/lib/thumb/v6-m/nofp/crt0.o

.flash_begin    0x0000000010000000        0x0
                0x0000000010000000                __flash_binary_start = .

.boot2          0x0000000010000000      0x100
                0x0000000010000000                __boot2_start__ = .
 *(.boot2)
 .boot2         0x0000000010000000      0x100 pico-sdk/src/rp2040/boot_stage2/CMakeFiles/bs2_default_library.dir/bs2_default_padded_checksummed.S.o
                0x0000000010000100                __boot2_end__ = .
                0x0000000000000001                ASSERT (((__boot2_end__ - __boot2_start__) == 0x100), ERROR: Pico second stage bootloader must be 256 bytes in size)

.text           0x0000000010000100     0x9e54
                0x0000000010000100                __logical_binary_start = .
 *(.vectors)
 .vectors       0x0000000010000100       0xd4 CMakeFiles/carrier_receiver_baseband.dir/home/arshavin/uu/master/WCNES_PROJ/pico-sdk/src/rp2_common/pico_crt0/crt0.S.o
                0x0000000010000100                __vectors
                0x0000000010000100                __VECTOR_TABLE
                0x00000000100001c0                isr_invalid
                0x00000000100001c0                __default_isrs_start
                0x00000000100001c2                isr_nmi
                0x00000000100001c4                isr_hardfault
                0x00000000100001c6                isr_svcall
                0x00000000100001c8                isr_pendsv
                0x00000000100001ca                isr_systick
                0x00000000100001cc                isr_irq30
                0x00000000100001cc                __unhandled_user_irq
                0x00000000100001cc                isr_irq13
                0x00000000100001cc                isr_irq27
                0x00000000100001cc                isr_irq31
                0x00000000100001cc                isr_irq5
                0x00000000100001cc                isr_irq11
                0x00000000100001cc                isr_irq23
                0x00000000100001cc                isr_irq18
                0x00000000100001cc                isr_irq28
                0x00000000100001cc                isr_irq19
                0x00000000100001cc                isr_irq0
                0x00000000100001cc                isr_irq6
                0x00000000100001cc                isr_irq22
                0x00000000100001cc                isr_irq17
                0x00000000100001cc                isr_irq14
                0x00000000100001cc                isr_irq2
                0x00000000100001cc                isr_irq10
                0x00000000100001cc                isr_irq8
                0x00000000100001cc                isr_irq24
                0x00000000100001cc                isr_irq1
                0x00000000100001cc                isr_irq7
                0x00000000100001cc                isr_irq21
                0x00000000100001cc                isr_irq20
                0x00000000100001cc                isr_irq15
                0x00000000100001cc                isr_irq25
                0x00000000100001cc                isr_irq4
                0x00000000100001cc                isr_irq16
                0x00000000100001cc                isr_irq29
                0x00000000100001cc                isr_irq26
                0x00000000100001cc                __default_isrs_end
                0x00000000100001cc                isr_irq3
                0x00000000100001cc                isr_irq12
                0x00000000100001cc                isr_irq9
                0x00000000100001d2                unhandled_user_irq_num_in_r0
 *(.binary_info_header)
 .binary_info_header
                0x00000000100001d4       0x14 CMakeFiles/carrier_receiver_baseband.dir/home/arshavin/uu/master/WCNES_PROJ/pico-sdk/src/rp2_common/pico_crt0/crt0.S.o
                0x00000000100001e8                __binary_info_header_end = .
 *(.embedded_block)
                0x00000000100001e8                __embedded_block_end = .
 *(.reset)
 .reset         0x00000000100001e8       0x9c CMakeFiles/carrier_receiver_baseband.dir/home/arshavin/uu/master/WCNES_PROJ/pico-sdk/src/rp2_common/pico_crt0/crt0.S.o
                0x00000000100001e8                _entry_point
 *(.init)
 .init          0x0000000010000284        0x4 /usr/lib/gcc/arm-none-eabi/10.3.1/thumb/v6-m/nofp/crti.o
                0x0000000010000284                _init
 *(EXCLUDE_FILE(*libm.a: *libc.a:*lib_a-mem*.o *libgcc.a:) .text*)
 .text          0x0000000010000288       0x98 /usr/lib/gcc/arm-none-eabi/10.3.1/thumb/v6-m/nofp/crtbegin.o
 .text.startup.main
                0x0000000010000320      0x1b4 CMakeFiles/carrier_receiver_baseband.dir/main.c.o
                0x0000000010000320                main
 .text.packet_hdr_template
                0x00000000100004d4       0x1c CMakeFiles/carrier_receiver_baseband.dir/home/arshavin/uu/master/WCNES_PROJ/wcnes-project2025/project_pico_libs/packet_generation.c.o
                0x00000000100004d4                packet_hdr_template
 .text.generate_sample
                0x00000000100004f0      0x100 CMakeFiles/carrier_receiver_baseband.dir/home/arshavin/uu/master/WCNES_PROJ/wcnes-project2025/project_pico_libs/packet_generation.c.o
                0x00000000100004f0                generate_sample
 .text.generate_data
                0x00000000100005f0       0x54 CMakeFiles/carrier_receiver_baseband.dir/home/arshavin/uu/master/WCNES_PROJ/wcnes-project2025/project_pico_libs/packet_generation.c.o
                0x00000000100005f0                generate_data
 .text.add_header
                0x0000000010000644       0x44 CMakeFiles/carrier_receiver_baseband.dir/home/arshavin/uu/master/WCNES_PROJ/wcnes-project2025/project_pico_libs/packet_generation.c.o
                0x0000000010000644                add_header
 .text.receiver_isr
                0x0000000010000688       0x38 CMakeFiles/carrier_receiver_baseband.dir/home/arshavin/uu/master/WCNES_PROJ/wcnes-project2025/project_pico_libs/receiver_CC2500.c.o
                0x0000000010000688                receiver_isr
 .text.setupReceiver
                0x00000000100006c0       0xf4 CMakeFiles/carrier_receiver_baseband.dir/home/arshavin/uu/master/WCNES_PROJ/wcnes-project2025/project_pico_libs/receiver_CC2500.c.o
                0x00000000100006c0                setupReceiver
 .text.RX_start_listen
                0x00000000100007b4       0xd8 CMakeFiles/carrier_receiver_baseband.dir/home/arshavin/uu/master/WCNES_PROJ/wcnes-project2025/project_pico_libs/receiver_CC2500.c.o
                0x00000000100007b4                RX_start_listen
 .text.readPacket
                0x000000001000088c      0x108 CMakeFiles/carrier_receiver_baseband.dir/home/arshavin/uu/master/WCNES_PROJ/wcnes-project2025/project_pico_libs/receiver_CC2500.c.o
                0x000000001000088c                readPacket
 .text.printPacket
                0x0000000010000994      0x11c CMakeFiles/carrier_receiver_baseband.dir/home/arshavin/uu/master/WCNES_PROJ/wcnes-project2025/project_pico_libs/receiver_CC2500.c.o
                0x0000000010000994                printPacket
 .text.get_event
                0x0000000010000ab0       0x28 CMakeFiles/carrier_receiver_baseband.dir/home/arshavin/uu/master/WCNES_PROJ/wcnes-project2025/project_pico_libs/receiver_CC2500.c.o
                0x0000000010000ab0                get_event
 .text.set_datarate_rx
                0x0000000010000ad8      0x1b4 CMakeFiles/carrier_receiver_baseband.dir/home/arshavin/uu/master/WCNES_PROJ/wcnes-project2025/project_pico_libs/receiver_CC2500.c.o
                0x0000000010000ad8                set_datarate_rx
 .text.set_filter_bandwidth_rx
                0x0000000010000c8c      0x1b0 CMakeFiles/carrier_receiver_baseband.dir/home/arshavin/uu/master/WCNES_PROJ/wcnes-project2025/project_pico_libs/receiver_CC2500.c.o
                0x0000000010000c8c                set_filter_bandwidth_rx
 .text.set_frequency_deviation_rx
                0x0000000010000e3c      0x190 CMakeFiles/carrier_receiver_baseband.dir/home/arshavin/uu/master/WCNES_PROJ/wcnes-project2025/project_pico_libs/receiver_CC2500.c.o
                0x0000000010000e3c                set_frequency_deviation_rx
 .text.set_frecuency_rx
                0x0000000010000fcc      0x1c4 CMakeFiles/carrier_receiver_baseband.dir/home/arshavin/uu/master/WCNES_PROJ/wcnes-project2025/project_pico_libs/receiver_CC2500.c.o
                0x0000000010000fcc                set_frecuency_rx
 .text.generatePIOprogram
                0x0000000010001190      0x590 CMakeFiles/carrier_receiver_baseband.dir/home/arshavin/uu/master/WCNES_PROJ/wcnes-project2025/project_pico_libs/backscatter.c.o
                0x0000000010001190                generatePIOprogram
 .text.backscatter_program_init
                0x0000000010001720      0x304 CMakeFiles/carrier_receiver_baseband.dir/home/arshavin/uu/master/WCNES_PROJ/wcnes-project2025/project_pico_libs/backscatter.c.o
                0x0000000010001720                backscatter_program_init
 .text.backscatter_send
                0x0000000010001a24       0x34 CMakeFiles/carrier_receiver_baseband.dir/home/arshavin/uu/master/WCNES_PROJ/wcnes-project2025/project_pico_libs/backscatter.c.o
                0x0000000010001a24                backscatter_send
 .text.gpio_default_irq_handler
                0x0000000010001a58      0x270 CMakeFiles/carrier_receiver_baseband.dir/home/arshavin/uu/master/WCNES_PROJ/pico-sdk/src/rp2_common/hardware_gpio/gpio.c.o
 .text.gpio_set_function
                0x0000000010001cc8       0x34 CMakeFiles/carrier_receiver_baseband.dir/home/arshavin/uu/master/WCNES_PROJ/pico-sdk/src/rp2_common/hardware_gpio/gpio.c.o
                0x0000000010001cc8                gpio_set_function
 .text.gpio_set_irq_enabled_with_callback
                0x0000000010001cfc       0xd0 CMakeFiles/carrier_receiver_baseband.dir/home/arshavin/uu/master/WCNES_PROJ/pico-sdk/src/rp2_common/hardware_gpio/gpio.c.o
                0x0000000010001cfc                gpio_set_irq_enabled_with_callback
 .text.gpio_init
                0x0000000010001dcc       0x40 CMakeFiles/carrier_receiver_baseband.dir/home/arshavin/uu/master/WCNES_PROJ/pico-sdk/src/rp2_common/hardware_gpio/gpio.c.o
                0x0000000010001dcc                gpio_init
 .text.rp2040_chip_version
                0x0000000010001e0c        0xc CMakeFiles/carrier_receiver_baseband.dir/home/arshavin/uu/master/WCNES_PROJ/pico-sdk/src/rp2040/pico_platform/platform.c.o
                0x0000000010001e0c                rp2040_chip_version
 .text.panic    0x0000000010001e18       0x30 CMakeFiles/carrier_receiver_baseband.dir/home/arshavin/uu/master/WCNES_PROJ/pico-sdk/src/rp2_common/pico_platform_panic/panic.c.o
                0x0000000010001e18                panic
 .text.hw_claim_lock
                0x0000000010001e48       0x18 CMakeFiles/carrier_receiver_baseband.dir/home/arshavin/uu/master/WCNES_PROJ/pico-sdk/src/common/hardware_claim/claim.c.o
                0x0000000010001e48                hw_claim_lock
 .text.hw_claim_unlock
                0x0000000010001e60       0x14 CMakeFiles/carrier_receiver_baseband.dir/home/arshavin/uu/master/WCNES_PROJ/pico-sdk/src/common/hardware_claim/claim.c.o
                0x0000000010001e60                hw_claim_unlock
 .text.hw_claim_or_assert
                0x0000000010001e74       0x44 CMakeFiles/carrier_receiver_baseband.dir/home/arshavin/uu/master/WCNES_PROJ/pico-sdk/src/common/hardware_claim/claim.c.o
                0x0000000010001e74                hw_claim_or_assert
 .text.hw_claim_unused_from_range
                0x0000000010001eb8       0x9c CMakeFiles/carrier_receiver_baseband.dir/home/arshavin/uu/master/WCNES_PROJ/pico-sdk/src/common/hardware_claim/claim.c.o
                0x0000000010001eb8                hw_claim_unused_from_range
 .text.next_striped_spin_lock_num
                0x0000000010001f54       0x18 CMakeFiles/carrier_receiver_baseband.dir/home/arshavin/uu/master/WCNES_PROJ/pico-sdk/src/rp2_common/hardware_sync/sync.c.o
                0x0000000010001f54                next_striped_spin_lock_num
 .text.spin_lock_claim_unused
                0x0000000010001f6c       0x20 CMakeFiles/carrier_receiver_baseband.dir/home/arshavin/uu/master/WCNES_PROJ/pico-sdk/src/rp2_common/hardware_sync/sync.c.o
                0x0000000010001f6c                spin_lock_claim_unused
 .text.spin_locks_reset
                0x0000000010001f8c       0x1c CMakeFiles/carrier_receiver_baseband.dir/home/arshavin/uu/master/WCNES_PROJ/pico-sdk/src/rp2_common/hardware_sync_spin_lock/sync_spin_lock.c.o
                0x0000000010001f8c                spin_locks_reset
 .text.runtime_init_per_core_irq_priorities
                0x0000000010001fa8       0x24 CMakeFiles/carrier_receiver_baseband.dir/home/arshavin/uu/master/WCNES_PROJ/pico-sdk/src/rp2_common/hardware_irq/irq.c.o
                0x0000000010001fa8                runtime_init_per_core_irq_priorities
 .text.irq_set_enabled
                0x0000000010001fcc       0x24 CMakeFiles/carrier_receiver_baseband.dir/home/arshavin/uu/master/WCNES_PROJ/pico-sdk/src/rp2_common/hardware_irq/irq.c.o
                0x0000000010001fcc                irq_set_enabled
 .text.irq_is_enabled
                0x0000000010001ff0       0x18 CMakeFiles/carrier_receiver_baseband.dir/home/arshavin/uu/master/WCNES_PROJ/pico-sdk/src/rp2_common/hardware_irq/irq.c.o
                0x0000000010001ff0                irq_is_enabled
 .text.irq_set_pending
                0x0000000010002008       0x10 CMakeFiles/carrier_receiver_baseband.dir/home/arshavin/uu/master/WCNES_PROJ/pico-sdk/src/rp2_common/hardware_irq/irq.c.o
                0x0000000010002008                irq_set_pending
 .text.irq_has_shared_handler
                0x0000000010002018       0x24 CMakeFiles/carrier_receiver_baseband.dir/home/arshavin/uu/master/WCNES_PROJ/pico-sdk/src/rp2_common/hardware_irq/irq.c.o
                0x0000000010002018                irq_has_shared_handler
 .text.irq_set_exclusive_handler
                0x000000001000203c       0x54 CMakeFiles/carrier_receiver_baseband.dir/home/arshavin/uu/master/WCNES_PROJ/pico-sdk/src/rp2_common/hardware_irq/irq.c.o
                0x000000001000203c                irq_set_exclusive_handler
 .text.irq_add_shared_handler
                0x0000000010002090      0x1e8 CMakeFiles/carrier_receiver_baseband.dir/home/arshavin/uu/master/WCNES_PROJ/pico-sdk/src/rp2_common/hardware_irq/irq.c.o
                0x0000000010002090                irq_add_shared_handler
 .text.irq_remove_handler
                0x0000000010002278      0x1c4 CMakeFiles/carrier_receiver_baseband.dir/home/arshavin/uu/master/WCNES_PROJ/pico-sdk/src/rp2_common/hardware_irq/irq.c.o
                0x0000000010002278                irq_remove_handler
 .text.irq_add_tail_to_free_list
                0x000000001000243c       0xb4 CMakeFiles/carrier_receiver_baseband.dir/home/arshavin/uu/master/WCNES_PROJ/pico-sdk/src/rp2_common/hardware_irq/irq.c.o
                0x000000001000243c                irq_add_tail_to_free_list
 .text.user_irq_claim_unused
                0x00000000100024f0       0x28 CMakeFiles/carrier_receiver_baseband.dir/home/arshavin/uu/master/WCNES_PROJ/pico-sdk/src/rp2_common/hardware_irq/irq.c.o
                0x00000000100024f0                user_irq_claim_unused
 .text.lock_init
                0x0000000010002518       0x10 CMakeFiles/carrier_receiver_baseband.dir/home/arshavin/uu/master/WCNES_PROJ/pico-sdk/src/common/pico_sync/lock_core.c.o
                0x0000000010002518                lock_init
 .text.runtime_init_mutex
                0x0000000010002528       0x58 CMakeFiles/carrier_receiver_baseband.dir/home/arshavin/uu/master/WCNES_PROJ/pico-sdk/src/common/pico_sync/mutex.c.o
                0x0000000010002528                runtime_init_mutex
 .text.mutex_init
                0x0000000010002580       0x1c CMakeFiles/carrier_receiver_baseband.dir/home/arshavin/uu/master/WCNES_PROJ/pico-sdk/src/common/pico_sync/mutex.c.o
                0x0000000010002580                mutex_init
 .text.critical_section_init
                0x000000001000259c       0x20 CMakeFiles/carrier_receiver_baseband.dir/home/arshavin/uu/master/WCNES_PROJ/pico-sdk/src/common/pico_sync/critical_section.c.o
                0x000000001000259c                critical_section_init
 .text.critical_section_init_with_lock_num
                0x00000000100025bc       0x14 CMakeFiles/carrier_receiver_baseband.dir/home/arshavin/uu/master/WCNES_PROJ/pico-sdk/src/common/pico_sync/critical_section.c.o
                0x00000000100025bc                critical_section_init_with_lock_num
 .text.sleep_until_callback
                0x00000000100025d0       0x30 CMakeFiles/carrier_receiver_baseband.dir/home/arshavin/uu/master/WCNES_PROJ/pico-sdk/src/common/pico_time/time.c.o
 .text.alarm_pool_irq_handler
                0x0000000010002600      0x308 CMakeFiles/carrier_receiver_baseband.dir/home/arshavin/uu/master/WCNES_PROJ/pico-sdk/src/common/pico_time/time.c.o
 .text.runtime_init_default_alarm_pool
                0x0000000010002908       0xdc CMakeFiles/carrier_receiver_baseband.dir/home/arshavin/uu/master/WCNES_PROJ/pico-sdk/src/common/pico_time/time.c.o
                0x0000000010002908                runtime_init_default_alarm_pool
 .text.alarm_pool_get_default
                0x00000000100029e4        0x8 CMakeFiles/carrier_receiver_baseband.dir/home/arshavin/uu/master/WCNES_PROJ/pico-sdk/src/common/pico_time/time.c.o
                0x00000000100029e4                alarm_pool_get_default
 .text.alarm_pool_add_alarm_at
                0x00000000100029ec       0xc8 CMakeFiles/carrier_receiver_baseband.dir/home/arshavin/uu/master/WCNES_PROJ/pico-sdk/src/common/pico_time/time.c.o
                0x00000000100029ec                alarm_pool_add_alarm_at
 .text.alarm_pool_add_alarm_at_force_in_context
                0x0000000010002ab4       0xb0 CMakeFiles/carrier_receiver_baseband.dir/home/arshavin/uu/master/WCNES_PROJ/pico-sdk/src/common/pico_time/time.c.o
                0x0000000010002ab4                alarm_pool_add_alarm_at_force_in_context
 .text.alarm_pool_cancel_alarm
                0x0000000010002b64       0x7c CMakeFiles/carrier_receiver_baseband.dir/home/arshavin/uu/master/WCNES_PROJ/pico-sdk/src/common/pico_time/time.c.o
                0x0000000010002b64                alarm_pool_cancel_alarm
 .text.alarm_pool_core_num
                0x0000000010002be0        0x4 CMakeFiles/carrier_receiver_baseband.dir/home/arshavin/uu/master/WCNES_PROJ/pico-sdk/src/common/pico_time/time.c.o
                0x0000000010002be0                alarm_pool_core_num
 .text.sleep_until
                0x0000000010002be4       0xd0 CMakeFiles/carrier_receiver_baseband.dir/home/arshavin/uu/master/WCNES_PROJ/pico-sdk/src/common/pico_time/time.c.o
                0x0000000010002be4                sleep_until
 .text.sleep_us
                0x0000000010002cb4       0x24 CMakeFiles/carrier_receiver_baseband.dir/home/arshavin/uu/master/WCNES_PROJ/pico-sdk/src/common/pico_time/time.c.o
                0x0000000010002cb4                sleep_us
 .text.sleep_ms
                0x0000000010002cd8       0x34 CMakeFiles/carrier_receiver_baseband.dir/home/arshavin/uu/master/WCNES_PROJ/pico-sdk/src/common/pico_time/time.c.o
                0x0000000010002cd8                sleep_ms
 .text.best_effort_wfe_or_timeout
                0x0000000010002d0c       0xfc CMakeFiles/carrier_receiver_baseband.dir/home/arshavin/uu/master/WCNES_PROJ/pico-sdk/src/common/pico_time/time.c.o
                0x0000000010002d0c                best_effort_wfe_or_timeout
 .text.timer_hardware_alarm_claim
                0x0000000010002e08       0x14 CMakeFiles/carrier_receiver_baseband.dir/home/arshavin/uu/master/WCNES_PROJ/pico-sdk/src/rp2_common/hardware_timer/timer.c.o
                0x0000000010002e08                timer_hardware_alarm_claim
 .text.timer_time_us_64
                0x0000000010002e1c       0x10 CMakeFiles/carrier_receiver_baseband.dir/home/arshavin/uu/master/WCNES_PROJ/pico-sdk/src/rp2_common/hardware_timer/timer.c.o
                0x0000000010002e1c                timer_time_us_64
 .text.time_us_64
                0x0000000010002e2c       0x14 CMakeFiles/carrier_receiver_baseband.dir/home/arshavin/uu/master/WCNES_PROJ/pico-sdk/src/rp2_common/hardware_timer/timer.c.o
                0x0000000010002e2c                time_us_64
 .text.busy_wait_until
                0x0000000010002e40       0x20 CMakeFiles/carrier_receiver_baseband.dir/home/arshavin/uu/master/WCNES_PROJ/pico-sdk/src/rp2_common/hardware_timer/timer.c.o
                0x0000000010002e40                busy_wait_until
 .text.queue_init_with_spinlock
                0x0000000010002e60       0x24 CMakeFiles/carrier_receiver_baseband.dir/home/arshavin/uu/master/WCNES_PROJ/pico-sdk/src/common/pico_util/queue.c.o
                0x0000000010002e60                queue_init_with_spinlock
 .text.queue_try_add
                0x0000000010002e84       0x70 CMakeFiles/carrier_receiver_baseband.dir/home/arshavin/uu/master/WCNES_PROJ/pico-sdk/src/common/pico_util/queue.c.o
                0x0000000010002e84                queue_try_add
 .text.queue_try_remove
                0x0000000010002ef4       0x74 CMakeFiles/carrier_receiver_baseband.dir/home/arshavin/uu/master/WCNES_PROJ/pico-sdk/src/common/pico_util/queue.c.o
                0x0000000010002ef4                queue_try_remove
 .text.clock_configure_int_divider
                0x0000000010002f68       0xf4 CMakeFiles/carrier_receiver_baseband.dir/home/arshavin/uu/master/WCNES_PROJ/pico-sdk/src/rp2_common/hardware_clocks/clocks.c.o
                0x0000000010002f68                clock_configure_int_divider
 .text.clock_configure_undivided
                0x000000001000305c       0xe8 CMakeFiles/carrier_receiver_baseband.dir/home/arshavin/uu/master/WCNES_PROJ/pico-sdk/src/rp2_common/hardware_clocks/clocks.c.o
                0x000000001000305c                clock_configure_undivided
 .text.clock_get_hz
                0x0000000010003144        0xc CMakeFiles/carrier_receiver_baseband.dir/home/arshavin/uu/master/WCNES_PROJ/pico-sdk/src/rp2_common/hardware_clocks/clocks.c.o
                0x0000000010003144                clock_get_hz
 .text.pll_init
                0x0000000010003150       0xa0 CMakeFiles/carrier_receiver_baseband.dir/home/arshavin/uu/master/WCNES_PROJ/pico-sdk/src/rp2_common/hardware_pll/pll.c.o
                0x0000000010003150                pll_init
 .text.watchdog_reboot
                0x00000000100031f0       0x98 CMakeFiles/carrier_receiver_baseband.dir/home/arshavin/uu/master/WCNES_PROJ/pico-sdk/src/rp2_common/hardware_watchdog/watchdog.c.o
                0x00000000100031f0                watchdog_reboot
 .text.tick_start
                0x0000000010003288       0x10 CMakeFiles/carrier_receiver_baseband.dir/home/arshavin/uu/master/WCNES_PROJ/pico-sdk/src/rp2_common/hardware_ticks/ticks.c.o
                0x0000000010003288                tick_start
 .text.rom_func_lookup
                0x0000000010003298       0x10 CMakeFiles/carrier_receiver_baseband.dir/home/arshavin/uu/master/WCNES_PROJ/pico-sdk/src/rp2_common/pico_bootrom/bootrom.c.o
                0x0000000010003298                rom_func_lookup
 .text.rom_data_lookup
                0x00000000100032a8       0x10 CMakeFiles/carrier_receiver_baseband.dir/home/arshavin/uu/master/WCNES_PROJ/pico-sdk/src/rp2_common/pico_bootrom/bootrom.c.o
                0x00000000100032a8                rom_data_lookup
 .text.rom_funcs_lookup
                0x00000000100032b8       0x44 CMakeFiles/carrier_receiver_baseband.dir/home/arshavin/uu/master/WCNES_PROJ/pico-sdk/src/rp2_common/pico_bootrom/bootrom.c.o
                0x00000000100032b8                rom_funcs_lookup
 .text.rom_reset_usb_boot_extra
                0x00000000100032fc       0x28 CMakeFiles/carrier_receiver_baseband.dir/home/arshavin/uu/master/WCNES_PROJ/pico-sdk/src/rp2_common/pico_bootrom/bootrom.c.o
                0x00000000100032fc                rom_reset_usb_boot_extra
 .text.xosc_init
                0x0000000010003324       0x28 CMakeFiles/carrier_receiver_baseband.dir/home/arshavin/uu/master/WCNES_PROJ/pico-sdk/src/rp2_common/hardware_xosc/xosc.c.o
                0x0000000010003324                xosc_init
 .text.first_per_core_initializer
                0x000000001000334c        0x4 CMakeFiles/carrier_receiver_baseband.dir/home/arshavin/uu/master/WCNES_PROJ/pico-sdk/src/rp2_common/pico_runtime/runtime.c.o
 .text.hard_assertion_failure
                0x0000000010003350        0xc CMakeFiles/carrier_receiver_baseband.dir/home/arshavin/uu/master/WCNES_PROJ/pico-sdk/src/rp2_common/pico_runtime/runtime.c.o
                0x0000000010003350                hard_assertion_failure
 .text.runtime_run_initializers
                0x000000001000335c       0x28 CMakeFiles/carrier_receiver_baseband.dir/home/arshavin/uu/master/WCNES_PROJ/pico-sdk/src/rp2_common/pico_runtime/runtime.c.o
                0x000000001000335c                runtime_run_initializers
 .text.runtime_init_early_resets
                0x0000000010003384       0x2c CMakeFiles/carrier_receiver_baseband.dir/home/arshavin/uu/master/WCNES_PROJ/pico-sdk/src/rp2_common/pico_runtime_init/runtime_init.c.o
                0x0000000010003384                runtime_init_early_resets
 .text.runtime_init_usb_power_down
                0x00000000100033b0       0x1c CMakeFiles/carrier_receiver_baseband.dir/home/arshavin/uu/master/WCNES_PROJ/pico-sdk/src/rp2_common/pico_runtime_init/runtime_init.c.o
                0x00000000100033b0                runtime_init_usb_power_down
 .text.runtime_init_post_clock_resets
                0x00000000100033cc       0x20 CMakeFiles/carrier_receiver_baseband.dir/home/arshavin/uu/master/WCNES_PROJ/pico-sdk/src/rp2_common/pico_runtime_init/runtime_init.c.o
                0x00000000100033cc                runtime_init_post_clock_resets
 .text.runtime_init_rp2040_gpio_ie_disable
                0x00000000100033ec       0x14 CMakeFiles/carrier_receiver_baseband.dir/home/arshavin/uu/master/WCNES_PROJ/pico-sdk/src/rp2_common/pico_runtime_init/runtime_init.c.o
                0x00000000100033ec                runtime_init_rp2040_gpio_ie_disable
 .text.runtime_init_spin_locks_reset
                0x0000000010003400        0x8 CMakeFiles/carrier_receiver_baseband.dir/home/arshavin/uu/master/WCNES_PROJ/pico-sdk/src/rp2_common/pico_runtime_init/runtime_init.c.o
                0x0000000010003400                runtime_init_spin_locks_reset
 .text.runtime_init_install_ram_vector_table
                0x0000000010003408       0x1c CMakeFiles/carrier_receiver_baseband.dir/home/arshavin/uu/master/WCNES_PROJ/pico-sdk/src/rp2_common/pico_runtime_init/runtime_init.c.o
                0x0000000010003408                runtime_init_install_ram_vector_table
 .text.runtime_init_clocks
                0x0000000010003424       0xd8 CMakeFiles/carrier_receiver_baseband.dir/home/arshavin/uu/master/WCNES_PROJ/pico-sdk/src/rp2_common/pico_runtime_init/runtime_init_clocks.c.o
                0x0000000010003424                runtime_init_clocks
 .text          0x00000000100034fc       0x10 CMakeFiles/carrier_receiver_baseband.dir/home/arshavin/uu/master/WCNES_PROJ/pico-sdk/src/rp2_common/pico_bit_ops/bit_ops_aeabi.S.o
 .text.__wrap___aeabi_idiv
                0x000000001000350c       0x50 CMakeFiles/carrier_receiver_baseband.dir/home/arshavin/uu/master/WCNES_PROJ/pico-sdk/src/rp2_common/pico_divider/divider_hardware.S.o
                0x000000001000350c                __wrap___aeabi_idivmod
                0x000000001000350c                divmod_s32s32
                0x000000001000350c                div_s32s32
                0x000000001000350c                __wrap___aeabi_idiv
                0x0000000010003514                divmod_s32s32_unsafe
                0x0000000010003540                divmod_s32s32_savestate
 .text.__wrap___aeabi_uidiv
                0x000000001000355c       0x4c CMakeFiles/carrier_receiver_baseband.dir/home/arshavin/uu/master/WCNES_PROJ/pico-sdk/src/rp2_common/pico_divider/divider_hardware.S.o
                0x000000001000355c                __wrap___aeabi_uidiv
                0x000000001000355c                __wrap___aeabi_uidivmod
                0x000000001000355c                div_u32u32
                0x000000001000355c                divmod_u32u32
                0x0000000010003564                divmod_u32u32_unsafe
                0x000000001000358c                divmod_u32u32_savestate
 .text.__wrap___aeabi_ldiv
                0x00000000100035a8      0x424 CMakeFiles/carrier_receiver_baseband.dir/home/arshavin/uu/master/WCNES_PROJ/pico-sdk/src/rp2_common/pico_divider/divider_hardware.S.o
                0x00000000100035a8                div_s64s64
                0x00000000100035a8                divmod_s64s64
                0x00000000100035a8                __wrap___aeabi_ldivmod
                0x00000000100035d8                div_u64u64
                0x00000000100035d8                divmod_u64u64
                0x00000000100035d8                __wrap___aeabi_uldivmod
                0x00000000100035e8                divmod_u64u64_savestate
                0x0000000010003608                divmod_s64s64_unsafe
                0x0000000010003690                divmod_u64u64_unsafe
 .text.push_r8_r11
                0x00000000100039cc        0xc CMakeFiles/carrier_receiver_baseband.dir/home/arshavin/uu/master/WCNES_PROJ/pico-sdk/src/rp2_common/pico_double/double_aeabi_rp2040.S.o
                0x00000000100039cc                push_r8_r11
 .text.pop_r8_r11
                0x00000000100039d8        0xc CMakeFiles/carrier_receiver_baseband.dir/home/arshavin/uu/master/WCNES_PROJ/pico-sdk/src/rp2_common/pico_double/double_aeabi_rp2040.S.o
                0x00000000100039d8                pop_r8_r11
 .text.__wrap___aeabi_darithmetic
                0x00000000100039e4       0x80 CMakeFiles/carrier_receiver_baseband.dir/home/arshavin/uu/master/WCNES_PROJ/pico-sdk/src/rp2_common/pico_double/double_aeabi_rp2040.S.o
                0x00000000100039e4                __wrap___aeabi_drsub
                0x00000000100039ea                __wrap___aeabi_dsub
                0x00000000100039fc                __wrap___aeabi_dadd
                0x0000000010003a0e                __wrap___aeabi_ddiv
                0x0000000010003a4a                __wrap___aeabi_dmul
 .text.__wrap___aeabi_cdcmple
                0x0000000010003a64       0x6c CMakeFiles/carrier_receiver_baseband.dir/home/arshavin/uu/master/WCNES_PROJ/pico-sdk/src/rp2_common/pico_double/double_aeabi_rp2040.S.o
                0x0000000010003a64                __wrap___aeabi_cdrcmple
                0x0000000010003a74                __wrap___aeabi_cdcmple
                0x0000000010003a74                __wrap___aeabi_cdcmpeq
 .text.__wrap___aeabi_dcmplt
                0x0000000010003ad0        0xc CMakeFiles/carrier_receiver_baseband.dir/home/arshavin/uu/master/WCNES_PROJ/pico-sdk/src/rp2_common/pico_double/double_aeabi_rp2040.S.o
                0x0000000010003ad0                __wrap___aeabi_dcmplt
 .text.__wrap___aeabi_dcmple
                0x0000000010003adc       0x10 CMakeFiles/carrier_receiver_baseband.dir/home/arshavin/uu/master/WCNES_PROJ/pico-sdk/src/rp2_common/pico_double/double_aeabi_rp2040.S.o
                0x0000000010003adc                __wrap___aeabi_dcmple
 .text.__wrap___aeabi_dcmpge
                0x0000000010003aec       0x10 CMakeFiles/carrier_receiver_baseband.dir/home/arshavin/uu/master/WCNES_PROJ/pico-sdk/src/rp2_common/pico_double/double_aeabi_rp2040.S.o
                0x0000000010003aec                __wrap___aeabi_dcmpge
 .text.__wrap___aeabi_dcmpgt
                0x0000000010003afc        0xa CMakeFiles/carrier_receiver_baseband.dir/home/arshavin/uu/master/WCNES_PROJ/pico-sdk/src/rp2_common/pico_double/double_aeabi_rp2040.S.o
                0x0000000010003afc                __wrap___aeabi_dcmpgt
 .text.__wrap___aeabi_dcmpun
                0x0000000010003b06       0x18 CMakeFiles/carrier_receiver_baseband.dir/home/arshavin/uu/master/WCNES_PROJ/pico-sdk/src/rp2_common/pico_double/double_aeabi_rp2040.S.o
                0x0000000010003b06                __wrap___aeabi_dcmpun
 *fill*         0x0000000010003b1e        0x2 
 .text.__wrap___aeabi_i2d
                0x0000000010003b20       0x38 CMakeFiles/carrier_receiver_baseband.dir/home/arshavin/uu/master/WCNES_PROJ/pico-sdk/src/rp2_common/pico_double/double_aeabi_rp2040.S.o
                0x0000000010003b20                __wrap___aeabi_ui2d
                0x0000000010003b20                uint2double
                0x0000000010003b28                __wrap___aeabi_i2d
                0x0000000010003b28                int2double
 .text.__wrap___aeabi_d2iz
                0x0000000010003b58       0x48 CMakeFiles/carrier_receiver_baseband.dir/home/arshavin/uu/master/WCNES_PROJ/pico-sdk/src/rp2_common/pico_double/double_aeabi_rp2040.S.o
                0x0000000010003b58                __wrap___aeabi_d2iz
                0x0000000010003b58                double2int_z
 .text.__wrap___aeabi_d2uiz
                0x0000000010003ba0       0x18 CMakeFiles/carrier_receiver_baseband.dir/home/arshavin/uu/master/WCNES_PROJ/pico-sdk/src/rp2_common/pico_double/double_aeabi_rp2040.S.o
                0x0000000010003ba0                double2uint_z
                0x0000000010003ba0                double2uint
                0x0000000010003ba0                __wrap___aeabi_d2uiz
 .text.fix642double
                0x0000000010003bb8       0x18 CMakeFiles/carrier_receiver_baseband.dir/home/arshavin/uu/master/WCNES_PROJ/pico-sdk/src/rp2_common/pico_double/double_aeabi_rp2040.S.o
                0x0000000010003bb8                fix642double
 .text.__wrap_srqt
                0x0000000010003bd0       0x18 CMakeFiles/carrier_receiver_baseband.dir/home/arshavin/uu/master/WCNES_PROJ/pico-sdk/src/rp2_common/pico_double/double_aeabi_rp2040.S.o
                0x0000000010003bd0                __wrap_sqrt
 .text.__wrap_sincostan_remainder
                0x0000000010003be8       0x14 CMakeFiles/carrier_receiver_baseband.dir/home/arshavin/uu/master/WCNES_PROJ/pico-sdk/src/rp2_common/pico_double/double_aeabi_rp2040.S.o
                0x0000000010003be8                sincostan_remainder
 .text.__wrap_cos
                0x0000000010003bfc       0x2c CMakeFiles/carrier_receiver_baseband.dir/home/arshavin/uu/master/WCNES_PROJ/pico-sdk/src/rp2_common/pico_double/double_aeabi_rp2040.S.o
                0x0000000010003bfc                __wrap_cos
 .text.__wrap_log
                0x0000000010003c28       0x18 CMakeFiles/carrier_receiver_baseband.dir/home/arshavin/uu/master/WCNES_PROJ/pico-sdk/src/rp2_common/pico_double/double_aeabi_rp2040.S.o
                0x0000000010003c28                __wrap_log
 .text.__aeabi_double_init
                0x0000000010003c40       0xa0 CMakeFiles/carrier_receiver_baseband.dir/home/arshavin/uu/master/WCNES_PROJ/pico-sdk/src/rp2_common/pico_double/double_init_rom_rp2040.c.o
                0x0000000010003c40                __aeabi_double_init
 .text.__wrap_round
                0x0000000010003ce0       0xa0 CMakeFiles/carrier_receiver_baseband.dir/home/arshavin/uu/master/WCNES_PROJ/pico-sdk/src/rp2_common/pico_double/double_math.c.o
                0x0000000010003ce0                __wrap_round
 .text.__wrap_floor
                0x0000000010003d80       0x94 CMakeFiles/carrier_receiver_baseband.dir/home/arshavin/uu/master/WCNES_PROJ/pico-sdk/src/rp2_common/pico_double/double_math.c.o
                0x0000000010003d80                __wrap_floor
 .text.__wrap_remquo
                0x0000000010003e14      0x2a0 CMakeFiles/carrier_receiver_baseband.dir/home/arshavin/uu/master/WCNES_PROJ/pico-sdk/src/rp2_common/pico_double/double_math.c.o
                0x0000000010003e14                __wrap_remquo
 .text.__wrap_remainder
                0x00000000100040b4       0x10 CMakeFiles/carrier_receiver_baseband.dir/home/arshavin/uu/master/WCNES_PROJ/pico-sdk/src/rp2_common/pico_double/double_math.c.o
                0x00000000100040b4                __wrap_remainder
 .text.double_table_shim_on_use_helper
                0x00000000100040c4       0x2c CMakeFiles/carrier_receiver_baseband.dir/home/arshavin/uu/master/WCNES_PROJ/pico-sdk/src/rp2_common/pico_double/double_v1_rom_shim_rp2040.S.o
                0x00000000100040c4                double_table_shim_on_use_helper
 .text.__wrap___aeabi_dsub
                0x00000000100040f0       0x10 CMakeFiles/carrier_receiver_baseband.dir/home/arshavin/uu/master/WCNES_PROJ/pico-sdk/src/rp2_common/pico_double/double_v1_rom_shim_rp2040.S.o
                0x00000000100040f0                drsub_shim
                0x00000000100040f6                dsub_shim
 .text.dadd_shim
                0x0000000010004100      0x15c CMakeFiles/carrier_receiver_baseband.dir/home/arshavin/uu/master/WCNES_PROJ/pico-sdk/src/rp2_common/pico_double/double_v1_rom_shim_rp2040.S.o
                0x0000000010004100                dadd_shim
 .text.dmul_shim
                0x000000001000425c      0x15c CMakeFiles/carrier_receiver_baseband.dir/home/arshavin/uu/master/WCNES_PROJ/pico-sdk/src/rp2_common/pico_double/double_v1_rom_shim_rp2040.S.o
                0x000000001000425c                dmul_shim
 .text.ddiv_shim
                0x00000000100043b8      0x1b0 CMakeFiles/carrier_receiver_baseband.dir/home/arshavin/uu/master/WCNES_PROJ/pico-sdk/src/rp2_common/pico_double/double_v1_rom_shim_rp2040.S.o
                0x00000000100043b8                ddiv_shim
 .text.dsqrt_shim
                0x0000000010004568      0x1a8 CMakeFiles/carrier_receiver_baseband.dir/home/arshavin/uu/master/WCNES_PROJ/pico-sdk/src/rp2_common/pico_double/double_v1_rom_shim_rp2040.S.o
                0x0000000010004584                dsqrt_shim
 .text.dcordic_vec_step
                0x0000000010004710        0xe CMakeFiles/carrier_receiver_baseband.dir/home/arshavin/uu/master/WCNES_PROJ/pico-sdk/src/rp2_common/pico_double/double_v1_rom_shim_rp2040.S.o
                0x0000000010004710                dcordic_vec_step
 .text.dcordic_rot_step
                0x000000001000471e       0x76 CMakeFiles/carrier_receiver_baseband.dir/home/arshavin/uu/master/WCNES_PROJ/pico-sdk/src/rp2_common/pico_double/double_v1_rom_shim_rp2040.S.o
                0x000000001000471e                dcordic_rot_step
 .text.double2uint_shim
                0x0000000010004794        0xe CMakeFiles/carrier_receiver_baseband.dir/home/arshavin/uu/master/WCNES_PROJ/pico-sdk/src/rp2_common/pico_double/double_v1_rom_shim_rp2040.S.o
                0x0000000010004794                double2uint_shim
                0x0000000010004796                double2ufix_shim
 .text.double2int64_shim
                0x00000000100047a2       0x1a CMakeFiles/carrier_receiver_baseband.dir/home/arshavin/uu/master/WCNES_PROJ/pico-sdk/src/rp2_common/pico_double/double_v1_rom_shim_rp2040.S.o
                0x00000000100047a2                double2int64_shim
                0x00000000100047a4                double2fix64_shim
 .text.double2uint64_shim
                0x00000000100047bc       0x70 CMakeFiles/carrier_receiver_baseband.dir/home/arshavin/uu/master/WCNES_PROJ/pico-sdk/src/rp2_common/pico_double/double_v1_rom_shim_rp2040.S.o
                0x00000000100047bc                double2uint64_shim
                0x00000000100047be                double2ufix64_shim
                0x00000000100047de                d2fix_a
 .text.x2double_shims
                0x000000001000482c       0x90 CMakeFiles/carrier_receiver_baseband.dir/home/arshavin/uu/master/WCNES_PROJ/pico-sdk/src/rp2_common/pico_double/double_v1_rom_shim_rp2040.S.o
                0x000000001000482c                uint2double_shim
                0x000000001000482e                ufix2double_shim
                0x0000000010004834                int2double_shim
                0x0000000010004836                fix2double_shim
                0x000000001000483c                uint642double_shim
                0x000000001000483e                ufix642double_shim
                0x0000000010004844                int642double_shim
                0x0000000010004846                fix642double_shim
 .text.dunpacks
                0x00000000100048bc       0x3c CMakeFiles/carrier_receiver_baseband.dir/home/arshavin/uu/master/WCNES_PROJ/pico-sdk/src/rp2_common/pico_double/double_v1_rom_shim_rp2040.S.o
                0x00000000100048bc                dunpacks
 .text.dreduce  0x00000000100048f8       0x82 CMakeFiles/carrier_receiver_baseband.dir/home/arshavin/uu/master/WCNES_PROJ/pico-sdk/src/rp2_common/pico_double/double_v1_rom_shim_rp2040.S.o
                0x00000000100048f8                dreduce
 .text.dcos_shim
                0x000000001000497a       0x10 CMakeFiles/carrier_receiver_baseband.dir/home/arshavin/uu/master/WCNES_PROJ/pico-sdk/src/rp2_common/pico_double/double_v1_rom_shim_rp2040.S.o
                0x000000001000497a                dcos_shim
 .text.dsin_shim
                0x000000001000498a       0x14 CMakeFiles/carrier_receiver_baseband.dir/home/arshavin/uu/master/WCNES_PROJ/pico-sdk/src/rp2_common/pico_double/double_v1_rom_shim_rp2040.S.o
                0x000000001000498a                dsin_shim
 *fill*         0x000000001000499e        0x2 
 .text.dtrig_guts
                0x00000000100049a0      0x2ec CMakeFiles/carrier_receiver_baseband.dir/home/arshavin/uu/master/WCNES_PROJ/pico-sdk/src/rp2_common/pico_double/double_v1_rom_shim_rp2040.S.o
                0x0000000010004a78                datan2_shim
 .text.dexp_guts
                0x0000000010004c8c      0x268 CMakeFiles/carrier_receiver_baseband.dir/home/arshavin/uu/master/WCNES_PROJ/pico-sdk/src/rp2_common/pico_double/double_v1_rom_shim_rp2040.S.o
                0x0000000010004c8c                dexp_shim
                0x0000000010004d28                dln_shim
 .text.__aeabi_lmul
                0x0000000010004ef4       0x32 CMakeFiles/carrier_receiver_baseband.dir/home/arshavin/uu/master/WCNES_PROJ/pico-sdk/src/rp2_common/pico_int64_ops/pico_int64_ops_aeabi.S.o
                0x0000000010004ef4                __wrap___aeabi_lmul
 *fill*         0x0000000010004f26        0x2 
 .text.__aeabi_float_init
                0x0000000010004f28       0x64 CMakeFiles/carrier_receiver_baseband.dir/home/arshavin/uu/master/WCNES_PROJ/pico-sdk/src/rp2_common/pico_float/float_init_rom_rp2040.c.o
                0x0000000010004f28                __aeabi_float_init
 .text.float_table_shim_on_use_helper
                0x0000000010004f8c       0x2c CMakeFiles/carrier_receiver_baseband.dir/home/arshavin/uu/master/WCNES_PROJ/pico-sdk/src/rp2_common/pico_float/float_v1_rom_shim_rp2040.S.o
                0x0000000010004f8c                float_table_shim_on_use_helper
 .text.__wrap_calloc
                0x0000000010004fb8       0x28 CMakeFiles/carrier_receiver_baseband.dir/home/arshavin/uu/master/WCNES_PROJ/pico-sdk/src/rp2_common/pico_malloc/malloc.c.o
                0x0000000010004fb8                __wrap_calloc
 .text          0x0000000010004fe0       0x10 CMakeFiles/carrier_receiver_baseband.dir/home/arshavin/uu/master/WCNES_PROJ/pico-sdk/src/rp2_common/pico_mem_ops/mem_ops_aeabi.S.o
                0x0000000010004fe0                __aeabi_mem_init
 .text.memset   0x0000000010004ff0        0xc CMakeFiles/carrier_receiver_baseband.dir/home/arshavin/uu/master/WCNES_PROJ/pico-sdk/src/rp2_common/pico_mem_ops/mem_ops_aeabi.S.o
                0x0000000010004ff0                __wrap_memset
 .text.memcpy   0x0000000010004ffc        0xc CMakeFiles/carrier_receiver_baseband.dir/home/arshavin/uu/master/WCNES_PROJ/pico-sdk/src/rp2_common/pico_mem_ops/mem_ops_aeabi.S.o
                0x0000000010004ffc                __wrap___aeabi_memcpy
                0x0000000010004ffc                __wrap_memcpy
 .text._out_null
                0x0000000010005008        0x4 CMakeFiles/carrier_receiver_baseband.dir/home/arshavin/uu/master/WCNES_PROJ/pico-sdk/src/rp2_common/pico_printf/printf.c.o
 .text._out_rev
                0x000000001000500c       0x9c CMakeFiles/carrier_receiver_baseband.dir/home/arshavin/uu/master/WCNES_PROJ/pico-sdk/src/rp2_common/pico_printf/printf.c.o
 .text._ntoa_format
                0x00000000100050a8      0x1cc CMakeFiles/carrier_receiver_baseband.dir/home/arshavin/uu/master/WCNES_PROJ/pico-sdk/src/rp2_common/pico_printf/printf.c.o
 .text._out_char
                0x0000000010005274       0x10 CMakeFiles/carrier_receiver_baseband.dir/home/arshavin/uu/master/WCNES_PROJ/pico-sdk/src/rp2_common/pico_printf/printf.c.o
 .text._out_fct
                0x0000000010005284       0x10 CMakeFiles/carrier_receiver_baseband.dir/home/arshavin/uu/master/WCNES_PROJ/pico-sdk/src/rp2_common/pico_printf/printf.c.o
 .text._etoa    0x0000000010005294      0x44c CMakeFiles/carrier_receiver_baseband.dir/home/arshavin/uu/master/WCNES_PROJ/pico-sdk/src/rp2_common/pico_printf/printf.c.o
 .text._ftoa    0x00000000100056e0      0x398 CMakeFiles/carrier_receiver_baseband.dir/home/arshavin/uu/master/WCNES_PROJ/pico-sdk/src/rp2_common/pico_printf/printf.c.o
 .text._vsnprintf
                0x0000000010005a78      0xb04 CMakeFiles/carrier_receiver_baseband.dir/home/arshavin/uu/master/WCNES_PROJ/pico-sdk/src/rp2_common/pico_printf/printf.c.o
 .text.vfctprintf
                0x000000001000657c       0x20 CMakeFiles/carrier_receiver_baseband.dir/home/arshavin/uu/master/WCNES_PROJ/pico-sdk/src/rp2_common/pico_printf/printf.c.o
                0x000000001000657c                vfctprintf
 .text.weak_raw_vprintf
                0x000000001000659c       0x30 CMakeFiles/carrier_receiver_baseband.dir/home/arshavin/uu/master/WCNES_PROJ/pico-sdk/src/rp2_common/pico_printf/printf.c.o
                0x000000001000659c                weak_raw_vprintf
 .text._exit    0x00000000100065cc        0x4 CMakeFiles/carrier_receiver_baseband.dir/home/arshavin/uu/master/WCNES_PROJ/pico-sdk/src/rp2_common/pico_clib_interface/newlib_interface.c.o
                0x00000000100065cc                _exit
 .text._sbrk    0x00000000100065d0       0x34 CMakeFiles/carrier_receiver_baseband.dir/home/arshavin/uu/master/WCNES_PROJ/pico-sdk/src/rp2_common/pico_clib_interface/newlib_interface.c.o
                0x00000000100065d0                _sbrk
 .text.exit     0x0000000010006604        0x8 CMakeFiles/carrier_receiver_baseband.dir/home/arshavin/uu/master/WCNES_PROJ/pico-sdk/src/rp2_common/pico_clib_interface/newlib_interface.c.o
                0x0000000010006604                exit
 .text.runtime_init
                0x000000001000660c       0x2c CMakeFiles/carrier_receiver_baseband.dir/home/arshavin/uu/master/WCNES_PROJ/pico-sdk/src/rp2_common/pico_clib_interface/newlib_interface.c.o
                0x000000001000660c                runtime_init
 .text.stdio_out_chars_no_crlf
                0x0000000010006638       0x10 CMakeFiles/carrier_receiver_baseband.dir/home/arshavin/uu/master/WCNES_PROJ/pico-sdk/src/rp2_common/pico_stdio/stdio.c.o
 .text.stdio_out_chars_crlf
                0x0000000010006648       0xb4 CMakeFiles/carrier_receiver_baseband.dir/home/arshavin/uu/master/WCNES_PROJ/pico-sdk/src/rp2_common/pico_stdio/stdio.c.o
 .text.stdio_buffered_printer
                0x00000000100066fc       0x64 CMakeFiles/carrier_receiver_baseband.dir/home/arshavin/uu/master/WCNES_PROJ/pico-sdk/src/rp2_common/pico_stdio/stdio.c.o
 .text.stdio_put_string
                0x0000000010006760      0x100 CMakeFiles/carrier_receiver_baseband.dir/home/arshavin/uu/master/WCNES_PROJ/pico-sdk/src/rp2_common/pico_stdio/stdio.c.o
                0x0000000010006760                stdio_put_string
 .text.stdio_set_driver_enabled
                0x0000000010006860       0x30 CMakeFiles/carrier_receiver_baseband.dir/home/arshavin/uu/master/WCNES_PROJ/pico-sdk/src/rp2_common/pico_stdio/stdio.c.o
                0x0000000010006860                stdio_set_driver_enabled
 .text.stdio_init_all
                0x0000000010006890        0x8 CMakeFiles/carrier_receiver_baseband.dir/home/arshavin/uu/master/WCNES_PROJ/pico-sdk/src/rp2_common/pico_stdio/stdio.c.o
                0x0000000010006890                stdio_init_all
 .text.__wrap_putchar
                0x0000000010006898       0x98 CMakeFiles/carrier_receiver_baseband.dir/home/arshavin/uu/master/WCNES_PROJ/pico-sdk/src/rp2_common/pico_stdio/stdio.c.o
                0x0000000010006898                stdio_putchar
                0x0000000010006898                __wrap_putchar
 .text.__wrap_puts
                0x0000000010006930       0x3c CMakeFiles/carrier_receiver_baseband.dir/home/arshavin/uu/master/WCNES_PROJ/pico-sdk/src/rp2_common/pico_stdio/stdio.c.o
                0x0000000010006930                __wrap_puts
                0x0000000010006930                stdio_puts
 .text.__wrap_vprintf
                0x000000001000696c       0xd8 CMakeFiles/carrier_receiver_baseband.dir/home/arshavin/uu/master/WCNES_PROJ/pico-sdk/src/rp2_common/pico_stdio/stdio.c.o
                0x000000001000696c                __wrap_vprintf
                0x000000001000696c                stdio_vprintf
 .text.__wrap_printf
                0x0000000010006a44       0x18 CMakeFiles/carrier_receiver_baseband.dir/home/arshavin/uu/master/WCNES_PROJ/pico-sdk/src/rp2_common/pico_stdio/stdio.c.o
                0x0000000010006a44                stdio_printf
                0x0000000010006a44                __wrap_printf
 .text.resetd_init
                0x0000000010006a5c        0x4 CMakeFiles/carrier_receiver_baseband.dir/home/arshavin/uu/master/WCNES_PROJ/pico-sdk/src/rp2_common/pico_stdio_usb/reset_interface.c.o
 .text.resetd_reset
                0x0000000010006a60        0xc CMakeFiles/carrier_receiver_baseband.dir/home/arshavin/uu/master/WCNES_PROJ/pico-sdk/src/rp2_common/pico_stdio_usb/reset_interface.c.o
 .text.resetd_open
                0x0000000010006a6c       0x28 CMakeFiles/carrier_receiver_baseband.dir/home/arshavin/uu/master/WCNES_PROJ/pico-sdk/src/rp2_common/pico_stdio_usb/reset_interface.c.o
 .text.resetd_xfer_cb
                0x0000000010006a94        0x4 CMakeFiles/carrier_receiver_baseband.dir/home/arshavin/uu/master/WCNES_PROJ/pico-sdk/src/rp2_common/pico_stdio_usb/reset_interface.c.o
 .text.resetd_control_xfer_cb
                0x0000000010006a98       0x60 CMakeFiles/carrier_receiver_baseband.dir/home/arshavin/uu/master/WCNES_PROJ/pico-sdk/src/rp2_common/pico_stdio_usb/reset_interface.c.o
 .text.tud_descriptor_bos_cb
                0x0000000010006af8        0x8 CMakeFiles/carrier_receiver_baseband.dir/home/arshavin/uu/master/WCNES_PROJ/pico-sdk/src/rp2_common/pico_stdio_usb/reset_interface.c.o
                0x0000000010006af8                tud_descriptor_bos_cb
 .text.tud_vendor_control_xfer_cb
                0x0000000010006b00       0x34 CMakeFiles/carrier_receiver_baseband.dir/home/arshavin/uu/master/WCNES_PROJ/pico-sdk/src/rp2_common/pico_stdio_usb/reset_interface.c.o
                0x0000000010006b00                tud_vendor_control_xfer_cb
 .text.usbd_app_driver_get_cb
                0x0000000010006b34        0xc CMakeFiles/carrier_receiver_baseband.dir/home/arshavin/uu/master/WCNES_PROJ/pico-sdk/src/rp2_common/pico_stdio_usb/reset_interface.c.o
                0x0000000010006b34                usbd_app_driver_get_cb
 .text.tud_cdc_line_coding_cb
                0x0000000010006b40       0x2c CMakeFiles/carrier_receiver_baseband.dir/home/arshavin/uu/master/WCNES_PROJ/pico-sdk/src/rp2_common/pico_stdio_usb/reset_interface.c.o
                0x0000000010006b40                tud_cdc_line_coding_cb
 .text.stdio_usb_set_chars_available_callback
                0x0000000010006b6c       0x14 CMakeFiles/carrier_receiver_baseband.dir/home/arshavin/uu/master/WCNES_PROJ/pico-sdk/src/rp2_common/pico_stdio_usb/stdio_usb.c.o
                0x0000000010006b6c                stdio_usb_set_chars_available_callback
 .text.usb_irq  0x0000000010006b80       0x10 CMakeFiles/carrier_receiver_baseband.dir/home/arshavin/uu/master/WCNES_PROJ/pico-sdk/src/rp2_common/pico_stdio_usb/stdio_usb.c.o
 .text.timer_task
                0x0000000010006b90       0x64 CMakeFiles/carrier_receiver_baseband.dir/home/arshavin/uu/master/WCNES_PROJ/pico-sdk/src/rp2_common/pico_stdio_usb/stdio_usb.c.o
 .text.stdio_usb_in_chars
                0x0000000010006bf4       0x90 CMakeFiles/carrier_receiver_baseband.dir/home/arshavin/uu/master/WCNES_PROJ/pico-sdk/src/rp2_common/pico_stdio_usb/stdio_usb.c.o
                0x0000000010006bf4                stdio_usb_in_chars
 .text.stdio_usb_out_flush
                0x0000000010006c84       0x50 CMakeFiles/carrier_receiver_baseband.dir/home/arshavin/uu/master/WCNES_PROJ/pico-sdk/src/rp2_common/pico_stdio_usb/stdio_usb.c.o
 .text.stdio_usb_out_chars
                0x0000000010006cd4      0x100 CMakeFiles/carrier_receiver_baseband.dir/home/arshavin/uu/master/WCNES_PROJ/pico-sdk/src/rp2_common/pico_stdio_usb/stdio_usb.c.o
 .text.low_priority_worker_irq
                0x0000000010006dd4       0xc8 CMakeFiles/carrier_receiver_baseband.dir/home/arshavin/uu/master/WCNES_PROJ/pico-sdk/src/rp2_common/pico_stdio_usb/stdio_usb.c.o
 .text.stdio_usb_init
                0x0000000010006e9c       0xe8 CMakeFiles/carrier_receiver_baseband.dir/home/arshavin/uu/master/WCNES_PROJ/pico-sdk/src/rp2_common/pico_stdio_usb/stdio_usb.c.o
                0x0000000010006e9c                stdio_usb_init
 .text.tud_descriptor_device_cb
                0x0000000010006f84        0x8 CMakeFiles/carrier_receiver_baseband.dir/home/arshavin/uu/master/WCNES_PROJ/pico-sdk/src/rp2_common/pico_stdio_usb/stdio_usb_descriptors.c.o
                0x0000000010006f84                tud_descriptor_device_cb
 .text.tud_descriptor_configuration_cb
                0x0000000010006f8c        0x8 CMakeFiles/carrier_receiver_baseband.dir/home/arshavin/uu/master/WCNES_PROJ/pico-sdk/src/rp2_common/pico_stdio_usb/stdio_usb_descriptors.c.o
                0x0000000010006f8c                tud_descriptor_configuration_cb
 .text.tud_descriptor_string_cb
                0x0000000010006f94       0x74 CMakeFiles/carrier_receiver_baseband.dir/home/arshavin/uu/master/WCNES_PROJ/pico-sdk/src/rp2_common/pico_stdio_usb/stdio_usb_descriptors.c.o
                0x0000000010006f94                tud_descriptor_string_cb
 .text.startup._retrieve_unique_id_on_boot
                0x0000000010007008       0x10 CMakeFiles/carrier_receiver_baseband.dir/home/arshavin/uu/master/WCNES_PROJ/pico-sdk/src/rp2_common/pico_unique_id/unique_id.c.o
 .text.pico_get_unique_board_id_string
                0x0000000010007018      0x1a8 CMakeFiles/carrier_receiver_baseband.dir/home/arshavin/uu/master/WCNES_PROJ/pico-sdk/src/rp2_common/pico_unique_id/unique_id.c.o
                0x0000000010007018                pico_get_unique_board_id_string
 .text.flash_get_unique_id
                0x00000000100071c0       0x40 CMakeFiles/carrier_receiver_baseband.dir/home/arshavin/uu/master/WCNES_PROJ/pico-sdk/src/rp2_common/hardware_flash/flash.c.o
                0x00000000100071c0                flash_get_unique_id
 .text.dcd_init
                0x0000000010007200       0x90 CMakeFiles/carrier_receiver_baseband.dir/home/arshavin/uu/master/WCNES_PROJ/pico-sdk/lib/tinyusb/src/portable/raspberrypi/rp2040/dcd_rp2040.c.o
                0x0000000010007200                dcd_init
 .text.dcd_int_enable
                0x0000000010007290        0xc CMakeFiles/carrier_receiver_baseband.dir/home/arshavin/uu/master/WCNES_PROJ/pico-sdk/lib/tinyusb/src/portable/raspberrypi/rp2040/dcd_rp2040.c.o
                0x0000000010007290                dcd_int_enable
 .text.dcd_set_address
                0x000000001000729c       0x14 CMakeFiles/carrier_receiver_baseband.dir/home/arshavin/uu/master/WCNES_PROJ/pico-sdk/lib/tinyusb/src/portable/raspberrypi/rp2040/dcd_rp2040.c.o
                0x000000001000729c                dcd_set_address
 .text.dcd_sof_enable
                0x00000000100072b0       0x1c CMakeFiles/carrier_receiver_baseband.dir/home/arshavin/uu/master/WCNES_PROJ/pico-sdk/lib/tinyusb/src/portable/raspberrypi/rp2040/dcd_rp2040.c.o
                0x00000000100072b0                dcd_sof_enable
 .text.dcd_edpt0_status_complete
                0x00000000100072cc       0x1c CMakeFiles/carrier_receiver_baseband.dir/home/arshavin/uu/master/WCNES_PROJ/pico-sdk/lib/tinyusb/src/portable/raspberrypi/rp2040/dcd_rp2040.c.o
                0x00000000100072cc                dcd_edpt0_status_complete
 .text.dcd_edpt_open
                0x00000000100072e8      0x114 CMakeFiles/carrier_receiver_baseband.dir/home/arshavin/uu/master/WCNES_PROJ/pico-sdk/lib/tinyusb/src/portable/raspberrypi/rp2040/dcd_rp2040.c.o
                0x00000000100072e8                dcd_edpt_open
 .text.dcd_edpt_close_all
                0x00000000100073fc        0x8 CMakeFiles/carrier_receiver_baseband.dir/home/arshavin/uu/master/WCNES_PROJ/pico-sdk/lib/tinyusb/src/portable/raspberrypi/rp2040/dcd_rp2040.c.o
                0x00000000100073fc                dcd_edpt_close_all
 .text.dcd_edpt_xfer
                0x0000000010007404       0x24 CMakeFiles/carrier_receiver_baseband.dir/home/arshavin/uu/master/WCNES_PROJ/pico-sdk/lib/tinyusb/src/portable/raspberrypi/rp2040/dcd_rp2040.c.o
                0x0000000010007404                dcd_edpt_xfer
 .text.dcd_edpt_stall
                0x0000000010007428       0x38 CMakeFiles/carrier_receiver_baseband.dir/home/arshavin/uu/master/WCNES_PROJ/pico-sdk/lib/tinyusb/src/portable/raspberrypi/rp2040/dcd_rp2040.c.o
                0x0000000010007428                dcd_edpt_stall
 .text.dcd_edpt_clear_stall
                0x0000000010007460       0x30 CMakeFiles/carrier_receiver_baseband.dir/home/arshavin/uu/master/WCNES_PROJ/pico-sdk/lib/tinyusb/src/portable/raspberrypi/rp2040/dcd_rp2040.c.o
                0x0000000010007460                dcd_edpt_clear_stall
 .text.rp2040_usb_init
                0x0000000010007490       0x40 CMakeFiles/carrier_receiver_baseband.dir/home/arshavin/uu/master/WCNES_PROJ/pico-sdk/lib/tinyusb/src/portable/raspberrypi/rp2040/rp2040_usb.c.o
                0x0000000010007490                rp2040_usb_init
 .text.hw_endpoint_xfer_start
                0x00000000100074d0       0x50 CMakeFiles/carrier_receiver_baseband.dir/home/arshavin/uu/master/WCNES_PROJ/pico-sdk/lib/tinyusb/src/portable/raspberrypi/rp2040/rp2040_usb.c.o
                0x00000000100074d0                hw_endpoint_xfer_start
 .text.tud_event_hook_cb
                0x0000000010007520        0x4 CMakeFiles/carrier_receiver_baseband.dir/home/arshavin/uu/master/WCNES_PROJ/pico-sdk/lib/tinyusb/src/device/usbd.c.o
                0x0000000010007520                tud_event_hook_cb
 .text.tud_sof_cb
                0x0000000010007524        0x4 CMakeFiles/carrier_receiver_baseband.dir/home/arshavin/uu/master/WCNES_PROJ/pico-sdk/lib/tinyusb/src/device/usbd.c.o
                0x0000000010007524                tud_sof_cb
 .text.tud_descriptor_device_qualifier_cb
                0x0000000010007528        0x4 CMakeFiles/carrier_receiver_baseband.dir/home/arshavin/uu/master/WCNES_PROJ/pico-sdk/lib/tinyusb/src/device/usbd.c.o
                0x0000000010007528                tud_descriptor_device_qualifier_cb
 .text.tud_descriptor_other_speed_configuration_cb
                0x000000001000752c        0x4 CMakeFiles/carrier_receiver_baseband.dir/home/arshavin/uu/master/WCNES_PROJ/pico-sdk/lib/tinyusb/src/device/usbd.c.o
                0x000000001000752c                tud_descriptor_other_speed_configuration_cb
 .text.tud_mount_cb
                0x0000000010007530        0x4 CMakeFiles/carrier_receiver_baseband.dir/home/arshavin/uu/master/WCNES_PROJ/pico-sdk/lib/tinyusb/src/device/usbd.c.o
                0x0000000010007530                tud_mount_cb
 .text.tud_umount_cb
                0x0000000010007534        0x4 CMakeFiles/carrier_receiver_baseband.dir/home/arshavin/uu/master/WCNES_PROJ/pico-sdk/lib/tinyusb/src/device/usbd.c.o
                0x0000000010007534                tud_umount_cb
 .text.tud_suspend_cb
                0x0000000010007538        0x4 CMakeFiles/carrier_receiver_baseband.dir/home/arshavin/uu/master/WCNES_PROJ/pico-sdk/lib/tinyusb/src/device/usbd.c.o
                0x0000000010007538                tud_suspend_cb
 .text.tud_resume_cb
                0x000000001000753c        0x4 CMakeFiles/carrier_receiver_baseband.dir/home/arshavin/uu/master/WCNES_PROJ/pico-sdk/lib/tinyusb/src/device/usbd.c.o
                0x000000001000753c                tud_resume_cb
 .text.tud_mounted
                0x0000000010007540       0x10 CMakeFiles/carrier_receiver_baseband.dir/home/arshavin/uu/master/WCNES_PROJ/pico-sdk/lib/tinyusb/src/device/usbd.c.o
                0x0000000010007540                tud_mounted
 .text.tud_suspended
                0x0000000010007550       0x10 CMakeFiles/carrier_receiver_baseband.dir/home/arshavin/uu/master/WCNES_PROJ/pico-sdk/lib/tinyusb/src/device/usbd.c.o
                0x0000000010007550                tud_suspended
 .text.tud_rhport_init
                0x0000000010007560       0xf4 CMakeFiles/carrier_receiver_baseband.dir/home/arshavin/uu/master/WCNES_PROJ/pico-sdk/lib/tinyusb/src/device/usbd.c.o
                0x0000000010007560                tud_rhport_init
 .text.tud_task_ext
                0x0000000010007654      0x800 CMakeFiles/carrier_receiver_baseband.dir/home/arshavin/uu/master/WCNES_PROJ/pico-sdk/lib/tinyusb/src/device/usbd.c.o
                0x0000000010007654                tud_task_ext
 .text.usbd_open_edpt_pair
                0x0000000010007e54       0x9c CMakeFiles/carrier_receiver_baseband.dir/home/arshavin/uu/master/WCNES_PROJ/pico-sdk/lib/tinyusb/src/device/usbd.c.o
                0x0000000010007e54                usbd_open_edpt_pair
 .text.usbd_edpt_open
                0x0000000010007ef0       0x34 CMakeFiles/carrier_receiver_baseband.dir/home/arshavin/uu/master/WCNES_PROJ/pico-sdk/lib/tinyusb/src/device/usbd.c.o
                0x0000000010007ef0                usbd_edpt_open
 .text.usbd_edpt_claim
                0x0000000010007f24       0x28 CMakeFiles/carrier_receiver_baseband.dir/home/arshavin/uu/master/WCNES_PROJ/pico-sdk/lib/tinyusb/src/device/usbd.c.o
                0x0000000010007f24                usbd_edpt_claim
 .text.usbd_edpt_release
                0x0000000010007f4c       0x28 CMakeFiles/carrier_receiver_baseband.dir/home/arshavin/uu/master/WCNES_PROJ/pico-sdk/lib/tinyusb/src/device/usbd.c.o
                0x0000000010007f4c                usbd_edpt_release
 .text.usbd_edpt_xfer
                0x0000000010007f74       0x4c CMakeFiles/carrier_receiver_baseband.dir/home/arshavin/uu/master/WCNES_PROJ/pico-sdk/lib/tinyusb/src/device/usbd.c.o
                0x0000000010007f74                usbd_edpt_xfer
 .text.tud_control_status
                0x0000000010007fc0       0x30 CMakeFiles/carrier_receiver_baseband.dir/home/arshavin/uu/master/WCNES_PROJ/pico-sdk/lib/tinyusb/src/device/usbd_control.c.o
                0x0000000010007fc0                tud_control_status
 .text.tud_control_xfer
                0x0000000010007ff0       0xbc CMakeFiles/carrier_receiver_baseband.dir/home/arshavin/uu/master/WCNES_PROJ/pico-sdk/lib/tinyusb/src/device/usbd_control.c.o
                0x0000000010007ff0                tud_control_xfer
 .text.usbd_control_reset
                0x00000000100080ac       0x14 CMakeFiles/carrier_receiver_baseband.dir/home/arshavin/uu/master/WCNES_PROJ/pico-sdk/lib/tinyusb/src/device/usbd_control.c.o
                0x00000000100080ac                usbd_control_reset
 .text.usbd_control_set_complete_callback
                0x00000000100080c0        0xc CMakeFiles/carrier_receiver_baseband.dir/home/arshavin/uu/master/WCNES_PROJ/pico-sdk/lib/tinyusb/src/device/usbd_control.c.o
                0x00000000100080c0                usbd_control_set_complete_callback
 .text.usbd_control_set_request
                0x00000000100080cc       0x1c CMakeFiles/carrier_receiver_baseband.dir/home/arshavin/uu/master/WCNES_PROJ/pico-sdk/lib/tinyusb/src/device/usbd_control.c.o
                0x00000000100080cc                usbd_control_set_request
 .text.usbd_control_xfer_cb
                0x00000000100080e8       0xf0 CMakeFiles/carrier_receiver_baseband.dir/home/arshavin/uu/master/WCNES_PROJ/pico-sdk/lib/tinyusb/src/device/usbd_control.c.o
                0x00000000100080e8                usbd_control_xfer_cb
 .text._prep_out_transaction.isra.0
                0x00000000100081d8       0x6c CMakeFiles/carrier_receiver_baseband.dir/home/arshavin/uu/master/WCNES_PROJ/pico-sdk/lib/tinyusb/src/class/cdc/cdc_device.c.o
 .text.tud_cdc_n_connected
                0x0000000010008244       0x2c CMakeFiles/carrier_receiver_baseband.dir/home/arshavin/uu/master/WCNES_PROJ/pico-sdk/lib/tinyusb/src/class/cdc/cdc_device.c.o
                0x0000000010008244                tud_cdc_n_connected
 .text.tud_cdc_n_available
                0x0000000010008270       0x18 CMakeFiles/carrier_receiver_baseband.dir/home/arshavin/uu/master/WCNES_PROJ/pico-sdk/lib/tinyusb/src/class/cdc/cdc_device.c.o
                0x0000000010008270                tud_cdc_n_available
 .text.tud_cdc_n_read
                0x0000000010008288       0x94 CMakeFiles/carrier_receiver_baseband.dir/home/arshavin/uu/master/WCNES_PROJ/pico-sdk/lib/tinyusb/src/class/cdc/cdc_device.c.o
                0x0000000010008288                tud_cdc_n_read
 .text.tud_cdc_n_write_flush
                0x000000001000831c       0x78 CMakeFiles/carrier_receiver_baseband.dir/home/arshavin/uu/master/WCNES_PROJ/pico-sdk/lib/tinyusb/src/class/cdc/cdc_device.c.o
                0x000000001000831c                tud_cdc_n_write_flush
 .text.tud_cdc_n_write
                0x0000000010008394       0x44 CMakeFiles/carrier_receiver_baseband.dir/home/arshavin/uu/master/WCNES_PROJ/pico-sdk/lib/tinyusb/src/class/cdc/cdc_device.c.o
                0x0000000010008394                tud_cdc_n_write
 .text.tud_cdc_n_write_available
                0x00000000100083d8       0x18 CMakeFiles/carrier_receiver_baseband.dir/home/arshavin/uu/master/WCNES_PROJ/pico-sdk/lib/tinyusb/src/class/cdc/cdc_device.c.o
                0x00000000100083d8                tud_cdc_n_write_available
 .text.cdcd_init
                0x00000000100083f0       0x70 CMakeFiles/carrier_receiver_baseband.dir/home/arshavin/uu/master/WCNES_PROJ/pico-sdk/lib/tinyusb/src/class/cdc/cdc_device.c.o
                0x00000000100083f0                cdcd_init
 .text.cdcd_deinit
                0x0000000010008460       0x24 CMakeFiles/carrier_receiver_baseband.dir/home/arshavin/uu/master/WCNES_PROJ/pico-sdk/lib/tinyusb/src/class/cdc/cdc_device.c.o
                0x0000000010008460                cdcd_deinit
 .text.cdcd_reset
                0x0000000010008484       0x4c CMakeFiles/carrier_receiver_baseband.dir/home/arshavin/uu/master/WCNES_PROJ/pico-sdk/lib/tinyusb/src/class/cdc/cdc_device.c.o
                0x0000000010008484                cdcd_reset
 .text.cdcd_open
                0x00000000100084d0       0xa8 CMakeFiles/carrier_receiver_baseband.dir/home/arshavin/uu/master/WCNES_PROJ/pico-sdk/lib/tinyusb/src/class/cdc/cdc_device.c.o
                0x00000000100084d0                cdcd_open
 .text.cdcd_control_xfer_cb
                0x0000000010008578       0xe8 CMakeFiles/carrier_receiver_baseband.dir/home/arshavin/uu/master/WCNES_PROJ/pico-sdk/lib/tinyusb/src/class/cdc/cdc_device.c.o
                0x0000000010008578                cdcd_control_xfer_cb
 .text.cdcd_xfer_cb
                0x0000000010008660       0xfc CMakeFiles/carrier_receiver_baseband.dir/home/arshavin/uu/master/WCNES_PROJ/pico-sdk/lib/tinyusb/src/class/cdc/cdc_device.c.o
                0x0000000010008660                cdcd_xfer_cb
 .text.vendord_init
                0x000000001000875c       0x5c CMakeFiles/carrier_receiver_baseband.dir/home/arshavin/uu/master/WCNES_PROJ/pico-sdk/lib/tinyusb/src/class/vendor/vendor_device.c.o
                0x000000001000875c                vendord_init
 .text.vendord_deinit
                0x00000000100087b8       0x1c CMakeFiles/carrier_receiver_baseband.dir/home/arshavin/uu/master/WCNES_PROJ/pico-sdk/lib/tinyusb/src/class/vendor/vendor_device.c.o
                0x00000000100087b8                vendord_deinit
 .text.vendord_reset
                0x00000000100087d4       0x28 CMakeFiles/carrier_receiver_baseband.dir/home/arshavin/uu/master/WCNES_PROJ/pico-sdk/lib/tinyusb/src/class/vendor/vendor_device.c.o
                0x00000000100087d4                vendord_reset
 .text.vendord_open
                0x00000000100087fc      0x128 CMakeFiles/carrier_receiver_baseband.dir/home/arshavin/uu/master/WCNES_PROJ/pico-sdk/lib/tinyusb/src/class/vendor/vendor_device.c.o
                0x00000000100087fc                vendord_open
 .text.vendord_xfer_cb
                0x0000000010008924       0x9c CMakeFiles/carrier_receiver_baseband.dir/home/arshavin/uu/master/WCNES_PROJ/pico-sdk/lib/tinyusb/src/class/vendor/vendor_device.c.o
                0x0000000010008924                vendord_xfer_cb
 .text.tusb_rhport_init
                0x00000000100089c0       0x48 CMakeFiles/carrier_receiver_baseband.dir/home/arshavin/uu/master/WCNES_PROJ/pico-sdk/lib/tinyusb/src/tusb.c.o
                0x00000000100089c0                tusb_rhport_init
 .text.tu_edpt_claim
                0x0000000010008a08       0x50 CMakeFiles/carrier_receiver_baseband.dir/home/arshavin/uu/master/WCNES_PROJ/pico-sdk/lib/tinyusb/src/tusb.c.o
                0x0000000010008a08                tu_edpt_claim
 .text.tu_edpt_release
                0x0000000010008a58       0x38 CMakeFiles/carrier_receiver_baseband.dir/home/arshavin/uu/master/WCNES_PROJ/pico-sdk/lib/tinyusb/src/tusb.c.o
                0x0000000010008a58                tu_edpt_release
 .text.tu_edpt_validate
                0x0000000010008a90       0x78 CMakeFiles/carrier_receiver_baseband.dir/home/arshavin/uu/master/WCNES_PROJ/pico-sdk/lib/tinyusb/src/tusb.c.o
                0x0000000010008a90                tu_edpt_validate
 .text.tu_edpt_bind_driver
                0x0000000010008b08       0x34 CMakeFiles/carrier_receiver_baseband.dir/home/arshavin/uu/master/WCNES_PROJ/pico-sdk/lib/tinyusb/src/tusb.c.o
                0x0000000010008b08                tu_edpt_bind_driver
 .text.tu_edpt_stream_init
                0x0000000010008b3c       0x6c CMakeFiles/carrier_receiver_baseband.dir/home/arshavin/uu/master/WCNES_PROJ/pico-sdk/lib/tinyusb/src/tusb.c.o
                0x0000000010008b3c                tu_edpt_stream_init
 .text.tu_edpt_stream_deinit
                0x0000000010008ba8        0x4 CMakeFiles/carrier_receiver_baseband.dir/home/arshavin/uu/master/WCNES_PROJ/pico-sdk/lib/tinyusb/src/tusb.c.o
                0x0000000010008ba8                tu_edpt_stream_deinit
 .text.tu_edpt_stream_write_zlp_if_needed
                0x0000000010008bac       0x58 CMakeFiles/carrier_receiver_baseband.dir/home/arshavin/uu/master/WCNES_PROJ/pico-sdk/lib/tinyusb/src/tusb.c.o
                0x0000000010008bac                tu_edpt_stream_write_zlp_if_needed
 .text.tu_edpt_stream_write_xfer
                0x0000000010008c04       0x64 CMakeFiles/carrier_receiver_baseband.dir/home/arshavin/uu/master/WCNES_PROJ/pico-sdk/lib/tinyusb/src/tusb.c.o
                0x0000000010008c04                tu_edpt_stream_write_xfer
 .text.tu_edpt_stream_read_xfer
                0x0000000010008c68       0xdc CMakeFiles/carrier_receiver_baseband.dir/home/arshavin/uu/master/WCNES_PROJ/pico-sdk/lib/tinyusb/src/tusb.c.o
                0x0000000010008c68                tu_edpt_stream_read_xfer
 .text.tu_fifo_config
                0x0000000010008d44       0x70 CMakeFiles/carrier_receiver_baseband.dir/home/arshavin/uu/master/WCNES_PROJ/pico-sdk/lib/tinyusb/src/common/tusb_fifo.c.o
                0x0000000010008d44                tu_fifo_config
 .text.tu_fifo_count
                0x0000000010008db4       0x2c CMakeFiles/carrier_receiver_baseband.dir/home/arshavin/uu/master/WCNES_PROJ/pico-sdk/lib/tinyusb/src/common/tusb_fifo.c.o
                0x0000000010008db4                tu_fifo_count
 .text.tu_fifo_empty
                0x0000000010008de0       0x10 CMakeFiles/carrier_receiver_baseband.dir/home/arshavin/uu/master/WCNES_PROJ/pico-sdk/lib/tinyusb/src/common/tusb_fifo.c.o
                0x0000000010008de0                tu_fifo_empty
 .text.tu_fifo_remaining
                0x0000000010008df0       0x2c CMakeFiles/carrier_receiver_baseband.dir/home/arshavin/uu/master/WCNES_PROJ/pico-sdk/lib/tinyusb/src/common/tusb_fifo.c.o
                0x0000000010008df0                tu_fifo_remaining
 .text.tu_fifo_read
                0x0000000010008e1c       0xa0 CMakeFiles/carrier_receiver_baseband.dir/home/arshavin/uu/master/WCNES_PROJ/pico-sdk/lib/tinyusb/src/common/tusb_fifo.c.o
                0x0000000010008e1c                tu_fifo_read
 .text.tu_fifo_read_n
                0x0000000010008ebc       0xec CMakeFiles/carrier_receiver_baseband.dir/home/arshavin/uu/master/WCNES_PROJ/pico-sdk/lib/tinyusb/src/common/tusb_fifo.c.o
                0x0000000010008ebc                tu_fifo_read_n
 .text.tu_fifo_write
                0x0000000010008fa8       0x88 CMakeFiles/carrier_receiver_baseband.dir/home/arshavin/uu/master/WCNES_PROJ/pico-sdk/lib/tinyusb/src/common/tusb_fifo.c.o
                0x0000000010008fa8                tu_fifo_write
 .text.tu_fifo_write_n
                0x0000000010009030      0x168 CMakeFiles/carrier_receiver_baseband.dir/home/arshavin/uu/master/WCNES_PROJ/pico-sdk/lib/tinyusb/src/common/tusb_fifo.c.o
                0x0000000010009030                tu_fifo_write_n
 .text.tu_fifo_clear
                0x0000000010009198       0x40 CMakeFiles/carrier_receiver_baseband.dir/home/arshavin/uu/master/WCNES_PROJ/pico-sdk/lib/tinyusb/src/common/tusb_fifo.c.o
                0x0000000010009198                tu_fifo_clear
 .text.tu_fifo_set_overwritable
                0x00000000100091d8       0x48 CMakeFiles/carrier_receiver_baseband.dir/home/arshavin/uu/master/WCNES_PROJ/pico-sdk/lib/tinyusb/src/common/tusb_fifo.c.o
                0x00000000100091d8                tu_fifo_set_overwritable
 .text.pio_add_program_at_offset
                0x0000000010009220       0xa8 CMakeFiles/carrier_receiver_baseband.dir/home/arshavin/uu/master/WCNES_PROJ/pico-sdk/src/rp2_common/hardware_pio/pio.c.o
                0x0000000010009220                pio_add_program_at_offset
 .text.pio_sm_set_consecutive_pindirs
                0x00000000100092c8       0xbc CMakeFiles/carrier_receiver_baseband.dir/home/arshavin/uu/master/WCNES_PROJ/pico-sdk/src/rp2_common/hardware_pio/pio.c.o
                0x00000000100092c8                pio_sm_set_consecutive_pindirs
 .text.pio_sm_init
                0x0000000010009384       0x94 CMakeFiles/carrier_receiver_baseband.dir/home/arshavin/uu/master/WCNES_PROJ/pico-sdk/src/rp2_common/hardware_pio/pio.c.o
                0x0000000010009384                pio_sm_init
 .text.spi_init
                0x0000000010009418      0x134 CMakeFiles/carrier_receiver_baseband.dir/home/arshavin/uu/master/WCNES_PROJ/pico-sdk/src/rp2_common/hardware_spi/spi.c.o
                0x0000000010009418                spi_init
 .text          0x000000001000954c       0x18 /usr/lib/gcc/arm-none-eabi/10.3.1/../../../arm-none-eabi/lib/thumb/v6-m/nofp/libg.a(lib_a-calloc.o)
                0x000000001000954c                calloc
 .text          0x0000000010009564       0x5c /usr/lib/gcc/arm-none-eabi/10.3.1/../../../arm-none-eabi/lib/thumb/v6-m/nofp/libg.a(lib_a-callocr.o)
                0x0000000010009564                _calloc_r
 .text          0x00000000100095c0      0x574 /usr/lib/gcc/arm-none-eabi/10.3.1/../../../arm-none-eabi/lib/thumb/v6-m/nofp/libg.a(lib_a-mallocr.o)
                0x00000000100095c0                _malloc_r
 .text          0x0000000010009b34        0x8 /usr/lib/gcc/arm-none-eabi/10.3.1/../../../arm-none-eabi/lib/thumb/v6-m/nofp/libg.a(lib_a-mlock.o)
                0x0000000010009b34                __malloc_lock
                0x0000000010009b38                __malloc_unlock
 .text          0x0000000010009b3c       0x24 /usr/lib/gcc/arm-none-eabi/10.3.1/../../../arm-none-eabi/lib/thumb/v6-m/nofp/libg.a(lib_a-sbrkr.o)
                0x0000000010009b3c                _sbrk_r
 .text          0x0000000010009b60       0x5c /usr/lib/gcc/arm-none-eabi/10.3.1/../../../arm-none-eabi/lib/thumb/v6-m/nofp/libg.a(lib_a-strlen-stub.o)
                0x0000000010009b60                strlen
 .text          0x0000000010009bbc      0x260 /usr/lib/gcc/arm-none-eabi/10.3.1/../../../arm-none-eabi/lib/thumb/v6-m/nofp/libg.a(lib_a-freer.o)
                0x0000000010009bbc                _malloc_trim_r
                0x0000000010009c58                _free_r
 *(.fini)
 .fini          0x0000000010009e1c        0x4 /usr/lib/gcc/arm-none-eabi/10.3.1/thumb/v6-m/nofp/crti.o
                0x0000000010009e1c                _fini
 .fini.__stub   0x0000000010009e20       0xf0 linker stubs
 *crtbegin.o(.ctors)
 *crtbegin?.o(.ctors)
 *(EXCLUDE_FILE(*crtend.o *crtend?.o) .ctors)
 *(SORT_BY_NAME(.ctors.*))
 *(.ctors)
 *crtbegin.o(.dtors)
 *crtbegin?.o(.dtors)
 *(EXCLUDE_FILE(*crtend.o *crtend?.o) .dtors)
 *(SORT_BY_NAME(.dtors.*))
 *(.dtors)
                0x0000000010009f10                . = ALIGN (0x4)
                0x0000000010009f10                PROVIDE (__preinit_array_start = .)
 *(SORT_BY_NAME(.preinit_array.*))
 .preinit_array.00100
                0x0000000010009f10        0x4 CMakeFiles/carrier_receiver_baseband.dir/home/arshavin/uu/master/WCNES_PROJ/pico-sdk/src/rp2_common/pico_runtime_init/runtime_init.c.o
                0x0000000010009f10                __pre_init_runtime_init_early_resets
 .preinit_array.00101
                0x0000000010009f14        0x4 CMakeFiles/carrier_receiver_baseband.dir/home/arshavin/uu/master/WCNES_PROJ/pico-sdk/src/rp2_common/pico_runtime_init/runtime_init.c.o
                0x0000000010009f14                __pre_init_runtime_init_usb_power_down
 .preinit_array.00275
                0x0000000010009f18        0x4 CMakeFiles/carrier_receiver_baseband.dir/home/arshavin/uu/master/WCNES_PROJ/pico-sdk/src/rp2_common/pico_bit_ops/bit_ops_aeabi.S.o
 .preinit_array.00300
                0x0000000010009f1c        0x4 CMakeFiles/carrier_receiver_baseband.dir/home/arshavin/uu/master/WCNES_PROJ/pico-sdk/src/rp2_common/pico_mem_ops/mem_ops_aeabi.S.o
 .preinit_array.00350
                0x0000000010009f20        0x4 CMakeFiles/carrier_receiver_baseband.dir/home/arshavin/uu/master/WCNES_PROJ/pico-sdk/src/rp2_common/pico_double/double_aeabi_rp2040.S.o
 .preinit_array.00350
                0x0000000010009f24        0x4 CMakeFiles/carrier_receiver_baseband.dir/home/arshavin/uu/master/WCNES_PROJ/pico-sdk/src/rp2_common/pico_float/float_aeabi_rp2040.S.o
 .preinit_array.00500
                0x0000000010009f28        0x4 CMakeFiles/carrier_receiver_baseband.dir/home/arshavin/uu/master/WCNES_PROJ/pico-sdk/src/rp2_common/pico_runtime_init/runtime_init.c.o
                0x0000000010009f28                __pre_init_runtime_init_clocks
 .preinit_array.00600
                0x0000000010009f2c        0x4 CMakeFiles/carrier_receiver_baseband.dir/home/arshavin/uu/master/WCNES_PROJ/pico-sdk/src/rp2_common/pico_runtime_init/runtime_init.c.o
                0x0000000010009f2c                __pre_init_runtime_init_post_clock_resets
 .preinit_array.00700
                0x0000000010009f30        0x4 CMakeFiles/carrier_receiver_baseband.dir/home/arshavin/uu/master/WCNES_PROJ/pico-sdk/src/rp2_common/pico_runtime_init/runtime_init.c.o
                0x0000000010009f30                __pre_init_runtime_init_rp2040_gpio_ie_disable
 .preinit_array.01000
                0x0000000010009f34        0x4 CMakeFiles/carrier_receiver_baseband.dir/home/arshavin/uu/master/WCNES_PROJ/pico-sdk/src/rp2_common/pico_runtime_init/runtime_init.c.o
                0x0000000010009f34                __pre_init_runtime_init_spin_locks_reset
 .preinit_array.01100
                0x0000000010009f38        0x4 CMakeFiles/carrier_receiver_baseband.dir/home/arshavin/uu/master/WCNES_PROJ/pico-sdk/src/common/pico_sync/mutex.c.o
                0x0000000010009f38                __pre_init_runtime_init_mutex
 .preinit_array.10080
                0x0000000010009f3c        0x4 CMakeFiles/carrier_receiver_baseband.dir/home/arshavin/uu/master/WCNES_PROJ/pico-sdk/src/rp2_common/pico_runtime_init/runtime_init.c.o
                0x0000000010009f3c                __pre_init_runtime_init_install_ram_vector_table
 .preinit_array.11000
                0x0000000010009f40        0x4 CMakeFiles/carrier_receiver_baseband.dir/home/arshavin/uu/master/WCNES_PROJ/pico-sdk/src/common/pico_time/time.c.o
                0x0000000010009f40                __pre_init_runtime_init_default_alarm_pool
 .preinit_array.YYYYY
                0x0000000010009f44        0x4 CMakeFiles/carrier_receiver_baseband.dir/home/arshavin/uu/master/WCNES_PROJ/pico-sdk/src/rp2_common/pico_runtime/runtime.c.o
                0x0000000010009f44                __pre_init_first_per_core_initializer
 .preinit_array.ZZZZZ.01200
                0x0000000010009f48        0x4 CMakeFiles/carrier_receiver_baseband.dir/home/arshavin/uu/master/WCNES_PROJ/pico-sdk/src/rp2_common/hardware_irq/irq.c.o
                0x0000000010009f48                __pre_init_runtime_init_per_core_irq_priorities
 *(.preinit_array)
                0x0000000010009f4c                PROVIDE (__preinit_array_end = .)
                0x0000000010009f4c                . = ALIGN (0x4)
                0x0000000010009f4c                PROVIDE (__init_array_start = .)
 *(SORT_BY_NAME(.init_array.*))
 *(.init_array)
 .init_array    0x0000000010009f4c        0x4 /usr/lib/gcc/arm-none-eabi/10.3.1/thumb/v6-m/nofp/crtbegin.o
 .init_array    0x0000000010009f50        0x4 CMakeFiles/carrier_receiver_baseband.dir/home/arshavin/uu/master/WCNES_PROJ/pico-sdk/src/rp2_common/pico_unique_id/unique_id.c.o
                0x0000000010009f54                PROVIDE (__init_array_end = .)
                0x0000000010009f54                . = ALIGN (0x4)
                0x0000000010009f54                PROVIDE (__fini_array_start = .)
 *(SORT_BY_NAME(.fini_array.*))
 *(.fini_array)
                0x0000000010009f54                PROVIDE (__fini_array_end = .)
 *(.eh_frame*)
 .eh_frame      0x0000000010009f54        0x0 /usr/lib/gcc/arm-none-eabi/10.3.1/thumb/v6-m/nofp/crtbegin.o
                0x0000000010009f54                . = ALIGN (0x4)

.glue_7         0x0000000010009f54        0x0
 .glue_7        0x0000000010009f54        0x0 linker stubs

.glue_7t        0x0000000010009f54        0x0
 .glue_7t       0x0000000010009f54        0x0 linker stubs

.vfp11_veneer   0x0000000010009f54        0x0
 .vfp11_veneer  0x0000000010009f54        0x0 linker stubs

.v4_bx          0x0000000010009f54        0x0
 .v4_bx         0x0000000010009f54        0x0 linker stubs

.iplt           0x0000000010009f54        0x0
 .iplt          0x0000000010009f54        0x0 /usr/lib/gcc/arm-none-eabi/10.3.1/thumb/v6-m/nofp/crtbegin.o

.rodata         0x0000000010009f58      0xbc0
 *(EXCLUDE_FILE(*libm.a: *libc.a:*lib_a-mem*.o *libgcc.a:) .rodata*)
 .rodata.main.str1.4
                0x0000000010009f58       0x74 CMakeFiles/carrier_receiver_baseband.dir/main.c.o
 .rodata.str1.4
                0x0000000010009fcc       0x10 CMakeFiles/carrier_receiver_baseband.dir/main.c.o
 .rodata.__bi_57.0
                0x0000000010009fdc        0x8 CMakeFiles/carrier_receiver_baseband.dir/main.c.o
 .rodata.__bi_63.1
                0x0000000010009fe4        0xc CMakeFiles/carrier_receiver_baseband.dir/main.c.o
 .rodata.generate_data.str1.4
                0x0000000010009ff0       0x39 CMakeFiles/carrier_receiver_baseband.dir/home/arshavin/uu/master/WCNES_PROJ/wcnes-project2025/project_pico_libs/packet_generation.c.o
 *fill*         0x000000001000a029        0x3 
 .rodata.printPacket.str1.4
                0x000000001000a02c       0x6d CMakeFiles/carrier_receiver_baseband.dir/home/arshavin/uu/master/WCNES_PROJ/wcnes-project2025/project_pico_libs/receiver_CC2500.c.o
                                         0x7e (size before relaxing)
 *fill*         0x000000001000a099        0x3 
 .rodata.set_datarate_rx.str1.4
                0x000000001000a09c       0x1b CMakeFiles/carrier_receiver_baseband.dir/home/arshavin/uu/master/WCNES_PROJ/wcnes-project2025/project_pico_libs/receiver_CC2500.c.o
 *fill*         0x000000001000a0b7        0x1 
 .rodata.set_filter_bandwidth_rx.str1.4
                0x000000001000a0b8       0x17 CMakeFiles/carrier_receiver_baseband.dir/home/arshavin/uu/master/WCNES_PROJ/wcnes-project2025/project_pico_libs/receiver_CC2500.c.o
 *fill*         0x000000001000a0cf        0x1 
 .rodata.set_frequency_deviation_rx.str1.4
                0x000000001000a0d0       0x1a CMakeFiles/carrier_receiver_baseband.dir/home/arshavin/uu/master/WCNES_PROJ/wcnes-project2025/project_pico_libs/receiver_CC2500.c.o
 *fill*         0x000000001000a0ea        0x2 
 .rodata.set_frecuency_rx.str1.4
                0x000000001000a0ec       0x23 CMakeFiles/carrier_receiver_baseband.dir/home/arshavin/uu/master/WCNES_PROJ/wcnes-project2025/project_pico_libs/receiver_CC2500.c.o
 *fill*         0x000000001000a10f        0x1 
 .rodata.generatePIOprogram.str1.4
                0x000000001000a110      0x11d CMakeFiles/carrier_receiver_baseband.dir/home/arshavin/uu/master/WCNES_PROJ/wcnes-project2025/project_pico_libs/backscatter.c.o
 *fill*         0x000000001000a22d        0x3 
 .rodata.backscatter_program_init.str1.4
                0x000000001000a230      0x270 CMakeFiles/carrier_receiver_baseband.dir/home/arshavin/uu/master/WCNES_PROJ/wcnes-project2025/project_pico_libs/backscatter.c.o
 .rodata.panic.str1.4
                0x000000001000a4a0       0x10 CMakeFiles/carrier_receiver_baseband.dir/home/arshavin/uu/master/WCNES_PROJ/pico-sdk/src/rp2_common/pico_platform_panic/panic.c.o
                                         0x12 (size before relaxing)
 .rodata.spin_lock_claim_unused.str1.4
                0x000000001000a4b0       0x1b CMakeFiles/carrier_receiver_baseband.dir/home/arshavin/uu/master/WCNES_PROJ/pico-sdk/src/rp2_common/hardware_sync/sync.c.o
 *fill*         0x000000001000a4cb        0x1 
 .rodata.user_irq_claim_unused.str1.4
                0x000000001000a4cc       0x1b CMakeFiles/carrier_receiver_baseband.dir/home/arshavin/uu/master/WCNES_PROJ/pico-sdk/src/rp2_common/hardware_irq/irq.c.o
 *fill*         0x000000001000a4e7        0x1 
 .rodata.timer_hardware_alarm_claim.str1.4
                0x000000001000a4e8       0x22 CMakeFiles/carrier_receiver_baseband.dir/home/arshavin/uu/master/WCNES_PROJ/pico-sdk/src/rp2_common/hardware_timer/timer.c.o
 *fill*         0x000000001000a50a        0x2 
 .rodata.hard_assertion_failure.str1.4
                0x000000001000a50c        0xc CMakeFiles/carrier_receiver_baseband.dir/home/arshavin/uu/master/WCNES_PROJ/pico-sdk/src/rp2_common/pico_runtime/runtime.c.o
 .rodata.__wrap_malloc.str1.4
                0x000000001000a518        0xe CMakeFiles/carrier_receiver_baseband.dir/home/arshavin/uu/master/WCNES_PROJ/pico-sdk/src/rp2_common/pico_malloc/malloc.c.o
 *fill*         0x000000001000a526        0x2 
 .rodata.str1.4
                0x000000001000a528       0x50 CMakeFiles/carrier_receiver_baseband.dir/home/arshavin/uu/master/WCNES_PROJ/pico-sdk/src/rp2_common/pico_standard_binary_info/standard_binary_info.c.o
 .rodata.__bi_26
                0x000000001000a578        0xc CMakeFiles/carrier_receiver_baseband.dir/home/arshavin/uu/master/WCNES_PROJ/pico-sdk/src/rp2_common/pico_standard_binary_info/standard_binary_info.c.o
 .rodata.__bi_34
                0x000000001000a584        0xc CMakeFiles/carrier_receiver_baseband.dir/home/arshavin/uu/master/WCNES_PROJ/pico-sdk/src/rp2_common/pico_standard_binary_info/standard_binary_info.c.o
 .rodata.__bi_42
                0x000000001000a590        0xc CMakeFiles/carrier_receiver_baseband.dir/home/arshavin/uu/master/WCNES_PROJ/pico-sdk/src/rp2_common/pico_standard_binary_info/standard_binary_info.c.o
 .rodata.__bi_48
                0x000000001000a59c        0xc CMakeFiles/carrier_receiver_baseband.dir/home/arshavin/uu/master/WCNES_PROJ/pico-sdk/src/rp2_common/pico_standard_binary_info/standard_binary_info.c.o
 .rodata.__bi_54
                0x000000001000a5a8        0xc CMakeFiles/carrier_receiver_baseband.dir/home/arshavin/uu/master/WCNES_PROJ/pico-sdk/src/rp2_common/pico_standard_binary_info/standard_binary_info.c.o
 .rodata.__bi_78
                0x000000001000a5b4        0xc CMakeFiles/carrier_receiver_baseband.dir/home/arshavin/uu/master/WCNES_PROJ/pico-sdk/src/rp2_common/pico_standard_binary_info/standard_binary_info.c.o
 .rodata.__bi_84
                0x000000001000a5c0        0xc CMakeFiles/carrier_receiver_baseband.dir/home/arshavin/uu/master/WCNES_PROJ/pico-sdk/src/rp2_common/pico_standard_binary_info/standard_binary_info.c.o
 .rodata._ftoa.str1.4
                0x000000001000a5cc       0x15 CMakeFiles/carrier_receiver_baseband.dir/home/arshavin/uu/master/WCNES_PROJ/pico-sdk/src/rp2_common/pico_printf/printf.c.o
 *fill*         0x000000001000a5e1        0x3 
 .rodata._vsnprintf
                0x000000001000a5e4      0x1e0 CMakeFiles/carrier_receiver_baseband.dir/home/arshavin/uu/master/WCNES_PROJ/pico-sdk/src/rp2_common/pico_printf/printf.c.o
 *fill*         0x000000001000a7c4        0x4 
 .rodata.pow10.0
                0x000000001000a7c8       0x50 CMakeFiles/carrier_receiver_baseband.dir/home/arshavin/uu/master/WCNES_PROJ/pico-sdk/src/rp2_common/pico_printf/printf.c.o
 .rodata.crlf_str.0
                0x000000001000a818        0x2 CMakeFiles/carrier_receiver_baseband.dir/home/arshavin/uu/master/WCNES_PROJ/pico-sdk/src/rp2_common/pico_stdio/stdio.c.o
 *fill*         0x000000001000a81a        0x2 
 .rodata._resetd_driver
                0x000000001000a81c       0x20 CMakeFiles/carrier_receiver_baseband.dir/home/arshavin/uu/master/WCNES_PROJ/pico-sdk/src/rp2_common/pico_stdio_usb/reset_interface.c.o
 .rodata.desc_bos
                0x000000001000a83c       0x21 CMakeFiles/carrier_receiver_baseband.dir/home/arshavin/uu/master/WCNES_PROJ/pico-sdk/src/rp2_common/pico_stdio_usb/reset_interface.c.o
                0x000000001000a83c                desc_bos
 *fill*         0x000000001000a85d        0x3 
 .rodata.desc_ms_os_20
                0x000000001000a860       0xa6 CMakeFiles/carrier_receiver_baseband.dir/home/arshavin/uu/master/WCNES_PROJ/pico-sdk/src/rp2_common/pico_stdio_usb/reset_interface.c.o
 *fill*         0x000000001000a906        0x2 
 .rodata.str1.4
                0x000000001000a908       0x13 CMakeFiles/carrier_receiver_baseband.dir/home/arshavin/uu/master/WCNES_PROJ/pico-sdk/src/rp2_common/pico_stdio_usb/stdio_usb.c.o
 *fill*         0x000000001000a91b        0x1 
 .rodata.__bi_197.0
                0x000000001000a91c        0xc CMakeFiles/carrier_receiver_baseband.dir/home/arshavin/uu/master/WCNES_PROJ/pico-sdk/src/rp2_common/pico_stdio_usb/stdio_usb.c.o
 .rodata.str1.4
                0x000000001000a928       0x2a CMakeFiles/carrier_receiver_baseband.dir/home/arshavin/uu/master/WCNES_PROJ/pico-sdk/src/rp2_common/pico_stdio_usb/stdio_usb_descriptors.c.o
 *fill*         0x000000001000a952        0x2 
 .rodata.usbd_desc_cfg
                0x000000001000a954       0x54 CMakeFiles/carrier_receiver_baseband.dir/home/arshavin/uu/master/WCNES_PROJ/pico-sdk/src/rp2_common/pico_stdio_usb/stdio_usb_descriptors.c.o
 .rodata.usbd_desc_device
                0x000000001000a9a8       0x12 CMakeFiles/carrier_receiver_baseband.dir/home/arshavin/uu/master/WCNES_PROJ/pico-sdk/src/rp2_common/pico_stdio_usb/stdio_usb_descriptors.c.o
 *fill*         0x000000001000a9ba        0x2 
 .rodata.usbd_desc_str
                0x000000001000a9bc       0x18 CMakeFiles/carrier_receiver_baseband.dir/home/arshavin/uu/master/WCNES_PROJ/pico-sdk/src/rp2_common/pico_stdio_usb/stdio_usb_descriptors.c.o
 .rodata.str1.4
                0x000000001000a9d4       0x14 CMakeFiles/carrier_receiver_baseband.dir/home/arshavin/uu/master/WCNES_PROJ/pico-sdk/lib/tinyusb/src/portable/raspberrypi/rp2040/dcd_rp2040.c.o
 .rodata.str1.4
                0x000000001000a9e8       0x48 CMakeFiles/carrier_receiver_baseband.dir/home/arshavin/uu/master/WCNES_PROJ/pico-sdk/lib/tinyusb/src/portable/raspberrypi/rp2040/rp2040_usb.c.o
 .rodata.tud_task_ext
                0x000000001000aa30       0x8c CMakeFiles/carrier_receiver_baseband.dir/home/arshavin/uu/master/WCNES_PROJ/pico-sdk/lib/tinyusb/src/device/usbd.c.o
 .rodata        0x000000001000aabc       0x1c CMakeFiles/carrier_receiver_baseband.dir/home/arshavin/uu/master/WCNES_PROJ/pico-sdk/lib/tinyusb/src/device/usbd.c.o
 .rodata._usbd_driver
                0x000000001000aad8       0x40 CMakeFiles/carrier_receiver_baseband.dir/home/arshavin/uu/master/WCNES_PROJ/pico-sdk/lib/tinyusb/src/device/usbd.c.o
                0x000000001000ab18                . = ALIGN (0x4)
 *(SORT_BY_ALIGNMENT(SORT_BY_NAME(.flashdata*)))
                0x000000001000ab18                . = ALIGN (0x4)

.ARM.extab
 *(.ARM.extab* .gnu.linkonce.armextab.*)
                0x000000001000ab18                __exidx_start = .

.ARM.exidx
 *(.ARM.exidx* .gnu.linkonce.armexidx.*)
                0x000000001000ab18                __exidx_end = .
                0x000000001000ab18                . = ALIGN (0x4)
                0x000000001000ab18                __binary_info_start = .

.binary_info    0x000000001000ab18       0x28
 *(.binary_info.keep.*)
 .binary_info.keep.__bi_ptr57
                0x000000001000ab18        0x4 CMakeFiles/carrier_receiver_baseband.dir/main.c.o
 .binary_info.keep.__bi_ptr63
                0x000000001000ab1c        0x4 CMakeFiles/carrier_receiver_baseband.dir/main.c.o
 .binary_info.keep.__bi_ptr26